Component: ARM Compiler 5.06 update 6 (build 750) Tool: armlink [4d35ed]

==============================================================================

Section Cross References

    main.o(i.advertising_init) refers to memseta.o(.text) for __aeabi_memclr4
    main.o(i.advertising_init) refers to ble_advdata.o(i.ble_advdata_encode) for ble_advdata_encode
    main.o(i.advertising_init) refers to app_error.o(i.app_error_handler_bare) for app_error_handler_bare
    main.o(i.advertising_init) refers to main.o(.constdata) for .constdata
    main.o(i.advertising_init) refers to main.o(.bss) for .bss
    main.o(i.advertising_init) refers to main.o(.data) for .data
    main.o(i.advertising_start) refers to app_error.o(i.app_error_handler_bare) for app_error_handler_bare
    main.o(i.advertising_start) refers to boards.o(i.bsp_board_led_on) for bsp_board_led_on
    main.o(i.advertising_start) refers to main.o(.data) for .data
    main.o(i.assert_nrf_callback) refers to app_error_handler_keil.o(.emb_text) for app_error_handler
    main.o(i.ble_evt_handler) refers to nrf_log_frontend.o(i.nrf_log_frontend_std_0) for nrf_log_frontend_std_0
    main.o(i.ble_evt_handler) refers to boards.o(i.bsp_board_led_on) for bsp_board_led_on
    main.o(i.ble_evt_handler) refers to boards.o(i.bsp_board_led_off) for bsp_board_led_off
    main.o(i.ble_evt_handler) refers to nrf_ble_qwr.o(i.nrf_ble_qwr_conn_handle_assign) for nrf_ble_qwr_conn_handle_assign
    main.o(i.ble_evt_handler) refers to app_error.o(i.app_error_handler_bare) for app_error_handler_bare
    main.o(i.ble_evt_handler) refers to app_button.o(i.app_button_enable) for app_button_enable
    main.o(i.ble_evt_handler) refers to app_button.o(i.app_button_disable) for app_button_disable
    main.o(i.ble_evt_handler) refers to main.o(i.advertising_start) for advertising_start
    main.o(i.ble_evt_handler) refers to main.o(.data) for .data
    main.o(i.ble_evt_handler) refers to nrf_log_frontend.o(log_const_data) for m_nrf_log_app_logs_data_const
    main.o(i.ble_evt_handler) refers to main.o(.bss) for .bss
    main.o(i.button_event_handler) refers to nrf_log_frontend.o(i.nrf_log_frontend_std_0) for nrf_log_frontend_std_0
    main.o(i.button_event_handler) refers to ble_lbs.o(i.ble_lbs_on_button_change) for ble_lbs_on_button_change
    main.o(i.button_event_handler) refers to app_error.o(i.app_error_handler_bare) for app_error_handler_bare
    main.o(i.button_event_handler) refers to nrf_log_frontend.o(log_const_data) for m_nrf_log_app_logs_data_const
    main.o(i.button_event_handler) refers to main.o(.bss) for .bss
    main.o(i.button_event_handler) refers to main.o(.data) for .data
    main.o(i.conn_params_error_handler) refers to app_error.o(i.app_error_handler_bare) for app_error_handler_bare
    main.o(i.led_write_handler) refers to boards.o(i.bsp_board_led_on) for bsp_board_led_on
    main.o(i.led_write_handler) refers to boards.o(i.bsp_board_led_off) for bsp_board_led_off
    main.o(i.led_write_handler) refers to nrf_log_frontend.o(i.nrf_log_frontend_std_0) for nrf_log_frontend_std_0
    main.o(i.led_write_handler) refers to nrf_log_frontend.o(log_const_data) for m_nrf_log_app_logs_data_const
    main.o(i.main) refers to nrf_log_frontend.o(i.nrf_log_init) for nrf_log_init
    main.o(i.main) refers to app_error.o(i.app_error_handler_bare) for app_error_handler_bare
    main.o(i.main) refers to nrf_log_default_backends.o(i.nrf_log_default_backends_init) for nrf_log_default_backends_init
    main.o(i.main) refers to boards.o(i.bsp_board_init) for bsp_board_init
    main.o(i.main) refers to app_timer2.o(i.app_timer_init) for app_timer_init
    main.o(i.main) refers to app_button.o(i.app_button_init) for app_button_init
    main.o(i.main) refers to nrf_pwr_mgmt.o(i.nrf_pwr_mgmt_init) for nrf_pwr_mgmt_init
    main.o(i.main) refers to nrf_sdh.o(i.nrf_sdh_enable_request) for nrf_sdh_enable_request
    main.o(i.main) refers to nrf_sdh_ble.o(i.nrf_sdh_ble_default_cfg_set) for nrf_sdh_ble_default_cfg_set
    main.o(i.main) refers to nrf_sdh_ble.o(i.nrf_sdh_ble_enable) for nrf_sdh_ble_enable
    main.o(i.main) refers to nrf_ble_gatt.o(i.nrf_ble_gatt_init) for nrf_ble_gatt_init
    main.o(i.main) refers to nrf_ble_qwr.o(i.nrf_ble_qwr_init) for nrf_ble_qwr_init
    main.o(i.main) refers to ble_lbs.o(i.ble_lbs_init) for ble_lbs_init
    main.o(i.main) refers to main.o(i.advertising_init) for advertising_init
    main.o(i.main) refers to memseta.o(.text) for __aeabi_memclr4
    main.o(i.main) refers to ble_conn_params.o(i.ble_conn_params_init) for ble_conn_params_init
    main.o(i.main) refers to nrf_log_frontend.o(i.nrf_log_frontend_std_0) for nrf_log_frontend_std_0
    main.o(i.main) refers to main.o(i.advertising_start) for advertising_start
    main.o(i.main) refers to nrf_log_frontend.o(i.nrf_log_frontend_dequeue) for nrf_log_frontend_dequeue
    main.o(i.main) refers to nrf_pwr_mgmt.o(i.nrf_pwr_mgmt_run) for nrf_pwr_mgmt_run
[...]
    __tagsym$$used                           0x0002bb6c   Number         0  main.o(sdh_ble_observers2)
    m_qwr_obs                                0x0002bb6c   Data           8  main.o(sdh_ble_observers2)
    sdh_ble_observers3                       0x0002bb74   Section        8  main.o(sdh_ble_observers3)
    __tagsym$$used                           0x0002bb74   Number         0  main.o(sdh_ble_observers3)
    m_ble_observer                           0x0002bb74   Data           8  main.o(sdh_ble_observers3)
    sdh_soc_observers0                       0x0002bb7c   Section        8  nrf_drv_clock.o(sdh_soc_observers0)
    __tagsym$$used                           0x0002bb7c   Number         0  nrf_drv_clock.o(sdh_soc_observers0)
    m_soc_evt_observer                       0x0002bb7c   Data           8  nrf_drv_clock.o(sdh_soc_observers0)
    sdh_stack_observers0                     0x0002bb84   Section        8  nrf_sdh_ble.o(sdh_stack_observers0)
    __tagsym$$used                           0x0002bb84   Number         0  nrf_sdh_ble.o(sdh_stack_observers0)
    m_nrf_sdh_ble_evts_poll                  0x0002bb84   Data           8  nrf_sdh_ble.o(sdh_stack_observers0)
    sdh_stack_observers0                     0x0002bb8c   Section        8  nrf_sdh_soc.o(sdh_stack_observers0)
    __tagsym$$used                           0x0002bb8c   Number         0  nrf_sdh_soc.o(sdh_stack_observers0)
    m_nrf_sdh_soc_evts_poll                  0x0002bb8c   Data           8  nrf_sdh_soc.o(sdh_stack_observers0)
    sdh_state_observers0                     0x0002bb94   Section        8  nrf_drv_clock.o(sdh_state_observers0)
    __tagsym$$used                           0x0002bb94   Number         0  nrf_drv_clock.o(sdh_state_observers0)
    m_sd_state_observer                      0x0002bb94   Data           8  nrf_drv_clock.o(sdh_state_observers0)
    .data                                    0x200022f0   Section       28  main.o(.data)
    m_adv_handle                             0x200022f0   Data           1  main.o(.data)
    m_conn_handle                            0x200022f2   Data           2  main.o(.data)
    buttons                                  0x200022f4   Data           8  main.o(.data)
    m_adv_data                               0x200022fc   Data          16  main.o(.data)
    .data                                    0x2000230c   Section        8  ble_conn_params.o(.data)
    m_preferred_conn_params                  0x2000230c   Data           8  ble_conn_params.o(.data)
    .data                                    0x20002314   Section       12  nrf_drv_uart.o(.data)
    m_handlers                               0x20002318   Data           4  nrf_drv_uart.o(.data)
    m_contexts                               0x2000231c   Data           4  nrf_drv_uart.o(.data)
    .data                                    0x20002320   Section        8  nrfx_clock.o(.data)
    m_clock_cb                               0x20002320   Data           8  nrfx_clock.o(.data)
    .data                                    0x20002328   Section        8  nrfx_prs.o(.data)
    m_prs_box_4                              0x20002328   Data           8  nrfx_prs.o(.data)
    .data                                    0x20002330   Section       24  app_button.o(.data)
    m_button_count                           0x20002330   Data           1  app_button.o(.data)
    mp_buttons                               0x20002334   Data           4  app_button.o(.data)
    m_detection_delay                        0x20002338   Data           4  app_button.o(.data)
    m_pin_active                             0x20002340   Data           8  app_button.o(.data)
    .data                                    0x20002348   Section       32  app_timer2.o(.data)
    m_global_active                          0x20002348   Data           1  app_timer2.o(.data)
    mp_active_timer                          0x2000234c   Data           4  app_timer2.o(.data)
    m_rtc_inst                               0x20002350   Data           8  app_timer2.o(.data)
    m_base_counter                           0x20002358   Data           8  app_timer2.o(.data)
    m_stamp64                                0x20002360   Data           8  app_timer2.o(.data)
    .data                                    0x20002368   Section        4  app_timer2.o(.data)
    m_app_timer_sortlist_sortlist_cb         0x20002368   Data           4  app_timer2.o(.data)
    .data                                    0x2000236c   Section       12  drv_rtc.o(.data)
    m_handlers                               0x2000236c   Data           4  drv_rtc.o(.data)
    m_cb                                     0x20002370   Data           8  drv_rtc.o(.data)
    .data                                    0x20002378   Section        8  nrf_pwr_mgmt.o(.data)
    m_pwr_mgmt_evt                           0x20002378   Data           1  nrf_pwr_mgmt.o(.data)
    m_shutdown_started                       0x20002379   Data           1  nrf_pwr_mgmt.o(.data)
    m_sysoff_mtx                             0x2000237c   Data           4  nrf_pwr_mgmt.o(.data)
    .data                                    0x20002380   Section       24  nrf_log_backend_uart.o(.data)
    m_xfer_done                              0x20002380   Data           1  nrf_log_backend_uart.o(.data)
    m_async_mode                             0x20002381   Data           1  nrf_log_backend_uart.o(.data)
    .data                                    0x20002398   Section        8  nrf_log_default_backends.o(.data)
    log_backend_cb_uart_log_backend          0x20002398   Data           8  nrf_log_default_backends.o(.data)
    .data                                    0x200023a0   Section        4  nrf_log_frontend.o(.data)
    m_buffer_mask                            0x200023a0   Data           4  nrf_log_frontend.o(.data)
    .data                                    0x200023a4   Section        8  nrf_log_frontend.o(.data)
    log_mempool_nrf_balloc_pool_stack        0x200023a4   Data           8  nrf_log_frontend.o(.data)
    .data                                    0x200023ac   Section        8  nrf_log_frontend.o(.data)
    log_mempool_nrf_balloc_cb                0x200023ac   Data           8  nrf_log_frontend.o(.data)
    .data                                    0x200023b4   Section       64  nrf_log_str_formatter.o(.data)
    m_freq                                   0x200023b4   Data           4  nrf_log_str_formatter.o(.data)
    m_timestamp_div                          0x200023b8   Data           4  nrf_log_str_formatter.o(.data)
    severity_names                           0x200023bc   Data          20  nrf_log_str_formatter.o(.data)
    m_colors                                 0x200023d0   Data          36  nrf_log_str_formatter.o(.data)
    .data                                    0x200023f4   Section        3  nrf_sdh.o(.data)
    m_nrf_sdh_enabled                        0x200023f4   Data           1  nrf_sdh.o(.data)
    m_nrf_sdh_suspended                      0x200023f5   Data           1  nrf_sdh.o(.data)
    m_nrf_sdh_continue                       0x200023f6   Data           1  nrf_sdh.o(.data)
    .data                                    0x200023f7   Section        1  nrf_sdh_ble.o(.data)
    m_stack_is_enabled                       0x200023f7   Data           1  nrf_sdh_ble.o(.data)
    .data                                    0x200023f8   Section        4  system_nrf52.o(.data)
    __tagsym$$used                           0x200023f8   Number         0  system_nrf52.o(.data)
    .bss                                     0x200023fc   Section       56  main.o(.bss)
    m_lbs                                    0x200023fc   Data          24  main.o(.bss)
    m_gatt                                   0x20002414   Data          20  main.o(.bss)
    m_qwr                                    0x20002428   Data          12  main.o(.bss)
    .bss                                     0x20002434   Section       31  main.o(.bss)
    m_enc_advdata                            0x20002434   Data          31  main.o(.bss)
    .bss                                     0x20002453   Section       31  main.o(.bss)
    m_enc_scan_response_data                 0x20002453   Data          31  main.o(.bss)
    .bss                                     0x20002478   Section       80  ble_conn_params.o(.bss)
    m_timer_data                             0x20002478   Data          32  ble_conn_params.o(.bss)
    m_conn_params_instances                  0x20002498   Data          20  ble_conn_params.o(.bss)
    m_conn_params_config                     0x200024ac   Data          28  ble_conn_params.o(.bss)
    .bss                                     0x200024c8   Section      124  ble_conn_state.o(.bss)
    m_bcs                                    0x200024c8   Data         124  ble_conn_state.o(.bss)
    .bss                                     0x20002544   Section       20  nrf_drv_clock.o(.bss)
    m_clock_cb                               0x20002544   Data          20  nrf_drv_clock.o(.bss)
    .bss                                     0x20002558   Section       92  nrfx_gpiote.o(.bss)
    m_cb                                     0x20002558   Data          92  nrfx_gpiote.o(.bss)
    .bss                                     0x200025b4   Section       44  nrfx_uart.o(.bss)
    m_cb                                     0x200025b4   Data          44  nrfx_uart.o(.bss)
    .bss                                     0x200025e0   Section       36  nrfx_uarte.o(.bss)
    m_cb                                     0x200025e0   Data          36  nrfx_uarte.o(.bss)
    .bss                                     0x20002608   Section       32  app_button.o(.bss)
    m_detection_delay_timer_id_data          0x20002608   Data          32  app_button.o(.bss)
    .bss                                     0x20002628   Section       16  app_button.o(.bss)
    m_pin_states                             0x20002628   Data          16  app_button.o(.bss)
    .bss                                     0x20002638   Section       16  app_timer2.o(.bss)
    m_req_fifo_inst                          0x20002638   Data          16  app_timer2.o(.bss)
    .bss                                     0x20002648   Section       88  app_timer2.o(.bss)
    m_req_fifo_data                          0x20002648   Data          88  app_timer2.o(.bss)
    .bss                                     0x200026a0   Section       12  app_util_platform.o(.bss)
    .bss                                     0x200026ac   Section       12  nrf_pwr_mgmt.o(.bss)
    m_handlers_iter                          0x200026ac   Data          12  nrf_pwr_mgmt.o(.bss)
    .bss                                     0x200026b8   Section       64  nrf_log_backend_uart.o(.bss)
    m_string_buff                            0x200026b8   Data          64  nrf_log_backend_uart.o(.bss)
    .bss                                     0x200026f8   Section      192  nrf_log_frontend.o(.bss)
    log_mempool_nrf_balloc_pool_mem          0x200026f8   Data         192  nrf_log_frontend.o(.bss)
    .bss                                     0x200027b8   Section      128  nrf_log_frontend.o(.bss)
    m_log_push_ringbuf_buf                   0x200027b8   Data         128  nrf_log_frontend.o(.bss)
    .bss                                     0x20002838   Section       24  nrf_log_frontend.o(.bss)
    m_log_push_ringbuf_cb                    0x20002838   Data          24  nrf_log_frontend.o(.bss)
    .bss                                     0x20002850   Section     1056  nrf_log_frontend.o(.bss)
    m_log_data                               0x20002850   Data        1056  nrf_log_frontend.o(.bss)
    STACK                                    0x20002c70   Section     8192  arm_startup_nrf52.o(STACK)

    Global Symbols

    Symbol Name                              Value     Ov Type        Size  Object(Section)

    BuildAttributes$$THM_ISAv4$E$P$D$K$B$S$7EM$VFPi3$EXTD16$VFPS$VFMA$PE$A:L22UL41UL21$X:L11$S22US41US21$IEEE1$IW$USESV6$~STKCKD$USESV7$~SHL$OSPACE$EBA8$MICROLIB$REQ8$EABIv2 0x00000000   Number         0  anon$$obj.o ABSOLUTE
    __ARM_use_no_argv                        0x00000000   Number         0  main.o ABSOLUTE
    __use_no_errno                           0x00000000   Number         0  useno.o ABSOLUTE
    __use_no_exception_handling              0x00000000   Number         0  useno.o ABSOLUTE
    __use_no_fp                              0x00000000   Number         0  useno.o ABSOLUTE
    __use_no_heap                            0x00000000   Number         0  useno.o ABSOLUTE
    __use_no_heap_region                     0x00000000   Number         0  useno.o ABSOLUTE
    __use_no_semihosting                     0x00000000   Number         0  useno.o ABSOLUTE
    __use_no_semihosting_swi                 0x00000000   Number         0  useno.o ABSOLUTE
    __use_no_signal_handling                 0x00000000   Number         0  useno.o ABSOLUTE
    __cpp_initialize__aeabi_                  - Undefined Weak Reference
    __cxa_finalize                            - Undefined Weak Reference
    __decompress                              - Undefined Weak Reference
    _clock_init                               - Undefined Weak Reference
    _microlib_exit                            - Undefined Weak Reference
    log_dynamic_data$$Base                    - Undefined Reference
    pwr_mgmt_data0$$Base                      - Undefined Reference
    pwr_mgmt_data0$$Limit                     - Undefined Reference
    pwr_mgmt_data1$$Base                      - Undefined Reference
    pwr_mgmt_data1$$Limit                     - Undefined Reference
    pwr_mgmt_data2$$Base                      - Undefined Reference
    pwr_mgmt_data2$$Limit                     - Undefined Reference
    sdh_req_observers0$$Base                  - Undefined Reference
    sdh_req_observers0$$Limit                 - Undefined Reference
    sdh_req_observers1$$Base                  - Undefined Reference
    sdh_req_observers1$$Limit                 - Undefined Reference
    sdh_soc_observers1$$Base                  - Undefined Reference
    sdh_soc_observers1$$Limit                 - Undefined Reference
    sdh_stack_observers1$$Base                - Undefined Reference
    sdh_stack_observers1$$Limit               - Undefined Reference
    sdh_state_observers1$$Base                - Undefined Reference
    sdh_state_observers1$$Limit               - Undefined Reference
    __Vectors_Size                           0x00000200   Number         0  arm_startup_nrf52.o ABSOLUTE
    __Vectors                                0x00026000   Data           4  arm_startup_nrf52.o(RESET)
    __Vectors_End                            0x00026200   Data           0  arm_startup_nrf52.o(RESET)
    __main                                   0x00026201   Thumb Code     0  entry.o(.ARM.Collect$$$$00000000)
    _main_stk                                0x00026201   Thumb Code     0  entry2.o(.ARM.Collect$$$$00000001)
    _main_scatterload                        0x00026205   Thumb Code     0  entry5.o(.ARM.Collect$$$$00000004)
    __main_after_scatterload                 0x00026209   Thumb Code     0  entry5.o(.ARM.Collect$$$$00000004)
    _main_clock                              0x00026209   Thumb Code     0  entry7b.o(.ARM.Collect$$$$00000008)
    _main_cpp_init                           0x00026209   Thumb Code     0  entry8b.o(.ARM.Collect$$$$0000000A)
    _main_init                               0x00026209   Thumb Code     0  entry9a.o(.ARM.Collect$$$$0000000B)
    __rt_final_cpp                           0x00026211   Thumb Code     0  entry10a.o(.ARM.Collect$$$$0000000D)
    __rt_final_exit                          0x00026211   Thumb Code     0  entry11a.o(.ARM.Collect$$$$0000000F)
    __asm___12_nrf_atfifo_c_51f461e1__nrf_atfifo_wspace_req 0x00026215   Thumb Code    56  nrf_atfifo.o(.emb_text)
    __asm___12_nrf_atfifo_c_51f461e1__nrf_atfifo_wspace_close 0x0002624d   Thumb Code    18  nrf_atfifo.o(.emb_text)
    __asm___12_nrf_atfifo_c_51f461e1__nrf_atfifo_rspace_req 0x0002625f   Thumb Code    58  nrf_atfifo.o(.emb_text)
    __asm___12_nrf_atfifo_c_51f461e1__nrf_atfifo_rspace_close 0x00026299   Thumb Code    18  nrf_atfifo.o(.emb_text)
    __asm___12_nrf_atfifo_c_51f461e1__nrf_atfifo_space_clear 0x000262ab   Thumb Code    50  nrf_atfifo.o(.emb_text)
    __asm___12_nrf_atomic_c_85ca2469__nrf_atomic_internal_mov 0x000262dd   Thumb Code    24  nrf_atomic.o(.emb_text)
    __asm___12_nrf_atomic_c_85ca2469__nrf_atomic_internal_orr 0x000262f5   Thumb Code    26  nrf_atomic.o(.emb_text)
    __asm___12_nrf_atomic_c_85ca2469__nrf_atomic_internal_and 0x0002630f   Thumb Code    26  nrf_atomic.o(.emb_text)
    __asm___12_nrf_atomic_c_85ca2469__nrf_atomic_internal_eor 0x00026329   Thumb Code    26  nrf_atomic.o(.emb_text)
    __asm___12_nrf_atomic_c_85ca2469__nrf_atomic_internal_add 0x00026343   Thumb Code    26  nrf_atomic.o(.emb_text)
    __asm___12_nrf_atomic_c_85ca2469__nrf_atomic_internal_sub 0x0002635d   Thumb Code    26  nrf_atomic.o(.emb_text)
    __asm___12_nrf_atomic_c_85ca2469__nrf_atomic_internal_cmp_exch 0x00026377   Thumb Code    42  nrf_atomic.o(.emb_text)
    __asm___12_nrf_atomic_c_85ca2469__nrf_atomic_internal_sub_hs 0x000263a1   Thumb Code    30  nrf_atomic.o(.emb_text)
    Reset_Handler                            0x000263c1   Thumb Code     8  arm_startup_nrf52.o(.text)
    NMI_Handler                              0x000263c9   Thumb Code     2  arm_startup_nrf52.o(.text)
    HardFault_Handler                        0x000263cb   Thumb Code     2  arm_startup_nrf52.o(.text)
    MemoryManagement_Handler                 0x000263cd   Thumb Code     2  arm_startup_nrf52.o(.text)
    BusFault_Handler                         0x000263cf   Thumb Code     2  arm_startup_nrf52.o(.text)
    UsageFault_Handler                       0x000263d1   Thumb Code     2  arm_startup_nrf52.o(.text)
    SVC_Handler                              0x000263d3   Thumb Code     2  arm_startup_nrf52.o(.text)
    DebugMon_Handler                         0x000263d5   Thumb Code     2  arm_startup_nrf52.o(.text)
    PendSV_Handler                           0x000263d7   Thumb Code     2  arm_startup_nrf52.o(.text)
    SysTick_Handler                          0x000263d9   Thumb Code     2  arm_startup_nrf52.o(.text)
    CCM_AAR_IRQHandler                       0x000263db   Thumb Code     0  arm_startup_nrf52.o(.text)
    COMP_LPCOMP_IRQHandler                   0x000263db   Thumb Code     0  arm_startup_nrf52.o(.text)
    ECB_IRQHandler                           0x000263db   Thumb Code     0  arm_startup_nrf52.o(.text)
    FPU_IRQHandler                           0x000263db   Thumb Code     0  arm_startup_nrf52.o(.text)
    I2S_IRQHandler                           0x000263db   Thumb Code     0  arm_startup_nrf52.o(.text)
    MWU_IRQHandler                           0x000263db   Thumb Code     0  arm_startup_nrf52.o(.text)
    NFCT_IRQHandler                          0x000263db   Thumb Code     0  arm_startup_nrf52.o(.text)
    PDM_IRQHandler                           0x000263db   Thumb Code     0  arm_startup_nrf52.o(.text)
    PWM0_IRQHandler                          0x000263db   Thumb Code     0  arm_startup_nrf52.o(.text)
    PWM1_IRQHandler                          0x000263db   Thumb Code     0  arm_startup_nrf52.o(.text)
    PWM2_IRQHandler                          0x000263db   Thumb Code     0  arm_startup_nrf52.o(.text)
    QDEC_IRQHandler                          0x000263db   Thumb Code     0  arm_startup_nrf52.o(.text)
    RADIO_IRQHandler                         0x000263db   Thumb Code     0  arm_startup_nrf52.o(.text)
    RNG_IRQHandler                           0x000263db   Thumb Code     0  arm_startup_nrf52.o(.text)
    RTC0_IRQHandler                          0x000263db   Thumb Code     0  arm_startup_nrf52.o(.text)
    RTC2_IRQHandler                          0x000263db   Thumb Code     0  arm_startup_nrf52.o(.text)
    SAADC_IRQHandler                         0x000263db   Thumb Code     0  arm_startup_nrf52.o(.text)
    SPIM0_SPIS0_TWIM0_TWIS0_SPI0_TWI0_IRQHandler 0x000263db   Thumb Code     0  arm_startup_nrf52.o(.text)
    SPIM1_SPIS1_TWIM1_TWIS1_SPI1_TWI1_IRQHandler 0x000263db   Thumb Code     0  arm_startup_nrf52.o(.text)
    SPIM2_SPIS2_SPI2_IRQHandler              0x000263db   Thumb Code     0  arm_startup_nrf52.o(.text)
    SWI0_EGU0_IRQHandler                     0x000263db   Thumb Code     0  arm_startup_nrf52.o(.text)
    SWI1_EGU1_IRQHandler                     0x000263db   Thumb Code     0  arm_startup_nrf52.o(.text)
    SWI3_EGU3_IRQHandler                     0x000263db   Thumb Code     0  arm_startup_nrf52.o(.text)
    SWI4_EGU4_IRQHandler                     0x000263db   Thumb Code     0  arm_startup_nrf52.o(.text)
    SWI5_EGU5_IRQHandler                     0x000263db   Thumb Code     0  arm_startup_nrf52.o(.text)
    TEMP_IRQHandler                          0x000263db   Thumb Code     0  arm_startup_nrf52.o(.text)
    TIMER0_IRQHandler                        0x000263db   Thumb Code     0  arm_startup_nrf52.o(.text)
    TIMER1_IRQHandler                        0x000263db   Thumb Code     0  arm_startup_nrf52.o(.text)
    TIMER2_IRQHandler                        0x000263db   Thumb Code     0  arm_startup_nrf52.o(.text)
    TIMER3_IRQHandler                        0x000263db   Thumb Code     0  arm_startup_nrf52.o(.text)
    TIMER4_IRQHandler                        0x000263db   Thumb Code     0  arm_startup_nrf52.o(.text)
    WDT_IRQHandler                           0x000263db   Thumb Code     0  arm_startup_nrf52.o(.text)
    __aeabi_llsl                             0x000263e5   Thumb Code    30  llshl.o(.text)
    _ll_shift_l                              0x000263e5   Thumb Code     0  llshl.o(.text)
    __rt_ctype_table                         0x00026405   Thumb Code     4  ctype_o.o(.text)
    __aeabi_memcpy                           0x0002640d   Thumb Code    36  memcpya.o(.text)
    __aeabi_memcpy4                          0x0002640d   Thumb Code     0  memcpya.o(.text)
    __aeabi_memcpy8                          0x0002640d   Thumb Code     0  memcpya.o(.text)
    __aeabi_memset                           0x00026431   Thumb Code    14  memseta.o(.text)
    __aeabi_memset4                          0x00026431   Thumb Code     0  memseta.o(.text)
    __aeabi_memset8                          0x00026431   Thumb Code     0  memseta.o(.text)
    __aeabi_memclr                           0x0002643f   Thumb Code     4  memseta.o(.text)
    __aeabi_memclr4                          0x0002643f   Thumb Code     0  memseta.o(.text)
    __aeabi_memclr8                          0x0002643f   Thumb Code     0  memseta.o(.text)
    _memset$wrapper                          0x00026443   Thumb Code    18  memseta.o(.text)
    strlen                                   0x00026455   Thumb Code    14  strlen.o(.text)
    __scatterload                            0x00026465   Thumb Code    28  init.o(.text)
    __scatterload_rt2                        0x00026465   Thumb Code     0  init.o(.text)
    GPIOTE_IRQHandler                        0x00026489   Thumb Code   154  nrfx_gpiote.o(i.GPIOTE_IRQHandler)
    POWER_CLOCK_IRQHandler                   0x0002652d   Thumb Code    82  nrfx_clock.o(i.POWER_CLOCK_IRQHandler)
    RTC1_IRQHandler                          0x00026585   Thumb Code    12  drv_rtc.o(i.RTC1_IRQHandler)
    SWI2_EGU2_IRQHandler                     0x00026595   Thumb Code     4  nrf_sdh.o(i.SWI2_EGU2_IRQHandler)
    SystemInit                               0x00026599   Thumb Code   660  system_nrf52.o(i.SystemInit)
    UARTE0_UART0_IRQHandler                  0x00026871   Thumb Code     6  nrfx_prs.o(i.UARTE0_UART0_IRQHandler)
    __scatterload_copy                       0x0002687d   Thumb Code    14  handlers.o(i.__scatterload_copy)
    __scatterload_null                       0x0002688b   Thumb Code     2  handlers.o(i.__scatterload_null)
    __scatterload_zeroinit                   0x0002688d   Thumb Code    14  handlers.o(i.__scatterload_zeroinit)
    app_button_disable                       0x00026985   Thumb Code    64  app_button.o(i.app_button_disable)
    app_button_enable                        0x000269cd   Thumb Code    32  app_button.o(i.app_button_enable)
    app_button_init                          0x000269f1   Thumb Code   106  app_button.o(i.app_button_init)
    app_error_fault_handler                  0x00026a71   Thumb Code    86  app_error_weak.o(i.app_error_fault_handler)
    app_error_handler_bare                   0x00026af5   Thumb Code    22  app_error.o(i.app_error_handler_bare)
    app_timer_cnt_get                        0x00026b0d   Thumb Code     6  app_timer2.o(i.app_timer_cnt_get)
    app_timer_create                         0x00026b19   Thumb Code    22  app_timer2.o(i.app_timer_create)
    app_timer_init                           0x00026b31   Thumb Code    70  app_timer2.o(i.app_timer_init)
    app_timer_start                          0x00026b8d   Thumb Code    48  app_timer2.o(i.app_timer_start)
    app_timer_stop                           0x00026bbd   Thumb Code    12  app_timer2.o(i.app_timer_stop)
    app_util_critical_region_enter           0x00026bc9   Thumb Code    64  app_util_platform.o(i.app_util_critical_region_enter)
    app_util_critical_region_exit            0x00026c11   Thumb Code    46  app_util_platform.o(i.app_util_critical_region_exit)
    ble_advdata_encode                       0x00026d55   Thumb Code   386  ble_advdata.o(i.ble_advdata_encode)
    ble_conn_params_init                     0x00026ed9   Thumb Code    90  ble_conn_params.o(i.ble_conn_params_init)
    ble_lbs_init                             0x000272b1   Thumb Code   190  ble_lbs.o(i.ble_lbs_init)
    ble_lbs_on_ble_evt                       0x00027375   Thumb Code    46  ble_lbs.o(i.ble_lbs_on_ble_evt)
    ble_lbs_on_button_change                 0x000273a3   Thumb Code    46  ble_lbs.o(i.ble_lbs_on_button_change)
    ble_srv_is_notification_enabled          0x000273d1   Thumb Code     8  ble_srv_common.o(i.ble_srv_is_notification_enabled)
    bsp_board_init                           0x000273d9   Thumb Code    80  boards.o(i.bsp_board_init)
    bsp_board_led_off                        0x0002742d   Thumb Code    10  boards.o(i.bsp_board_led_off)
    bsp_board_led_on                         0x0002743d   Thumb Code    10  boards.o(i.bsp_board_led_on)
    bsp_board_leds_off                       0x0002744d   Thumb Code    18  boards.o(i.bsp_board_leds_off)
    buffer_is_empty                          0x00027525   Thumb Code    18  nrf_log_frontend.o(i.buffer_is_empty)
    characteristic_add                       0x00027651   Thumb Code   400  ble_srv_common.o(i.characteristic_add)
    conn_handle_list_get                     0x0002783d   Thumb Code    62  ble_conn_state.o(i.conn_handle_list_get)
    drv_rtc_compare_disable                  0x00027a6d   Thumb Code    20  drv_rtc.o(i.drv_rtc_compare_disable)
    drv_rtc_compare_pending                  0x00027a81   Thumb Code    14  drv_rtc.o(i.drv_rtc_compare_pending)
    drv_rtc_compare_set                      0x00027a8f   Thumb Code    80  drv_rtc.o(i.drv_rtc_compare_set)
    drv_rtc_counter_get                      0x00027adf   Thumb Code     8  drv_rtc.o(i.drv_rtc_counter_get)
    drv_rtc_init                             0x00027ae9   Thumb Code   148  drv_rtc.o(i.drv_rtc_init)
    drv_rtc_irq_trigger                      0x00027bc1   Thumb Code    30  drv_rtc.o(i.drv_rtc_irq_trigger)
    drv_rtc_overflow_enable                  0x00027bdf   Thumb Code     8  drv_rtc.o(i.drv_rtc_overflow_enable)
    drv_rtc_overflow_pending                 0x00027be7   Thumb Code     8  drv_rtc.o(i.drv_rtc_overflow_pending)
    drv_rtc_start                            0x00027bef   Thumb Code     8  drv_rtc.o(i.drv_rtc_start)
    drv_rtc_stop                             0x00027bf7   Thumb Code     8  drv_rtc.o(i.drv_rtc_stop)
    drv_rtc_windowed_compare_set             0x00027bff   Thumb Code   222  drv_rtc.o(i.drv_rtc_windowed_compare_set)
    evt_handle                               0x00027cf1   Thumb Code   216  app_button.o(i.evt_handle)
    main                                     0x00028135   Thumb Code   330  main.o(i.main)
    nrf_atfifo_init                          0x00028483   Thumb Code    38  nrf_atfifo.o(i.nrf_atfifo_init)
    nrf_atfifo_item_alloc                    0x000284a9   Thumb Code    22  nrf_atfifo.o(i.nrf_atfifo_item_alloc)
    nrf_atfifo_item_free                     0x000284bf   Thumb Code    22  nrf_atfifo.o(i.nrf_atfifo_item_free)
    nrf_atfifo_item_get                      0x000284d5   Thumb Code    22  nrf_atfifo.o(i.nrf_atfifo_item_get)
    nrf_atfifo_item_put                      0x000284eb   Thumb Code    22  nrf_atfifo.o(i.nrf_atfifo_item_put)
    nrf_atflags_clear                        0x00028501   Thumb Code    22  nrf_atflags.o(i.nrf_atflags_clear)
    nrf_atflags_get                          0x00028517   Thumb Code    22  nrf_atflags.o(i.nrf_atflags_get)
    nrf_atflags_set                          0x0002852d   Thumb Code    20  nrf_atflags.o(i.nrf_atflags_set)
    nrf_atomic_flag_clear_fetch              0x00028541   Thumb Code     6  nrf_atomic.o(i.nrf_atomic_flag_clear_fetch)
    nrf_atomic_flag_set                      0x00028547   Thumb Code     6  nrf_atomic.o(i.nrf_atomic_flag_set)
    nrf_atomic_u32_add                       0x0002854d   Thumb Code    12  nrf_atomic.o(i.nrf_atomic_u32_add)
    nrf_atomic_u32_and                       0x00028559   Thumb Code    12  nrf_atomic.o(i.nrf_atomic_u32_and)
    nrf_atomic_u32_fetch_and                 0x00028565   Thumb Code    10  nrf_atomic.o(i.nrf_atomic_u32_fetch_and)
    nrf_atomic_u32_fetch_store               0x0002856f   Thumb Code    10  nrf_atomic.o(i.nrf_atomic_u32_fetch_store)
    nrf_atomic_u32_or                        0x00028579   Thumb Code    12  nrf_atomic.o(i.nrf_atomic_u32_or)
    nrf_atomic_u32_sub                       0x00028585   Thumb Code    12  nrf_atomic.o(i.nrf_atomic_u32_sub)
    nrf_balloc_alloc                         0x00028591   Thumb Code    68  nrf_balloc.o(i.nrf_balloc_alloc)
    nrf_balloc_free                          0x000285d5   Thumb Code    48  nrf_balloc.o(i.nrf_balloc_free)
    nrf_balloc_init                          0x00028605   Thumb Code    48  nrf_balloc.o(i.nrf_balloc_init)
    nrf_ble_gatt_init                        0x00028645   Thumb Code    34  nrf_ble_gatt.o(i.nrf_ble_gatt_init)
    nrf_ble_gatt_on_ble_evt                  0x00028669   Thumb Code   270  nrf_ble_gatt.o(i.nrf_ble_gatt_on_ble_evt)
    nrf_ble_qwr_conn_handle_assign           0x000287b9   Thumb Code    22  nrf_ble_qwr.o(i.nrf_ble_qwr_conn_handle_assign)
    nrf_ble_qwr_init                         0x000287cf   Thumb Code    36  nrf_ble_qwr.o(i.nrf_ble_qwr_init)
    nrf_ble_qwr_on_ble_evt                   0x000287f3   Thumb Code   182  nrf_ble_qwr.o(i.nrf_ble_qwr_on_ble_evt)
    nrf_drv_clock_init                       0x000288c9   Thumb Code    56  nrf_drv_clock.o(i.nrf_drv_clock_init)
    nrf_drv_clock_lfclk_release              0x00028909   Thumb Code    48  nrf_drv_clock.o(i.nrf_drv_clock_lfclk_release)
    nrf_drv_uart_init                        0x0002893d   Thumb Code    90  nrf_drv_uart.o(i.nrf_drv_uart_init)
    nrf_fprintf                              0x000289a5   Thumb Code    26  nrf_fprintf.o(i.nrf_fprintf)
    nrf_fprintf_buffer_flush                 0x000289bf   Thumb Code    24  nrf_fprintf.o(i.nrf_fprintf_buffer_flush)
    nrf_fprintf_fmt                          0x000289d7   Thumb Code   474  nrf_fprintf_format.o(i.nrf_fprintf_fmt)
    nrf_log_backend_add                      0x00028d59   Thumb Code    86  nrf_log_frontend.o(i.nrf_log_backend_add)
    nrf_log_backend_serial_put               0x00028db5   Thumb Code   200  nrf_log_backend_serial.o(i.nrf_log_backend_serial_put)
    nrf_log_backend_uart_init                0x00028e7f   Thumb Code     6  nrf_log_backend_uart.o(i.nrf_log_backend_uart_init)
    nrf_log_color_id_get                     0x00028ec9   Thumb Code    42  nrf_log_frontend.o(i.nrf_log_color_id_get)
    nrf_log_default_backends_init            0x00028ef9   Thumb Code    24  nrf_log_default_backends.o(i.nrf_log_default_backends_init)
    nrf_log_frontend_dequeue                 0x00028f15   Thumb Code   528  nrf_log_frontend.o(i.nrf_log_frontend_dequeue)
    nrf_log_frontend_std_0                   0x0002914d   Thumb Code     8  nrf_log_frontend.o(i.nrf_log_frontend_std_0)
    nrf_log_frontend_std_1                   0x00029155   Thumb Code    14  nrf_log_frontend.o(i.nrf_log_frontend_std_1)
    nrf_log_frontend_std_2                   0x00029163   Thumb Code    16  nrf_log_frontend.o(i.nrf_log_frontend_std_2)
    nrf_log_hexdump_entry_process            0x00029175   Thumb Code   150  nrf_log_str_formatter.o(i.nrf_log_hexdump_entry_process)
    nrf_log_init                             0x00029225   Thumb Code    28  nrf_log_frontend.o(i.nrf_log_init)
    nrf_log_module_cnt_get                   0x0002924d   Thumb Code    10  nrf_log_frontend.o(i.nrf_log_module_cnt_get)
    nrf_log_module_name_get                  0x00029261   Thumb Code    24  nrf_log_frontend.o(i.nrf_log_module_name_get)
    nrf_log_panic                            0x0002927d   Thumb Code    36  nrf_log_frontend.o(i.nrf_log_panic)
    nrf_log_std_entry_process                0x000292a5   Thumb Code   182  nrf_log_str_formatter.o(i.nrf_log_std_entry_process)
    nrf_memobj_alloc                         0x0002935b   Thumb Code    96  nrf_memobj.o(i.nrf_memobj_alloc)
    nrf_memobj_free                          0x000293bb   Thumb Code    50  nrf_memobj.o(i.nrf_memobj_free)
    nrf_memobj_get                           0x000293ed   Thumb Code     8  nrf_memobj.o(i.nrf_memobj_get)
    nrf_memobj_pool_init                     0x000293f5   Thumb Code     4  nrf_memobj.o(i.nrf_memobj_pool_init)
    nrf_memobj_put                           0x000293f9   Thumb Code    30  nrf_memobj.o(i.nrf_memobj_put)
    nrf_memobj_read                          0x00029417   Thumb Code    16  nrf_memobj.o(i.nrf_memobj_read)
    nrf_memobj_write                         0x00029427   Thumb Code    16  nrf_memobj.o(i.nrf_memobj_write)
    nrf_pwr_mgmt_init                        0x00029439   Thumb Code    28  nrf_pwr_mgmt.o(i.nrf_pwr_mgmt_init)
    nrf_pwr_mgmt_run                         0x00029461   Thumb Code    64  nrf_pwr_mgmt.o(i.nrf_pwr_mgmt_run)
    nrf_ringbuf_init                         0x000294a9   Thumb Code    28  nrf_ringbuf.o(i.nrf_ringbuf_init)
    nrf_sdh_ble_app_ram_start_get            0x000294d1   Thumb Code    16  nrf_sdh_ble.o(i.nrf_sdh_ble_app_ram_start_get)
    nrf_sdh_ble_default_cfg_set              0x000294e5   Thumb Code   228  nrf_sdh_ble.o(i.nrf_sdh_ble_default_cfg_set)
    nrf_sdh_ble_enable                       0x000295e5   Thumb Code   116  nrf_sdh_ble.o(i.nrf_sdh_ble_enable)
    nrf_sdh_enable_request                   0x00029771   Thumb Code   102  nrf_sdh.o(i.nrf_sdh_enable_request)
    nrf_sdh_evts_poll                        0x000297e5   Thumb Code    32  nrf_sdh.o(i.nrf_sdh_evts_poll)
    nrf_sdh_is_enabled                       0x00029809   Thumb Code     6  nrf_sdh.o(i.nrf_sdh_is_enabled)
    nrf_section_iter_init                    0x00029851   Thumb Code    10  nrf_section_iter.o(i.nrf_section_iter_init)
    nrf_section_iter_next                    0x0002987f   Thumb Code    32  nrf_section_iter.o(i.nrf_section_iter_next)
    nrf_sortlist_add                         0x0002989f   Thumb Code    34  nrf_sortlist.o(i.nrf_sortlist_add)
    nrf_sortlist_peek                        0x000298c1   Thumb Code     6  nrf_sortlist.o(i.nrf_sortlist_peek)
    nrf_sortlist_pop                         0x000298c7   Thumb Code    14  nrf_sortlist.o(i.nrf_sortlist_pop)
    nrf_sortlist_remove                      0x000298d5   Thumb Code    30  nrf_sortlist.o(i.nrf_sortlist_remove)
    nrf_strerror_find                        0x000298f5   Thumb Code    52  nrf_strerror.o(i.nrf_strerror_find)
    nrf_strerror_get                         0x0002992d   Thumb Code    14  nrf_strerror.o(i.nrf_strerror_get)
    nrfx_clock_enable                        0x00029989   Thumb Code    34  nrfx_clock.o(i.nrfx_clock_enable)
    nrfx_clock_init                          0x000299b5   Thumb Code    26  nrfx_clock.o(i.nrfx_clock_init)
    nrfx_clock_lfclk_stop                    0x000299d5   Thumb Code    38  nrfx_clock.o(i.nrfx_clock_lfclk_stop)
    nrfx_gpiote_in_event_disable             0x00029a15   Thumb Code    66  nrfx_gpiote.o(i.nrfx_gpiote_in_event_disable)
    nrfx_gpiote_in_event_enable              0x00029a5d   Thumb Code   152  nrfx_gpiote.o(i.nrfx_gpiote_in_event_enable)
    nrfx_gpiote_in_init                      0x00029afd   Thumb Code   190  nrfx_gpiote.o(i.nrfx_gpiote_in_init)
    nrfx_gpiote_in_is_set                    0x00029bc9   Thumb Code    20  nrfx_gpiote.o(i.nrfx_gpiote_in_is_set)
    nrfx_gpiote_init                         0x00029bdd   Thumb Code   102  nrfx_gpiote.o(i.nrfx_gpiote_init)
    nrfx_gpiote_is_init                      0x00029c51   Thumb Code    14  nrfx_gpiote.o(i.nrfx_gpiote_is_init)
    nrfx_prs_acquire                         0x00029c75   Thumb Code    58  nrfx_prs.o(i.nrfx_prs_acquire)
    nrfx_prs_release                         0x00029caf   Thumb Code    18  nrfx_prs.o(i.nrfx_prs_release)
    nrfx_uart_0_irq_handler                  0x00029cc1   Thumb Code     8  nrfx_uart.o(i.nrfx_uart_0_irq_handler)
    nrfx_uart_init                           0x00029cd1   Thumb Code   200  nrfx_uart.o(i.nrfx_uart_init)
    nrfx_uart_tx                             0x00029da5   Thumb Code   162  nrfx_uart.o(i.nrfx_uart_tx)
    nrfx_uart_tx_in_progress                 0x00029e4d   Thumb Code    26  nrfx_uart.o(i.nrfx_uart_tx_in_progress)
    nrfx_uart_uninit                         0x00029e6d   Thumb Code   182  nrfx_uart.o(i.nrfx_uart_uninit)
    nrfx_uarte_0_irq_handler                 0x00029f2d   Thumb Code     8  nrfx_uarte.o(i.nrfx_uarte_0_irq_handler)
    nrfx_uarte_init                          0x00029f3d   Thumb Code   100  nrfx_uarte.o(i.nrfx_uarte_init)
    nrfx_uarte_tx                            0x00029fa9   Thumb Code   166  nrfx_uarte.o(i.nrfx_uarte_tx)
    nrfx_uarte_tx_in_progress                0x0002a055   Thumb Code    22  nrfx_uarte.o(i.nrfx_uarte_tx_in_progress)
    nrfx_uarte_uninit                        0x0002a071   Thumb Code   254  nrfx_uarte.o(i.nrfx_uarte_uninit)
    nvmc_config                              0x0002a179   Thumb Code    14  system_nrf52.o(i.nvmc_config)
    nrf_log_backend_uart_api                 0x0002b208   Data          12  nrf_log_backend_uart.o(.constdata)
    m_ram_start                              0x0002b2b8   Data           4  nrf_sdh_ble.o(.constdata)
    __ctype_table                            0x0002b2e4   Data         129  ctype_o.o(.constdata)
    Region$$Table$$Base                      0x0002ba90   Number         0  anon$$obj.o(Region$$Table)
    Region$$Table$$Limit                     0x0002bab0   Number         0  anon$$obj.o(Region$$Table)
    log_const_data$$Base                     0x0002bac0   Number         0  nrf_ble_gatt.o(log_const_data)
    m_nrf_log_nrf_ble_gatt_logs_data_const   0x0002bac0   Data           8  nrf_ble_gatt.o(log_const_data)
    m_nrf_log_clock_logs_data_const          0x0002bac8   Data           8  nrf_drv_clock.o(log_const_data)
    m_nrf_log_CLOCK_logs_data_const          0x0002bad0   Data           8  nrfx_clock.o(log_const_data)
    m_nrf_log_GPIOTE_logs_data_const         0x0002bad8   Data           8  nrfx_gpiote.o(log_const_data)
    m_nrf_log_PRS_logs_data_const            0x0002bae0   Data           8  nrfx_prs.o(log_const_data)
    m_nrf_log_UART_logs_data_const           0x0002bae8   Data           8  nrfx_uart.o(log_const_data)
    m_nrf_log_UARTE_logs_data_const          0x0002baf0   Data           8  nrfx_uarte.o(log_const_data)
    m_nrf_log_app_button_logs_data_const     0x0002baf8   Data           8  app_button.o(log_const_data)
    m_nrf_log_app_timer_logs_data_const      0x0002bb00   Data           8  app_timer2.o(log_const_data)
    m_nrf_log_pwr_mgmt_logs_data_const       0x0002bb08   Data           8  nrf_pwr_mgmt.o(log_const_data)
    m_nrf_log_sortlist_logs_data_const       0x0002bb10   Data           8  nrf_sortlist.o(log_const_data)
    m_nrf_log_app_logs_data_const            0x0002bb18   Data           8  nrf_log_frontend.o(log_const_data)
    m_nrf_log_nrf_sdh_logs_data_const        0x0002bb20   Data           8  nrf_sdh.o(log_const_data)
    m_nrf_log_nrf_sdh_ble_logs_data_const    0x0002bb28   Data           8  nrf_sdh_ble.o(log_const_data)
    m_nrf_log_nrf_sdh_soc_logs_data_const    0x0002bb30   Data           8  nrf_sdh_soc.o(log_const_data)
    log_const_data$$Limit                    0x0002bb38   Number         0  nrf_sdh_soc.o(log_const_data)
    log_mempool                              0x0002bb38   Data          20  nrf_log_frontend.o(nrf_balloc)
    sdh_ble_observers0$$Base                 0x0002bb4c   Number         0  ble_conn_state.o(sdh_ble_observers0)
    sdh_ble_observers0$$Limit                0x0002bb54   Number         0  ble_conn_state.o(sdh_ble_observers0)
    sdh_ble_observers1$$Base                 0x0002bb54   Number         0  main.o(sdh_ble_observers1)
    sdh_ble_observers1$$Limit                0x0002bb64   Number         0  ble_conn_params.o(sdh_ble_observers1)
    sdh_ble_observers2$$Base                 0x0002bb64   Number         0  main.o(sdh_ble_observers2)
    sdh_ble_observers2$$Limit                0x0002bb74   Number         0  main.o(sdh_ble_observers2)
    sdh_ble_observers3$$Base                 0x0002bb74   Number         0  main.o(sdh_ble_observers3)
    sdh_ble_observers3$$Limit                0x0002bb7c   Number         0  main.o(sdh_ble_observers3)
    sdh_soc_observers0$$Base                 0x0002bb7c   Number         0  nrf_drv_clock.o(sdh_soc_observers0)
    sdh_soc_observers0$$Limit                0x0002bb84   Number         0  nrf_drv_clock.o(sdh_soc_observers0)
    sdh_stack_observers0$$Base               0x0002bb84   Number         0  nrf_sdh_ble.o(sdh_stack_observers0)
    sdh_stack_observers0$$Limit              0x0002bb94   Number         0  nrf_sdh_soc.o(sdh_stack_observers0)
    sdh_state_observers0$$Base               0x0002bb94   Number         0  nrf_drv_clock.o(sdh_state_observers0)
    sdh_state_observers0$$Limit              0x0002bb9c   Number         0  nrf_drv_clock.o(sdh_state_observers0)
    Image$$RW_IRAM1$$Base                    0x200022f0   Number         0  anon$$obj.o ABSOLUTE
    nrf_drv_uart_use_easy_dma                0x20002314   Data           1  nrf_drv_uart.o(.data)
    m_uart                                   0x20002384   Data          20  nrf_log_backend_uart.o(.data)
    SystemCoreClock                          0x200023f8   Data           4  system_nrf52.o(.data)
    nrf_nvic_state                           0x200026a0   Data          12  app_util_platform.o(.bss)
    __initial_sp                             0x20004c70   Data           0  arm_startup_nrf52.o(STACK)



==============================================================================

Memory Map of the image

  Image Entry point : 0x00026201

  Load Region LR_IROM1 (Base: 0x00026000, Size: 0x00005ca8, Max: 0x0005a000, ABSOLUTE)

    Execution Region ER_IROM1 (Exec base: 0x00026000, Load base: 0x00026000, Size: 0x00005b9c, Max: 0x0005a000, ABSOLUTE)

    Exec Addr    Load Addr    Size         Type   Attr      Idx    E Section Name        Object

    0x00026000   0x00026000   0x00000200   Data   RO         4743    RESET               arm_startup_nrf52.o
    0x00026200   0x00026200   0x00000000   Code   RO         4800  * .ARM.Collect$$$$00000000  mc_w.l(entry.o)
    0x00026200   0x00026200   0x00000004   Code   RO         4852    .ARM.Collect$$$$00000001  mc_w.l(entry2.o)
    0x00026204   0x00026204   0x00000004   Code   RO         4855    .ARM.Collect$$$$00000004  mc_w.l(entry5.o)
    0x00026208   0x00026208   0x00000000   Code   RO         4857    .ARM.Collect$$$$00000008  mc_w.l(entry7b.o)
    0x00026208   0x00026208   0x00000000   Code   RO         4859    .ARM.Collect$$$$0000000A  mc_w.l(entry8b.o)
    0x00026208   0x00026208   0x00000008   Code   RO         4860    .ARM.Collect$$$$0000000B  mc_w.l(entry9a.o)
    0x00026210   0x00026210   0x00000000   Code   RO         4862    .ARM.Collect$$$$0000000D  mc_w.l(entry10a.o)
    0x00026210   0x00026210   0x00000000   Code   RO         4864    .ARM.Collect$$$$0000000F  mc_w.l(entry11a.o)
    0x00026210   0x00026210   0x00000004   Code   RO         4853    .ARM.Collect$$$$00002712  mc_w.l(entry2.o)
    0x00026214   0x00026214   0x000000c8   Code   RO         3040    .emb_text           nrf_atfifo.o
    0x000262dc   0x000262dc   0x000000e2   Code   RO         3176    .emb_text           nrf_atomic.o
    0x000263be   0x000263be   0x00000002   PAD
    0x000263c0   0x000263c0   0x00000024   Code   RO         4744    .text               arm_startup_nrf52.o
    0x000263e4   0x000263e4   0x0000001e   Code   RO         4808    .text               mc_w.l(llshl.o)
    0x00026402   0x00026402   0x00000002   PAD
    0x00026404   0x00026404   0x00000008   Code   RO         4810    .text               mc_w.l(ctype_o.o)
    0x0002640c   0x0002640c   0x00000024   Code   RO         4838    .text               mc_w.l(memcpya.o)
    0x00026430   0x00026430   0x00000024   Code   RO         4840    .text               mc_w.l(memseta.o)
    0x00026454   0x00026454   0x0000000e   Code   RO         4842    .text               mc_w.l(strlen.o)
    0x00026462   0x00026462   0x00000002   PAD
    0x00026464   0x00026464   0x00000024   Code   RO         4868    .text               mc_w.l(init.o)
    0x00026488   0x00026488   0x000000a4   Code   RO         1656    i.GPIOTE_IRQHandler  nrfx_gpiote.o
    0x0002652c   0x0002652c   0x00000058   Code   RO         1517    i.POWER_CLOCK_IRQHandler  nrfx_clock.o
    0x00026584   0x00026584   0x00000010   Code   RO         2826    i.RTC1_IRQHandler   drv_rtc.o
    0x00026594   0x00026594   0x00000004   Code   RO         4534    i.SWI2_EGU2_IRQHandler  nrf_sdh.o
    0x00026598   0x00026598   0x000002d8   Code   RO         4752    i.SystemInit        system_nrf52.o
    0x00026870   0x00026870   0x0000000c   Code   RO         1961    i.UARTE0_UART0_IRQHandler  nrfx_prs.o
    0x0002687c   0x0002687c   0x0000000e   Code   RO         4872    i.__scatterload_copy  mc_w.l(handlers.o)
    0x0002688a   0x0002688a   0x00000002   Code   RO         4873    i.__scatterload_null  mc_w.l(handlers.o)
    0x0002688c   0x0002688c   0x0000000e   Code   RO         4874    i.__scatterload_zeroinit  mc_w.l(handlers.o)
    0x0002689a   0x0002689a   0x00000002   PAD
    0x0002689c   0x0002689c   0x00000024   Code   RO         4535    i.__sd_nvic_app_accessible_irq  nrf_sdh.o
    0x000268c0   0x000268c0   0x000000a4   Code   RO            4    i.advertising_init  main.o
    0x00026964   0x00026964   0x00000020   Code   RO            5    i.advertising_start  main.o
    0x00026984   0x00026984   0x00000048   Code   RO         2363    i.app_button_disable  app_button.o
    0x000269cc   0x000269cc   0x00000024   Code   RO         2364    i.app_button_enable  app_button.o
    0x000269f0   0x000269f0   0x00000080   Code   RO         2365    i.app_button_init   app_button.o
    0x00026a70   0x00026a70   0x00000084   Code   RO         2522    i.app_error_fault_handler  app_error_weak.o
    0x00026af4   0x00026af4   0x00000016   Code   RO         2462    i.app_error_handler_bare  app_error.o
    0x00026b0a   0x00026b0a   0x00000002   PAD
    0x00026b0c   0x00026b0c   0x0000000c   Code   RO         2617    i.app_timer_cnt_get  app_timer2.o
    0x00026b18   0x00026b18   0x00000016   Code   RO         2618    i.app_timer_create  app_timer2.o
    0x00026b2e   0x00026b2e   0x00000002   PAD
    0x00026b30   0x00026b30   0x0000005c   Code   RO         2619    i.app_timer_init    app_timer2.o
    0x00026b8c   0x00026b8c   0x00000030   Code   RO         2622    i.app_timer_start   app_timer2.o
    0x00026bbc   0x00026bbc   0x0000000c   Code   RO         2623    i.app_timer_stop    app_timer2.o
    0x00026bc8   0x00026bc8   0x00000048   Code   RO         2758    i.app_util_critical_region_enter  app_util_platform.o
    0x00026c10   0x00026c10   0x00000034   Code   RO         2759    i.app_util_critical_region_exit  app_util_platform.o
    0x00026c44   0x00026c44   0x00000088   Code   RO         2015    i.apply_config      nrfx_uart.o
    0x00026ccc   0x00026ccc   0x00000088   Code   RO         2203    i.apply_config      nrfx_uarte.o
    0x00026d54   0x00026d54   0x00000182   Code   RO          526    i.ble_advdata_encode  ble_advdata.o
    0x00026ed6   0x00026ed6   0x00000002   PAD
    0x00026ed8   0x00026ed8   0x00000068   Code   RO          654    i.ble_conn_params_init  ble_conn_params.o
    0x00026f40   0x00026f40   0x00000060   Code   RO          532    i.ble_device_addr_encode  ble_advdata.o
    0x00026fa0   0x00026fa0   0x000000fc   Code   RO            7    i.ble_evt_handler   main.o
    0x0002709c   0x0002709c   0x000000fc   Code   RO          656    i.ble_evt_handler   ble_conn_params.o
    0x00027198   0x00027198   0x00000118   Code   RO          762    i.ble_evt_handler   ble_conn_state.o
    0x000272b0   0x000272b0   0x000000c4   Code   RO         1123    i.ble_lbs_init      ble_lbs.o
    0x00027374   0x00027374   0x0000002e   Code   RO         1124    i.ble_lbs_on_ble_evt  ble_lbs.o
    0x000273a2   0x000273a2   0x0000002e   Code   RO         1125    i.ble_lbs_on_button_change  ble_lbs.o
    0x000273d0   0x000273d0   0x00000008   Code   RO          917    i.ble_srv_is_notification_enabled  ble_srv_common.o
    0x000273d8   0x000273d8   0x00000054   Code   RO          357    i.bsp_board_init    boards.o
    0x0002742c   0x0002742c   0x00000010   Code   RO          360    i.bsp_board_led_off  boards.o
    0x0002743c   0x0002743c   0x00000010   Code   RO          361    i.bsp_board_led_on  boards.o
    0x0002744c   0x0002744c   0x00000012   Code   RO          363    i.bsp_board_leds_off  boards.o
    0x0002745e   0x0002745e   0x00000002   PAD
    0x00027460   0x00027460   0x00000094   Code   RO         3933    i.buf_prealloc      nrf_log_frontend.o
    0x000274f4   0x000274f4   0x0000002e   Code   RO         3388    i.buffer_add        nrf_fprintf_format.o
    0x00027522   0x00027522   0x00000002   PAD
    0x00027524   0x00027524   0x00000018   Code   RO         3934    i.buffer_is_empty   nrf_log_frontend.o
    0x0002753c   0x0002753c   0x00000078   Code   RO            8    i.button_event_handler  main.o
    0x000275b4   0x000275b4   0x00000028   Code   RO         2367    i.button_get        app_button.o
    0x000275dc   0x000275dc   0x0000001c   Code   RO         1657    i.channel_free      nrfx_gpiote.o
    0x000275f8   0x000275f8   0x00000048   Code   RO         1658    i.channel_port_alloc  nrfx_gpiote.o
    0x00027640   0x00027640   0x00000010   Code   RO         1659    i.channel_port_get  nrfx_gpiote.o
    0x00027650   0x00027650   0x00000190   Code   RO          919    i.characteristic_add  ble_srv_common.o
    0x000277e0   0x000277e0   0x00000028   Code   RO         1163    i.clock_clk_started_notify  nrf_drv_clock.o
    0x00027808   0x00027808   0x0000001c   Code   RO         1164    i.clock_irq_handler  nrf_drv_clock.o
    0x00027824   0x00027824   0x00000018   Code   RO         2625    i.compare_func      app_timer2.o
    0x0002783c   0x0002783c   0x0000003e   Code   RO          763    i.conn_handle_list_get  ble_conn_state.o
    0x0002787a   0x0002787a   0x00000088   Code   RO          533    i.conn_int_encode   ble_advdata.o
    0x00027902   0x00027902   0x00000004   Code   RO            9    i.conn_params_error_handler  main.o
    0x00027906   0x00027906   0x00000002   PAD
    0x00027908   0x00027908   0x00000048   Code   RO          657    i.conn_params_negotiation  ble_conn_params.o
    0x00027950   0x00027950   0x000000c0   Code   RO          977    i.data_length_update  nrf_ble_gatt.o
    0x00027a10   0x00027a10   0x00000048   Code   RO         2368    i.detection_delay_timeout_handler  app_button.o
    0x00027a58   0x00027a58   0x00000014   Code   RO         3935    i.dropped_sat16_get  nrf_log_frontend.o
    0x00027a6c   0x00027a6c   0x00000014   Code   RO         2827    i.drv_rtc_compare_disable  drv_rtc.o
    0x00027a80   0x00027a80   0x0000000e   Code   RO         2830    i.drv_rtc_compare_pending  drv_rtc.o
    0x00027a8e   0x00027a8e   0x00000050   Code   RO         2831    i.drv_rtc_compare_set  drv_rtc.o
    0x00027ade   0x00027ade   0x00000008   Code   RO         2832    i.drv_rtc_counter_get  drv_rtc.o
    0x00027ae6   0x00027ae6   0x00000002   PAD
    0x00027ae8   0x00027ae8   0x000000d8   Code   RO         2833    i.drv_rtc_init      drv_rtc.o
    0x00027bc0   0x00027bc0   0x0000001e   Code   RO         2834    i.drv_rtc_irq_trigger  drv_rtc.o
    0x00027bde   0x00027bde   0x00000008   Code   RO         2836    i.drv_rtc_overflow_enable  drv_rtc.o
    0x00027be6   0x00027be6   0x00000008   Code   RO         2837    i.drv_rtc_overflow_pending  drv_rtc.o
    0x00027bee   0x00027bee   0x00000008   Code   RO         2838    i.drv_rtc_start     drv_rtc.o
    0x00027bf6   0x00027bf6   0x00000008   Code   RO         2839    i.drv_rtc_stop      drv_rtc.o
    0x00027bfe   0x00027bfe   0x000000de   Code   RO         2844    i.drv_rtc_windowed_compare_set  drv_rtc.o
    0x00027cdc   0x00027cdc   0x00000012   Code   RO         2845    i.evt_enable        drv_rtc.o
    0x00027cee   0x00027cee   0x00000002   PAD
    0x00027cf0   0x00027cf0   0x000000e0   Code   RO         2369    i.evt_handle        app_button.o
    0x00027dd0   0x00027dd0   0x00000014   Code   RO         2846    i.evt_pending       drv_rtc.o
    0x00027de4   0x00027de4   0x0000000a   Code   RO          764    i.flag_toggle       ble_conn_state.o
    0x00027dee   0x00027dee   0x00000002   PAD
    0x00027df0   0x00027df0   0x00000034   Code   RO         2626    i.get_now           app_timer2.o
    0x00027e24   0x00027e24   0x0000003c   Code   RO         2370    i.gpiote_event_handler  app_button.o
    0x00027e60   0x00027e60   0x00000014   Code   RO          658    i.instance_get      ble_conn_params.o
    0x00027e74   0x00027e74   0x000000a6   Code   RO         3389    i.int_print         nrf_fprintf_format.o
    0x00027f1a   0x00027f1a   0x00000002   PAD
    0x00027f1c   0x00027f1c   0x00000088   Code   RO         2204    i.interrupts_enable  nrfx_uarte.o
    0x00027fa4   0x00027fa4   0x00000034   Code   RO         3936    i.invalid_packets_omit  nrf_log_frontend.o
    0x00027fd8   0x00027fd8   0x00000044   Code   RO          659    i.is_conn_params_ok  ble_conn_params.o
    0x0002801c   0x0002801c   0x00000060   Code   RO           10    i.led_write_handler  main.o
    0x0002807c   0x0002807c   0x00000014   Code   RO          978    i.link_init         nrf_ble_gatt.o
    0x00028090   0x00028090   0x000000a4   Code   RO         3937    i.log_skip          nrf_log_frontend.o
    0x00028134   0x00028134   0x00000194   Code   RO           11    i.main              main.o
    0x000282c8   0x000282c8   0x00000064   Code   RO          534    i.manuf_specific_data_encode  ble_advdata.o
    0x0002832c   0x0002832c   0x0000007e   Code   RO         3428    i.memobj_op         nrf_memobj.o
    0x000283aa   0x000283aa   0x00000002   PAD
    0x000283ac   0x000283ac   0x00000030   Code   RO         3938    i.module_idx_get    nrf_log_frontend.o
    0x000283dc   0x000283dc   0x000000a6   Code   RO          535    i.name_encode       ble_advdata.o
    0x00028482   0x00028482   0x00000026   Code   RO         3044    i.nrf_atfifo_init   nrf_atfifo.o
    0x000284a8   0x000284a8   0x00000016   Code   RO         3045    i.nrf_atfifo_item_alloc  nrf_atfifo.o
    0x000284be   0x000284be   0x00000016   Code   RO         3046    i.nrf_atfifo_item_free  nrf_atfifo.o
    0x000284d4   0x000284d4   0x00000016   Code   RO         3047    i.nrf_atfifo_item_get  nrf_atfifo.o
    0x000284ea   0x000284ea   0x00000016   Code   RO         3048    i.nrf_atfifo_item_put  nrf_atfifo.o
    0x00028500   0x00028500   0x00000016   Code   RO         3110    i.nrf_atflags_clear  nrf_atflags.o
    0x00028516   0x00028516   0x00000016   Code   RO         3115    i.nrf_atflags_get   nrf_atflags.o
    0x0002852c   0x0002852c   0x00000014   Code   RO         3117    i.nrf_atflags_set   nrf_atflags.o
    0x00028540   0x00028540   0x00000006   Code   RO         3178    i.nrf_atomic_flag_clear_fetch  nrf_atomic.o
    0x00028546   0x00028546   0x00000006   Code   RO         3179    i.nrf_atomic_flag_set  nrf_atomic.o
    0x0002854c   0x0002854c   0x0000000c   Code   RO         3181    i.nrf_atomic_u32_add  nrf_atomic.o
    0x00028558   0x00028558   0x0000000c   Code   RO         3182    i.nrf_atomic_u32_and  nrf_atomic.o
    0x00028564   0x00028564   0x0000000a   Code   RO         3185    i.nrf_atomic_u32_fetch_and  nrf_atomic.o
    0x0002856e   0x0002856e   0x0000000a   Code   RO         3187    i.nrf_atomic_u32_fetch_store  nrf_atomic.o
    0x00028578   0x00028578   0x0000000c   Code   RO         3191    i.nrf_atomic_u32_or  nrf_atomic.o
    0x00028584   0x00028584   0x0000000c   Code   RO         3193    i.nrf_atomic_u32_sub  nrf_atomic.o
    0x00028590   0x00028590   0x00000044   Code   RO         3312    i.nrf_balloc_alloc  nrf_balloc.o
    0x000285d4   0x000285d4   0x00000030   Code   RO         3313    i.nrf_balloc_free   nrf_balloc.o
    0x00028604   0x00028604   0x00000030   Code   RO         3314    i.nrf_balloc_init   nrf_balloc.o
    0x00028634   0x00028634   0x00000010   Code   RO         1660    i.nrf_bitmask_bit_is_set  nrfx_gpiote.o
    0x00028644   0x00028644   0x00000022   Code   RO          984    i.nrf_ble_gatt_init  nrf_ble_gatt.o
    0x00028666   0x00028666   0x00000002   PAD
    0x00028668   0x00028668   0x00000150   Code   RO          985    i.nrf_ble_gatt_on_ble_evt  nrf_ble_gatt.o
    0x000287b8   0x000287b8   0x00000016   Code   RO         1079    i.nrf_ble_qwr_conn_handle_assign  nrf_ble_qwr.o
    0x000287ce   0x000287ce   0x00000024   Code   RO         1080    i.nrf_ble_qwr_init  nrf_ble_qwr.o
    0x000287f2   0x000287f2   0x000000b6   Code   RO         1081    i.nrf_ble_qwr_on_ble_evt  nrf_ble_qwr.o
    0x000288a8   0x000288a8   0x0000000e   Code   RO         1518    i.nrf_clock_event_check  nrfx_clock.o
    0x000288b6   0x000288b6   0x00000010   Code   RO         1519    i.nrf_clock_event_clear  nrfx_clock.o
    0x000288c6   0x000288c6   0x00000002   PAD
    0x000288c8   0x000288c8   0x00000040   Code   RO         1171    i.nrf_drv_clock_init  nrf_drv_clock.o
    0x00028908   0x00028908   0x00000034   Code   RO         1175    i.nrf_drv_clock_lfclk_release  nrf_drv_clock.o
    0x0002893c   0x0002893c   0x00000068   Code   RO         1326    i.nrf_drv_uart_init  nrf_drv_uart.o
    0x000289a4   0x000289a4   0x0000001a   Code   RO         3349    i.nrf_fprintf       nrf_fprintf.o
    0x000289be   0x000289be   0x00000018   Code   RO         3350    i.nrf_fprintf_buffer_flush  nrf_fprintf.o
    0x000289d6   0x000289d6   0x000001da   Code   RO         3390    i.nrf_fprintf_fmt   nrf_fprintf_format.o
    0x00028bb0   0x00028bb0   0x00000024   Code   RO          367    i.nrf_gpio_cfg      boards.o
    0x00028bd4   0x00028bd4   0x00000024   Code   RO         1661    i.nrf_gpio_cfg      nrfx_gpiote.o
    0x00028bf8   0x00028bf8   0x00000024   Code   RO         2016    i.nrf_gpio_cfg      nrfx_uart.o
    0x00028c1c   0x00028c1c   0x00000024   Code   RO         2205    i.nrf_gpio_cfg      nrfx_uarte.o
    0x00028c40   0x00028c40   0x00000012   Code   RO         2017    i.nrf_gpio_cfg_default  nrfx_uart.o
    0x00028c52   0x00028c52   0x00000012   Code   RO         2206    i.nrf_gpio_cfg_default  nrfx_uarte.o
    0x00028c64   0x00028c64   0x00000012   Code   RO         2018    i.nrf_gpio_cfg_input  nrfx_uart.o
    0x00028c76   0x00028c76   0x00000012   Code   RO         2207    i.nrf_gpio_cfg_input  nrfx_uarte.o
    0x00028c88   0x00028c88   0x00000014   Code   RO         2019    i.nrf_gpio_cfg_output  nrfx_uart.o
    0x00028c9c   0x00028c9c   0x00000014   Code   RO         2208    i.nrf_gpio_cfg_output  nrfx_uarte.o
    0x00028cb0   0x00028cb0   0x00000022   Code   RO         1663    i.nrf_gpio_cfg_sense_set  nrfx_gpiote.o
    0x00028cd2   0x00028cd2   0x00000002   PAD
    0x00028cd4   0x00028cd4   0x0000002c   Code   RO         1664    i.nrf_gpio_latches_read_and_clear  nrfx_gpiote.o
    0x00028d00   0x00028d00   0x0000001e   Code   RO         1665    i.nrf_gpio_pin_present_check  nrfx_gpiote.o
    0x00028d1e   0x00028d1e   0x00000016   Code   RO          368    i.nrf_gpio_pin_write  boards.o
    0x00028d34   0x00028d34   0x00000014   Code   RO         1666    i.nrf_gpiote_event_clear  nrfx_gpiote.o
    0x00028d48   0x00028d48   0x00000010   Code   RO         1667    i.nrf_gpiote_event_is_set  nrfx_gpiote.o
    0x00028d58   0x00028d58   0x0000005c   Code   RO         3939    i.nrf_log_backend_add  nrf_log_frontend.o
    0x00028db4   0x00028db4   0x000000c8   Code   RO         3784    i.nrf_log_backend_serial_put  nrf_log_backend_serial.o
    0x00028e7c   0x00028e7c   0x00000002   Code   RO         3824    i.nrf_log_backend_uart_flush  nrf_log_backend_uart.o
    0x00028e7e   0x00028e7e   0x00000006   Code   RO         3825    i.nrf_log_backend_uart_init  nrf_log_backend_uart.o
    0x00028e84   0x00028e84   0x0000002c   Code   RO         3826    i.nrf_log_backend_uart_panic_set  nrf_log_backend_uart.o
    0x00028eb0   0x00028eb0   0x00000018   Code   RO         3827    i.nrf_log_backend_uart_put  nrf_log_backend_uart.o
    0x00028ec8   0x00028ec8   0x00000030   Code   RO         3941    i.nrf_log_color_id_get  nrf_log_frontend.o
    0x00028ef8   0x00028ef8   0x0000001c   Code   RO         3897    i.nrf_log_default_backends_init  nrf_log_default_backends.o
    0x00028f14   0x00028f14   0x00000238   Code   RO         3942    i.nrf_log_frontend_dequeue  nrf_log_frontend.o
    0x0002914c   0x0002914c   0x00000008   Code   RO         3944    i.nrf_log_frontend_std_0  nrf_log_frontend.o
    0x00029154   0x00029154   0x0000000e   Code   RO         3945    i.nrf_log_frontend_std_1  nrf_log_frontend.o
    0x00029162   0x00029162   0x00000010   Code   RO         3946    i.nrf_log_frontend_std_2  nrf_log_frontend.o
    0x00029172   0x00029172   0x00000002   PAD
    0x00029174   0x00029174   0x000000b0   Code   RO         4120    i.nrf_log_hexdump_entry_process  nrf_log_str_formatter.o
    0x00029224   0x00029224   0x00000028   Code   RO         3951    i.nrf_log_init      nrf_log_frontend.o
    0x0002924c   0x0002924c   0x00000014   Code   RO         3952    i.nrf_log_module_cnt_get  nrf_log_frontend.o
    0x00029260   0x00029260   0x0000001c   Code   RO         3955    i.nrf_log_module_name_get  nrf_log_frontend.o
    0x0002927c   0x0002927c   0x00000028   Code   RO         3956    i.nrf_log_panic     nrf_log_frontend.o
    0x000292a4   0x000292a4   0x000000b6   Code   RO         4121    i.nrf_log_std_entry_process  nrf_log_str_formatter.o
    0x0002935a   0x0002935a   0x00000060   Code   RO         3429    i.nrf_memobj_alloc  nrf_memobj.o
    0x000293ba   0x000293ba   0x00000032   Code   RO         3430    i.nrf_memobj_free   nrf_memobj.o
    0x000293ec   0x000293ec   0x00000008   Code   RO         3431    i.nrf_memobj_get    nrf_memobj.o
    0x000293f4   0x000293f4   0x00000004   Code   RO         3432    i.nrf_memobj_pool_init  nrf_memobj.o
    0x000293f8   0x000293f8   0x0000001e   Code   RO         3433    i.nrf_memobj_put    nrf_memobj.o
    0x00029416   0x00029416   0x00000010   Code   RO         3434    i.nrf_memobj_read   nrf_memobj.o
    0x00029426   0x00029426   0x00000010   Code   RO         3435    i.nrf_memobj_write  nrf_memobj.o
    0x00029436   0x00029436   0x00000002   PAD
    0x00029438   0x00029438   0x00000028   Code   RO         3507    i.nrf_pwr_mgmt_init  nrf_pwr_mgmt.o
    0x00029460   0x00029460   0x00000044   Code   RO         3508    i.nrf_pwr_mgmt_run  nrf_pwr_mgmt.o
    0x000294a4   0x000294a4   0x00000004   Code   RO           12    i.nrf_qwr_error_handler  main.o
    0x000294a8   0x000294a8   0x0000001c   Code   RO         3584    i.nrf_ringbuf_init  nrf_ringbuf.o
    0x000294c4   0x000294c4   0x0000000c   Code   RO         2847    i.nrf_rtc_event_clear  drv_rtc.o
    0x000294d0   0x000294d0   0x00000014   Code   RO         4655    i.nrf_sdh_ble_app_ram_start_get  nrf_sdh_ble.o
    0x000294e4   0x000294e4   0x00000100   Code   RO         4656    i.nrf_sdh_ble_default_cfg_set  nrf_sdh_ble.o
    0x000295e4   0x000295e4   0x00000130   Code   RO         4657    i.nrf_sdh_ble_enable  nrf_sdh_ble.o
    0x00029714   0x00029714   0x0000005c   Code   RO         4658    i.nrf_sdh_ble_evts_poll  nrf_sdh_ble.o
    0x00029770   0x00029770   0x00000074   Code   RO         4537    i.nrf_sdh_enable_request  nrf_sdh.o
    0x000297e4   0x000297e4   0x00000024   Code   RO         4538    i.nrf_sdh_evts_poll  nrf_sdh.o
    0x00029808   0x00029808   0x0000000c   Code   RO         4539    i.nrf_sdh_is_enabled  nrf_sdh.o
    0x00029814   0x00029814   0x0000003c   Code   RO         4709    i.nrf_sdh_soc_evts_poll  nrf_sdh_soc.o
    0x00029850   0x00029850   0x0000000a   Code   RO         3642    i.nrf_section_iter_init  nrf_section_iter.o
    0x0002985a   0x0002985a   0x00000024   Code   RO         3643    i.nrf_section_iter_item_set  nrf_section_iter.o
    0x0002987e   0x0002987e   0x00000020   Code   RO         3644    i.nrf_section_iter_next  nrf_section_iter.o
    0x0002989e   0x0002989e   0x00000022   Code   RO         3677    i.nrf_sortlist_add  nrf_sortlist.o
    0x000298c0   0x000298c0   0x00000006   Code   RO         3679    i.nrf_sortlist_peek  nrf_sortlist.o
    0x000298c6   0x000298c6   0x0000000e   Code   RO         3680    i.nrf_sortlist_pop  nrf_sortlist.o
    0x000298d4   0x000298d4   0x0000001e   Code   RO         3681    i.nrf_sortlist_remove  nrf_sortlist.o
    0x000298f2   0x000298f2   0x00000002   PAD
    0x000298f4   0x000298f4   0x00000038   Code   RO         3733    i.nrf_strerror_find  nrf_strerror.o
    0x0002992c   0x0002992c   0x00000014   Code   RO         3734    i.nrf_strerror_get  nrf_strerror.o
    0x00029940   0x00029940   0x0000000a   Code   RO         2020    i.nrf_uart_event_check  nrfx_uart.o
    0x0002994a   0x0002994a   0x0000000c   Code   RO         2021    i.nrf_uart_event_clear  nrfx_uart.o
    0x00029956   0x00029956   0x0000000c   Code   RO         2022    i.nrf_uart_int_enable_check  nrfx_uart.o
    0x00029962   0x00029962   0x0000000a   Code   RO         2209    i.nrf_uarte_event_check  nrfx_uarte.o
    0x0002996c   0x0002996c   0x0000000c   Code   RO         2210    i.nrf_uarte_event_clear  nrfx_uarte.o
    0x00029978   0x00029978   0x00000010   Code   RO         1178    i.nrf_wdt_started   nrf_drv_clock.o
    0x00029988   0x00029988   0x0000002c   Code   RO         1524    i.nrfx_clock_enable  nrfx_clock.o
    0x000299b4   0x000299b4   0x00000020   Code   RO         1527    i.nrfx_clock_init   nrfx_clock.o
    0x000299d4   0x000299d4   0x00000030   Code   RO         1530    i.nrfx_clock_lfclk_stop  nrfx_clock.o
    0x00029a04   0x00029a04   0x00000010   Code   RO         2848    i.nrfx_coredep_delay_us  drv_rtc.o
    0x00029a14   0x00029a14   0x00000048   Code   RO         1672    i.nrfx_gpiote_in_event_disable  nrfx_gpiote.o
    0x00029a5c   0x00029a5c   0x000000a0   Code   RO         1673    i.nrfx_gpiote_in_event_enable  nrfx_gpiote.o
    0x00029afc   0x00029afc   0x000000cc   Code   RO         1675    i.nrfx_gpiote_in_init  nrfx_gpiote.o
    0x00029bc8   0x00029bc8   0x00000014   Code   RO         1676    i.nrfx_gpiote_in_is_set  nrfx_gpiote.o
    0x00029bdc   0x00029bdc   0x00000074   Code   RO         1678    i.nrfx_gpiote_init  nrfx_gpiote.o
    0x00029c50   0x00029c50   0x00000014   Code   RO         1679    i.nrfx_gpiote_is_init  nrfx_gpiote.o
    0x00029c64   0x00029c64   0x00000010   Code   RO         2211    i.nrfx_is_in_ram    nrfx_uarte.o
    0x00029c74   0x00029c74   0x0000003a   Code   RO         1962    i.nrfx_prs_acquire  nrfx_prs.o
    0x00029cae   0x00029cae   0x00000012   Code   RO         1963    i.nrfx_prs_release  nrfx_prs.o
    0x00029cc0   0x00029cc0   0x00000010   Code   RO         2023    i.nrfx_uart_0_irq_handler  nrfx_uart.o
    0x00029cd0   0x00029cd0   0x000000d4   Code   RO         2025    i.nrfx_uart_init    nrfx_uart.o
    0x00029da4   0x00029da4   0x000000a8   Code   RO         2031    i.nrfx_uart_tx      nrfx_uart.o
    0x00029e4c   0x00029e4c   0x00000020   Code   RO         2033    i.nrfx_uart_tx_in_progress  nrfx_uart.o
    0x00029e6c   0x00029e6c   0x000000c0   Code   RO         2034    i.nrfx_uart_uninit  nrfx_uart.o
    0x00029f2c   0x00029f2c   0x00000010   Code   RO         2212    i.nrfx_uarte_0_irq_handler  nrfx_uarte.o
    0x00029f3c   0x00029f3c   0x0000006c   Code   RO         2214    i.nrfx_uarte_init   nrfx_uarte.o
    0x00029fa8   0x00029fa8   0x000000ac   Code   RO         2218    i.nrfx_uarte_tx     nrfx_uarte.o
    0x0002a054   0x0002a054   0x0000001c   Code   RO         2220    i.nrfx_uarte_tx_in_progress  nrfx_uarte.o
    0x0002a070   0x0002a070   0x00000108   Code   RO         2221    i.nrfx_uarte_uninit  nrfx_uarte.o
    0x0002a178   0x0002a178   0x00000018   Code   RO         4753    i.nvmc_config       system_nrf52.o
    0x0002a190   0x0002a190   0x0000001c   Code   RO           13    i.on_conn_params_evt  main.o
    0x0002a1ac   0x0002a1ac   0x000000a8   Code   RO          986    i.on_connected_evt  nrf_ble_gatt.o
    0x0002a254   0x0002a254   0x000000ac   Code   RO          987    i.on_exchange_mtu_request_evt  nrf_ble_gatt.o
    0x0002a300   0x0002a300   0x0000001c   Code   RO         1697    i.pin_configured_set  nrfx_gpiote.o
    0x0002a31c   0x0002a31c   0x00000018   Code   RO         1698    i.pin_in_use_by_port  nrfx_gpiote.o
    0x0002a334   0x0002a334   0x00000018   Code   RO         1699    i.pin_in_use_by_te  nrfx_gpiote.o
    0x0002a34c   0x0002a34c   0x000000b4   Code   RO         1700    i.port_event_handle  nrfx_gpiote.o
    0x0002a400   0x0002a400   0x00000010   Code   RO         1701    i.port_handler_polarity_get  nrfx_gpiote.o
    0x0002a410   0x0002a410   0x0000003c   Code   RO         4123    i.postfix_process   nrf_log_str_formatter.o
    0x0002a44c   0x0002a44c   0x00000098   Code   RO         4124    i.prefix_process    nrf_log_str_formatter.o
    0x0002a4e4   0x0002a4e4   0x00000018   Code   RO         1964    i.prs_box_get       nrfx_prs.o
    0x0002a4fc   0x0002a4fc   0x0000005c   Code   RO         2627    i.rtc_irq           app_timer2.o
    0x0002a558   0x0002a558   0x00000064   Code   RO         2628    i.rtc_schedule      app_timer2.o
    0x0002a5bc   0x0002a5bc   0x00000074   Code   RO         2629    i.rtc_update        app_timer2.o
    0x0002a630   0x0002a630   0x00000032   Code   RO         2035    i.rx_byte           nrfx_uart.o
    0x0002a662   0x0002a662   0x00000016   Code   RO         2036    i.rx_done_event     nrfx_uart.o
    0x0002a678   0x0002a678   0x00000016   Code   RO         2222    i.rx_done_event     nrfx_uarte.o
    0x0002a68e   0x0002a68e   0x00000002   PAD
    0x0002a690   0x0002a690   0x00000058   Code   RO         1179    i.sd_state_evt_handler  nrf_drv_clock.o
    0x0002a6e8   0x0002a6e8   0x00000030   Code   RO         4544    i.sdh_request_observer_notify  nrf_sdh.o
    0x0002a718   0x0002a718   0x0000002c   Code   RO         4545    i.sdh_state_observer_notify  nrf_sdh.o
    0x0002a744   0x0002a744   0x00000010   Code   RO          660    i.send_error_evt    ble_conn_params.o
    0x0002a754   0x0002a754   0x00000040   Code   RO         3828    i.serial_tx         nrf_log_backend_uart.o
    0x0002a794   0x0002a794   0x00000088   Code   RO          536    i.service_data_encode  ble_advdata.o
    0x0002a81c   0x0002a81c   0x00000030   Code   RO          921    i.set_security_req  ble_srv_common.o
    0x0002a84c   0x0002a84c   0x00000018   Code   RO         1180    i.soc_evt_handler   nrf_drv_clock.o
    0x0002a864   0x0002a864   0x00000058   Code   RO         4547    i.softdevices_evt_irq_enable  nrf_sdh.o
    0x0002a8bc   0x0002a8bc   0x0000000c   Code   RO         2630    i.sortlist_pop      app_timer2.o
    0x0002a8c8   0x0002a8c8   0x00000030   Code   RO         2371    i.state_set         app_button.o
    0x0002a8f8   0x0002a8f8   0x00000094   Code   RO         3958    i.std_n             nrf_log_frontend.o
    0x0002a98c   0x0002a98c   0x00000058   Code   RO         2631    i.timer_expire      app_timer2.o
    0x0002a9e4   0x0002a9e4   0x00000078   Code   RO         2632    i.timer_req_process  app_timer2.o
    0x0002aa5c   0x0002aa5c   0x00000038   Code   RO         2633    i.timer_req_schedule  app_timer2.o
    0x0002aa94   0x0002aa94   0x00000018   Code   RO         2372    i.timer_start       app_button.o
    0x0002aaac   0x0002aaac   0x00000020   Code   RO         2038    i.tx_byte           nrfx_uart.o
    0x0002aacc   0x0002aacc   0x0000001a   Code   RO         2039    i.tx_done_event     nrfx_uart.o
    0x0002aae6   0x0002aae6   0x0000001a   Code   RO         2223    i.tx_done_event     nrfx_uarte.o
    0x0002ab00   0x0002ab00   0x00000030   Code   RO         1327    i.uart_evt_handler  nrf_drv_uart.o
    0x0002ab30   0x0002ab30   0x0000000c   Code   RO         3829    i.uart_evt_handler  nrf_log_backend_uart.o
    0x0002ab3c   0x0002ab3c   0x00000050   Code   RO         3830    i.uart_init         nrf_log_backend_uart.o
    0x0002ab8c   0x0002ab8c   0x0000012a   Code   RO         2040    i.uart_irq_handler  nrfx_uart.o
    0x0002acb6   0x0002acb6   0x00000002   PAD
    0x0002acb8   0x0002acb8   0x00000030   Code   RO         1328    i.uarte_evt_handler  nrf_drv_uart.o
    0x0002ace8   0x0002ace8   0x00000112   Code   RO         2224    i.uarte_irq_handler  nrfx_uarte.o
    0x0002adfa   0x0002adfa   0x0000000a   Code   RO          537    i.uint16_encode     ble_advdata.o
    0x0002ae04   0x0002ae04   0x000000b4   Code   RO         3391    i.unsigned_print    nrf_fprintf_format.o
    0x0002aeb8   0x0002aeb8   0x00000068   Code   RO          661    i.update_timeout_handler  ble_conn_params.o
    0x0002af20   0x0002af20   0x00000024   Code   RO         1082    i.user_mem_reply    nrf_ble_qwr.o
    0x0002af44   0x0002af44   0x00000020   Code   RO         2373    i.usr_event         app_button.o
    0x0002af64   0x0002af64   0x00000030   Code   RO          538    i.uuid_list_encode  ble_advdata.o
    0x0002af94   0x0002af94   0x0000009e   Code   RO          539    i.uuid_list_sized_encode  ble_advdata.o
    0x0002b032   0x0002b032   0x00000002   PAD
    0x0002b034   0x0002b034   0x00000004   Data   RO           17    .constdata          main.o
    0x0002b038   0x0002b038   0x00000008   Data   RO          369    .constdata          boards.o
    0x0002b040   0x0002b040   0x00000016   Data   RO          988    .constdata          nrf_ble_gatt.o
    0x0002b056   0x0002b056   0x00000002   PAD
    0x0002b058   0x0002b058   0x00000010   Data   RO         1126    .constdata          ble_lbs.o
    0x0002b068   0x0002b068   0x00000004   Data   RO         1703    .constdata          nrfx_gpiote.o
    0x0002b06c   0x0002b06c   0x00000004   Data   RO         2043    .constdata          nrfx_uart.o
    0x0002b070   0x0002b070   0x00000004   Data   RO         2227    .constdata          nrfx_uarte.o
    0x0002b074   0x0002b074   0x00000008   Data   RO         2376    .constdata          app_button.o
    0x0002b07c   0x0002b07c   0x00000014   Data   RO         2636    .constdata          app_timer2.o
    0x0002b090   0x0002b090   0x00000006   Data   RO         2849    .constdata          drv_rtc.o
    0x0002b096   0x0002b096   0x00000010   Data   RO         3392    .constdata          nrf_fprintf_format.o
    0x0002b0a6   0x0002b0a6   0x00000002   PAD
    0x0002b0a8   0x0002b0a8   0x00000018   Data   RO         3512    .constdata          nrf_pwr_mgmt.o
    0x0002b0c0   0x0002b0c0   0x0000000c   Data   RO         3513    .constdata          nrf_pwr_mgmt.o
    0x0002b0cc   0x0002b0cc   0x0000013c   Data   RO         3735    .constdata          nrf_strerror.o
    0x0002b208   0x0002b208   0x0000000c   Data   RO         3832    .constdata          nrf_log_backend_uart.o
    0x0002b214   0x0002b214   0x00000020   Data   RO         3833    .constdata          nrf_log_backend_uart.o
    0x0002b234   0x0002b234   0x0000000c   Data   RO         3963    .constdata          nrf_log_frontend.o
    0x0002b240   0x0002b240   0x00000010   Data   RO         4548    .constdata          nrf_sdh.o
    0x0002b250   0x0002b250   0x00000028   Data   RO         4549    .constdata          nrf_sdh.o
    0x0002b278   0x0002b278   0x00000010   Data   RO         4550    .constdata          nrf_sdh.o
    0x0002b288   0x0002b288   0x00000010   Data   RO         4551    .constdata          nrf_sdh.o
    0x0002b298   0x0002b298   0x00000020   Data   RO         4659    .constdata          nrf_sdh_ble.o
    0x0002b2b8   0x0002b2b8   0x00000010   Data   RO         4660    .constdata          nrf_sdh_ble.o
    0x0002b2c8   0x0002b2c8   0x00000010   Data   RO         4710    .constdata          nrf_sdh_soc.o
    0x0002b2d8   0x0002b2d8   0x0000000c   Data   RO         4711    .constdata          nrf_sdh_soc.o
    0x0002b2e4   0x0002b2e4   0x00000081   Data   RO         4811    .constdata          mc_w.l(ctype_o.o)
    0x0002b365   0x0002b365   0x00000003   PAD
    0x0002b368   0x0002b368   0x00000004   Data   RO         4812    .constdata          mc_w.l(ctype_o.o)
    0x0002b36c   0x0002b36c   0x000000a2   Data   RO          989    .conststring        nrf_ble_gatt.o
    0x0002b40e   0x0002b40e   0x00000002   PAD
    0x0002b410   0x0002b410   0x000003eb   Data   RO         3736    .conststring        nrf_strerror.o
    0x0002b7fb   0x0002b7fb   0x00000001   PAD
    0x0002b7fc   0x0002b7fc   0x00000066   Data   RO         4125    .conststring        nrf_log_str_formatter.o
    0x0002b862   0x0002b862   0x00000002   PAD
    0x0002b864   0x0002b864   0x00000188   Data   RO         4661    .conststring        nrf_sdh_ble.o
    0x0002b9ec   0x0002b9ec   0x0000000d   Data   RO          990    .conststrlit        nrf_ble_gatt.o
    0x0002b9f9   0x0002b9f9   0x00000003   PAD
    0x0002b9fc   0x0002b9fc   0x00000006   Data   RO         1186    .conststrlit        nrf_drv_clock.o
    0x0002ba02   0x0002ba02   0x00000002   PAD
    0x0002ba04   0x0002ba04   0x00000006   Data   RO         1534    .conststrlit        nrfx_clock.o
    0x0002ba0a   0x0002ba0a   0x00000002   PAD
    0x0002ba0c   0x0002ba0c   0x00000007   Data   RO         1707    .conststrlit        nrfx_gpiote.o
    0x0002ba13   0x0002ba13   0x00000001   PAD
    0x0002ba14   0x0002ba14   0x00000004   Data   RO         1966    .conststrlit        nrfx_prs.o
    0x0002ba18   0x0002ba18   0x00000005   Data   RO         2046    .conststrlit        nrfx_uart.o
    0x0002ba1d   0x0002ba1d   0x00000003   PAD
    0x0002ba20   0x0002ba20   0x00000006   Data   RO         2230    .conststrlit        nrfx_uarte.o
    0x0002ba26   0x0002ba26   0x00000002   PAD
    0x0002ba28   0x0002ba28   0x0000000b   Data   RO         2377    .conststrlit        app_button.o
    0x0002ba33   0x0002ba33   0x00000001   PAD
    0x0002ba34   0x0002ba34   0x0000000a   Data   RO         2637    .conststrlit        app_timer2.o
    0x0002ba3e   0x0002ba3e   0x00000002   PAD
    0x0002ba40   0x0002ba40   0x00000009   Data   RO         3514    .conststrlit        nrf_pwr_mgmt.o
    0x0002ba49   0x0002ba49   0x00000003   PAD
    0x0002ba4c   0x0002ba4c   0x00000009   Data   RO         3682    .conststrlit        nrf_sortlist.o
    0x0002ba55   0x0002ba55   0x00000003   PAD
    0x0002ba58   0x0002ba58   0x00000011   Data   RO         3898    .conststrlit        nrf_log_default_backends.o
    0x0002ba69   0x0002ba69   0x00000003   PAD
    0x0002ba6c   0x0002ba6c   0x00000004   Data   RO         3964    .conststrlit        nrf_log_frontend.o
    0x0002ba70   0x0002ba70   0x00000008   Data   RO         4552    .conststrlit        nrf_sdh.o
    0x0002ba78   0x0002ba78   0x0000000c   Data   RO         4662    .conststrlit        nrf_sdh_ble.o
    0x0002ba84   0x0002ba84   0x0000000c   Data   RO         4712    .conststrlit        nrf_sdh_soc.o
    0x0002ba90   0x0002ba90   0x00000020   Data   RO         4870    Region$$Table       anon$$obj.o
    0x0002bab0   0x0002bab0   0x00000010   Data   RO         3900    log_backends        nrf_log_default_backends.o
    0x0002bac0   0x0002bac0   0x00000008   Data   RO          991    log_const_data      nrf_ble_gatt.o
    0x0002bac8   0x0002bac8   0x00000008   Data   RO         1187    log_const_data      nrf_drv_clock.o
    0x0002bad0   0x0002bad0   0x00000008   Data   RO         1536    log_const_data      nrfx_clock.o
    0x0002bad8   0x0002bad8   0x00000008   Data   RO         1708    log_const_data      nrfx_gpiote.o
    0x0002bae0   0x0002bae0   0x00000008   Data   RO         1968    log_const_data      nrfx_prs.o
    0x0002bae8   0x0002bae8   0x00000008   Data   RO         2047    log_const_data      nrfx_uart.o
    0x0002baf0   0x0002baf0   0x00000008   Data   RO         2231    log_const_data      nrfx_uarte.o
    0x0002baf8   0x0002baf8   0x00000008   Data   RO         2379    log_const_data      app_button.o
    0x0002bb00   0x0002bb00   0x00000008   Data   RO         2640    log_const_data      app_timer2.o
    0x0002bb08   0x0002bb08   0x00000008   Data   RO         3516    log_const_data      nrf_pwr_mgmt.o
    0x0002bb10   0x0002bb10   0x00000008   Data   RO         3683    log_const_data      nrf_sortlist.o
    0x0002bb18   0x0002bb18   0x00000008   Data   RO         3968    log_const_data      nrf_log_frontend.o
    0x0002bb20   0x0002bb20   0x00000008   Data   RO         4554    log_const_data      nrf_sdh.o
    0x0002bb28   0x0002bb28   0x00000008   Data   RO         4664    log_const_data      nrf_sdh_ble.o
    0x0002bb30   0x0002bb30   0x00000008   Data   RO         4713    log_const_data      nrf_sdh_soc.o
    0x0002bb38   0x0002bb38   0x00000014   Data   RO         3969    nrf_balloc          nrf_log_frontend.o
    0x0002bb4c   0x0002bb4c   0x00000008   Data   RO          768    sdh_ble_observers0  ble_conn_state.o
    0x0002bb54   0x0002bb54   0x00000008   Data   RO           19    sdh_ble_observers1  main.o
    0x0002bb5c   0x0002bb5c   0x00000008   Data   RO          664    sdh_ble_observers1  ble_conn_params.o
    0x0002bb64   0x0002bb64   0x00000010   Data   RO           20    sdh_ble_observers2  main.o
    0x0002bb74   0x0002bb74   0x00000008   Data   RO           21    sdh_ble_observers3  main.o
    0x0002bb7c   0x0002bb7c   0x00000008   Data   RO         1188    sdh_soc_observers0  nrf_drv_clock.o
    0x0002bb84   0x0002bb84   0x00000008   Data   RO         4665    sdh_stack_observers0  nrf_sdh_ble.o
    0x0002bb8c   0x0002bb8c   0x00000008   Data   RO         4714    sdh_stack_observers0  nrf_sdh_soc.o
    0x0002bb94   0x0002bb94   0x00000008   Data   RO         1189    sdh_state_observers0  nrf_drv_clock.o


    Execution Region RW_IRAM1 (Exec base: 0x200022f0, Load base: 0x0002bb9c, Size: 0x00002980, Max: 0x0000dd10, ABSOLUTE)

    Exec Addr    Load Addr    Size         Type   Attr      Idx    E Section Name        Object

    0x200022f0   0x0002bb9c   0x0000001c   Data   RW           18    .data               main.o
    0x2000230c   0x0002bbb8   0x00000008   Data   RW          663    .data               ble_conn_params.o
    0x20002314   0x0002bbc0   0x0000000c   Data   RW         1329    .data               nrf_drv_uart.o
    0x20002320   0x0002bbcc   0x00000008   Data   RW         1535    .data               nrfx_clock.o
    0x20002328   0x0002bbd4   0x00000008   Data   RW         1967    .data               nrfx_prs.o
    0x20002330   0x0002bbdc   0x00000018   Data   RW         2378    .data               app_button.o
    0x20002348   0x0002bbf4   0x00000020   Data   RW         2638    .data               app_timer2.o
    0x20002368   0x0002bc14   0x00000004   Data   RW         2639    .data               app_timer2.o
    0x2000236c   0x0002bc18   0x0000000c   Data   RW         2850    .data               drv_rtc.o
    0x20002378   0x0002bc24   0x00000008   Data   RW         3515    .data               nrf_pwr_mgmt.o
    0x20002380   0x0002bc2c   0x00000018   Data   RW         3834    .data               nrf_log_backend_uart.o
    0x20002398   0x0002bc44   0x00000008   Data   RW         3899    .data               nrf_log_default_backends.o
    0x200023a0   0x0002bc4c   0x00000004   Data   RW         3965    .data               nrf_log_frontend.o
    0x200023a4   0x0002bc50   0x00000008   Data   RW         3966    .data               nrf_log_frontend.o
    0x200023ac   0x0002bc58   0x00000008   Data   RW         3967    .data               nrf_log_frontend.o
    0x200023b4   0x0002bc60   0x00000040   Data   RW         4126    .data               nrf_log_str_formatter.o
    0x200023f4   0x0002bca0   0x00000003   Data   RW         4553    .data               nrf_sdh.o
    0x200023f7   0x0002bca3   0x00000001   Data   RW         4663    .data               nrf_sdh_ble.o
    0x200023f8   0x0002bca4   0x00000004   Data   RW         4755    .data               system_nrf52.o
    0x200023fc        -       0x00000038   Zero   RW           14    .bss                main.o
    0x20002434        -       0x0000001f   Zero   RW           15    .bss                main.o
    0x20002453        -       0x0000001f   Zero   RW           16    .bss                main.o
    0x20002472   0x0002bca8   0x00000006   PAD
    0x20002478        -       0x00000050   Zero   RW          662    .bss                ble_conn_params.o
    0x200024c8        -       0x0000007c   Zero   RW          767    .bss                ble_conn_state.o
    0x20002544        -       0x00000014   Zero   RW         1181    .bss                nrf_drv_clock.o
    0x20002558        -       0x0000005c   Zero   RW         1702    .bss                nrfx_gpiote.o
    0x200025b4        -       0x0000002c   Zero   RW         2041    .bss                nrfx_uart.o
    0x200025e0        -       0x00000024   Zero   RW         2225    .bss                nrfx_uarte.o
    0x20002604   0x0002bca8   0x00000004   PAD
    0x20002608        -       0x00000020   Zero   RW         2374    .bss                app_button.o
    0x20002628        -       0x00000010   Zero   RW         2375    .bss                app_button.o
    0x20002638        -       0x00000010   Zero   RW         2634    .bss                app_timer2.o
    0x20002648        -       0x00000058   Zero   RW         2635    .bss                app_timer2.o
    0x200026a0        -       0x0000000c   Zero   RW         2764    .bss                app_util_platform.o
    0x200026ac        -       0x0000000c   Zero   RW         3511    .bss                nrf_pwr_mgmt.o
    0x200026b8        -       0x00000040   Zero   RW         3831    .bss                nrf_log_backend_uart.o
    0x200026f8        -       0x000000c0   Zero   RW         3959    .bss                nrf_log_frontend.o
    0x200027b8        -       0x00000080   Zero   RW         3960    .bss                nrf_log_frontend.o
    0x20002838        -       0x00000018   Zero   RW         3961    .bss                nrf_log_frontend.o
    0x20002850        -       0x00000420   Zero   RW         3962    .bss                nrf_log_frontend.o
    0x20002c70        -       0x00002000   Zero   RW         4741    STACK               arm_startup_nrf52.o


==============================================================================

Image component sizes


      Code (inc. data)   RO Data    RW Data    ZI Data      Debug   Object Name

       736         74         27         24         48      18883   app_button.o
        22          0          0          0          0       2541   app_error.o
       132         46          0          0          0      34081   app_error_weak.o
       846         88         38         36        104      17057   app_timer2.o
       124         14          0          0         12      10686   app_util_platform.o
        36          8        512          0       8192        952   arm_startup_nrf52.o
      1236          0          0          0          0      98423   ble_advdata.o
       636         44          8          8         80      14787   ble_conn_params.o
       352          6          8          0        124       6457   ble_conn_state.o
       288          6         16          0          0       4991   ble_lbs.o
       456          6          0          0          0       3467   ble_srv_common.o
       192         16          8          0          0       9881   boards.o
       704         76          6         12          0      49009   drv_rtc.o
      1104        238         36         28        118     174186   main.o
       326          0          0          0          0       6111   nrf_atfifo.o
        64          0          0          0          0       3104   nrf_atflags.o
       306          0          0          0          0       8271   nrf_atomic.o
       164          0          0          0          0       3728   nrf_balloc.o
       922        272        205          0          0      37491   nrf_ble_gatt.o
       276          0          0          0          0       6345   nrf_ble_qwr.o
       312         36         30          0         20      45520   nrf_drv_clock.o
       200         26          0         12          0      18068   nrf_drv_uart.o
        50          0          0          0          0       3625   nrf_fprintf.o
       866          4         16          0          0       6674   nrf_fprintf_format.o
       200          0          0          0          0      11709   nrf_log_backend_serial.o
       232         44         44         24         64      16194   nrf_log_backend_uart.o
        28          4         33          8          0       3417   nrf_log_default_backends.o
      1478        128         44         20       1400      30322   nrf_log_frontend.o
       570        108        102         64          0       5804   nrf_log_str_formatter.o
       346          0          0          0          0       9787   nrf_memobj.o
       108         16         53          8         12      40926   nrf_pwr_mgmt.o
        28          0          0          0          0       2435   nrf_ringbuf.o
       384         46        104          3          0      42971   nrf_sdh.o
       672        230        468          1          0       6013   nrf_sdh_ble.o
        60          4         56          0          0       2540   nrf_sdh_soc.o
        78          0          0          0          0       2880   nrf_section_iter.o
        84          0         17          0          0       4257   nrf_sortlist.o
        76         10       1319          0          0       2839   nrf_strerror.o
       242         32         14          8          0      47352   nrfx_clock.o
      1340        112         19          0         92      67352   nrfx_gpiote.o
       112         16         12          8          0       4632   nrfx_prs.o
      1310         42         17          0         44      31117   nrfx_uart.o
      1312         42         18          0         36      26499   nrfx_uarte.o
       752         78          0          4          0      32717   system_nrf52.o

    ----------------------------------------------------------------------
     19804       1872       3296        268      10356     976101   Object Totals
         0          0         32          0          0          0   (incl. Generated)
        42          0         34          0         10          0   (incl. Padding)

    ----------------------------------------------------------------------

      Code (inc. data)   RO Data    RW Data    ZI Data      Debug   Library Member Name

         8          4        133          0          0         68   ctype_o.o
         0          0          0          0          0          0   entry.o
         0          0          0          0          0          0   entry10a.o
         0          0          0          0          0          0   entry11a.o
         8          4          0          0          0          0   entry2.o
         4          0          0          0          0          0   entry5.o
         0          0          0          0          0          0   entry7b.o
         0          0          0          0          0          0   entry8b.o
         8          4          0          0          0          0   entry9a.o
        30          0          0          0          0          0   handlers.o
        36          8          0          0          0         68   init.o
        30          0          0          0          0         68   llshl.o
        36          0          0          0          0         68   memcpya.o
        36          0          0          0          0        108   memseta.o
        14          0          0          0          0         68   strlen.o

    ----------------------------------------------------------------------
       216         20        136          0          0        448   Library Totals
         6          0          3          0          0          0   (incl. Padding)

    ----------------------------------------------------------------------

      Code (inc. data)   RO Data    RW Data    ZI Data      Debug   Library Name

       210         20        133          0          0        448   mc_w.l

    ----------------------------------------------------------------------
       216         20        136          0          0        448   Library Totals

    ----------------------------------------------------------------------

==============================================================================


      Code (inc. data)   RO Data    RW Data    ZI Data      Debug   

     20020       1892       3432        268      10356     950949   Grand Totals
     20020       1892       3432        268      10356     950949   ELF Image Totals
     20020       1892       3432        268          0          0   ROM Totals

==============================================================================

    Total RO  Size (Code + RO Data)                23452 (  22.90kB)
    Total RW  Size (RW Data + ZI Data)             10624 (  10.38kB)
    Total ROM Size (Code + RO Data + RW Data)      23720 (  23.16kB)

==============================================================================

