<html>
<body>
<pre>
<h1>礦ision Build Log</h1>
<h2>Tool Versions:</h2>
IDE-Version: μVision V5.30.0.0
Copyright (C) 2020 ARM Ltd and ARM Germany GmbH. All rights reserved.
License Information: Jianlong zhang , Prose, LIC=21E4T-RBDYR-X7HRZ-JW6ID-HVEYN-YY1AG
 
Tool Versions:
Toolchain:       MDK-ARM Plus  Version: 5.30.0.0
Toolchain Path:  C:\Keil_v5\ARM\ARMCC\Bin
C Compiler:      Armcc.exe V5.06 update 6 (build 750)
Assembler:       Armasm.exe V5.06 update 6 (build 750)
Linker/Locator:  ArmLink.exe V5.06 update 6 (build 750)
Library Manager: ArmAr.exe V5.06 update 6 (build 750)
Hex Converter:   FromElf.exe V5.06 update 6 (build 750)
CPU DLL:         SARMCM3.DLL V5.30.0.0
Dialog DLL:      DCM.DLL V1.17.3.0
Target DLL:      CMSIS_AGDI.dll V1.32.5.0
Dialog DLL:      TCM.DLL V1.42.0.0
 
<h2>Project:</h2>
D:\workSpace\stm32_study\fressRtos\FreeRTOS_使用固件库点亮LED灯\Project\YH-F407.uvprojx
Project File Date:  11/08/2023

<h2>Output:</h2>
*** Using Compiler 'V5.06 update 6 (build 750)', folder: 'C:\Keil_v5\ARM\ARMCC\Bin'
Rebuild target 'LED'
assembling startup_stm32f407xx.s...
compiling stm32f4xx_hal_crc.c...
compiling stm32f4xx_hal_cec.c...
compiling stm32f4xx_hal_cortex.c...
compiling stm32f4xx_hal_can.c...
compiling system_stm32f4xx.c...
compiling stm32f4xx_hal_adc_ex.c...
compiling stm32f4xx_hal_adc.c...
compiling stm32f4xx_hal.c...
compiling stm32f4xx_hal_cryp.c...
compiling stm32f4xx_hal_dac_ex.c...
compiling stm32f4xx_hal_dfsdm.c...
compiling stm32f4xx_hal_dac.c...
compiling stm32f4xx_hal_cryp_ex.c...
compiling stm32f4xx_hal_dcmi.c...
compiling stm32f4xx_hal_dma.c...
compiling stm32f4xx_hal_dcmi_ex.c...
compiling stm32f4xx_hal_dsi.c...
compiling stm32f4xx_hal_dma2d.c...
compiling stm32f4xx_hal_flash_ex.c...
compiling stm32f4xx_hal_eth.c...
compiling stm32f4xx_hal_fmpi2c.c...
compiling stm32f4xx_hal_flash_ramfunc.c...
compiling stm32f4xx_hal_flash.c...
compiling stm32f4xx_hal_dma_ex.c...
compiling stm32f4xx_hal_hash.c...
compiling stm32f4xx_hal_hash_ex.c...
compiling stm32f4xx_hal_hcd.c...
compiling stm32f4xx_hal_fmpi2c_ex.c...
compiling stm32f4xx_hal_gpio.c...
compiling stm32f4xx_hal_i2c_ex.c...
compiling stm32f4xx_hal_i2s.c...
compiling stm32f4xx_hal_i2c.c...
compiling stm32f4xx_hal_iwdg.c...
compiling stm32f4xx_hal_irda.c...
compiling stm32f4xx_hal_nand.c...
compiling stm32f4xx_hal_i2s_ex.c...
compiling stm32f4xx_hal_ltdc.c...
compiling stm32f4xx_hal_lptim.c...
compiling stm32f4xx_hal_mmc.c...
compiling stm32f4xx_hal_ltdc_ex.c...
compiling stm32f4xx_hal_pcd_ex.c...
compiling stm32f4xx_hal_pccard.c...
compiling stm32f4xx_hal_pcd.c...
compiling stm32f4xx_hal_pwr.c...
compiling stm32f4xx_hal_qspi.c...
compiling stm32f4xx_hal_nor.c...
compiling stm32f4xx_hal_pwr_ex.c...
compiling stm32f4xx_hal_rcc.c...
compiling stm32f4xx_hal_rtc_ex.c...
compiling stm32f4xx_hal_rng.c...
compiling stm32f4xx_hal_sai.c...
compiling stm32f4xx_hal_sdram.c...
compiling stm32f4xx_hal_sd.c...
compiling stm32f4xx_hal_rcc_ex.c...
compiling stm32f4xx_hal_rtc.c...
compiling stm32f4xx_hal_sai_ex.c...
compiling stm32f4xx_hal_smartcard.c...
compiling stm32f4xx_hal_spdifrx.c...
compiling stm32f4xx_hal_usart.c...
compiling stm32f4xx_hal_sram.c...
compiling stm32f4xx_hal_uart.c...
compiling stm32f4xx_hal_tim_ex.c...
compiling stm32f4xx_hal_tim.c...
compiling stm32f4xx_hal_spi.c...
compiling stm32f4xx_ll_adc.c...
compiling stm32f4xx_ll_crc.c...
compiling stm32f4xx_ll_dac.c...
compiling stm32f4xx_ll_dma.c...
compiling stm32f4xx_ll_dma2d.c...
compiling stm32f4xx_ll_exti.c...
compiling stm32f4xx_hal_wwdg.c...
compiling stm32f4xx_ll_gpio.c...
compiling stm32f4xx_ll_fsmc.c...
compiling stm32f4xx_ll_sdmmc.c...
compiling stm32f4xx_ll_i2c.c...
compiling stm32f4xx_ll_lptim.c...
compiling stm32f4xx_ll_pwr.c...
compiling stm32f4xx_hal_exti.c...
compiling stm32f4xx_ll_rcc.c...
compiling stm32f4xx_ll_usb.c...
compiling stm32f4xx_ll_rng.c...
compiling stm32f4xx_ll_rtc.c...
compiling stm32f4xx_ll_spi.c...
compiling stm32f4xx_ll_tim.c...
compiling stm32f4xx_hal_smbus.c...
compiling stm32f4xx_ll_usart.c...
compiling stm32f4xx_hal_msp_template.c...
compiling stm32f4xx_ll_fmc.c...
compiling list.c...
compiling croutine.c...
compiling event_groups.c...
compiling queue.c...
compiling timers.c...
compiling heap_4.c...
compiling tasks.c...
compiling port.c...
compiling stm32f4xx_it.c...
compiling bsp_led.c...
compiling main.c...
compiling stm32f4xx_ll_utils.c...
linking...
Program Size: Code=3672 RO-data=448 RW-data=16 ZI-data=1024  
FromELF: creating hex file...
"..\Output\YH-F407.axf" - 0 Error(s), 0 Warning(s).

<h2>Software Packages used:</h2>

Package Vendor: Keil
                http://www.keil.com/pack/Keil.STM32F4xx_DFP.2.15.0.pack
                Keil.STM32F4xx_DFP.2.15.0
                STMicroelectronics STM32F4 Series Device Support, Drivers and Examples

<h2>Collection of Component include folders:</h2>
  .\RTE\_LED
  D:\Keil5\Packs\Keil\STM32F4xx_DFP\2.15.0\Drivers\CMSIS\Device\ST\STM32F4xx\Include

<h2>Collection of Component Files used:</h2>
Build Time Elapsed:  00:02:03
</pre>
</body>
</html>
