Component: ARM Compiler 5.06 update 6 (build 750) Tool: armlink [4d35ed]

==============================================================================

Section Cross References

    main.o(i.advertising_start) refers to nrf_log_frontend.o(i.nrf_log_frontend_std_0) for nrf_log_frontend_std_0
    main.o(i.advertising_start) refers to peer_manager.o(i.pm_peers_delete) for pm_peers_delete
    main.o(i.advertising_start) refers to ble_advertising.o(i.ble_advertising_start) for ble_advertising_start
    main.o(i.advertising_start) refers to app_error.o(i.app_error_handler_bare) for app_error_handler_bare
    main.o(i.advertising_start) refers to nrf_log_frontend.o(log_const_data) for m_nrf_log_app_logs_data_const
    main.o(i.advertising_start) refers to main.o(.bss) for .bss
    main.o(i.assert_nrf_callback) refers to app_error_handler_keil.o(.emb_text) for app_error_handler
    main.o(i.ble_evt_handler) refers to nrf_log_frontend.o(i.nrf_log_frontend_std_0) for nrf_log_frontend_std_0
    main.o(i.ble_evt_handler) refers to bsp.o(i.bsp_indication_set) for bsp_indication_set
    main.o(i.ble_evt_handler) refers to app_error.o(i.app_error_handler_bare) for app_error_handler_bare
    main.o(i.ble_evt_handler) refers to nrf_ble_qwr.o(i.nrf_ble_qwr_conn_handle_assign) for nrf_ble_qwr_conn_handle_assign
    main.o(i.ble_evt_handler) refers to nrf_log_frontend.o(log_const_data) for m_nrf_log_app_logs_data_const
    main.o(i.ble_evt_handler) refers to main.o(.data) for .data
    main.o(i.ble_evt_handler) refers to main.o(.bss) for .bss
    main.o(i.bsp_event_handler) refers to main.o(i.sleep_mode_enter) for sleep_mode_enter
    main.o(i.bsp_event_handler) refers to app_error.o(i.app_error_handler_bare) for app_error_handler_bare
    main.o(i.bsp_event_handler) refers to ble_advertising.o(i.ble_advertising_restart_without_whitelist) for ble_advertising_restart_without_whitelist
    main.o(i.bsp_event_handler) refers to main.o(.data) for .data
    main.o(i.bsp_event_handler) refers to main.o(.bss) for .bss
    main.o(i.conn_params_error_handler) refers to app_error.o(i.app_error_handler_bare) for app_error_handler_bare
    main.o(i.main) refers to nrf_log_frontend.o(i.nrf_log_init) for nrf_log_init
    main.o(i.main) refers to app_error.o(i.app_error_handler_bare) for app_error_handler_bare
    main.o(i.main) refers to nrf_log_default_backends.o(i.nrf_log_default_backends_init) for nrf_log_default_backends_init
    main.o(i.main) refers to app_timer2.o(i.app_timer_init) for app_timer_init
    main.o(i.main) refers to bsp.o(i.bsp_init) for bsp_init
    main.o(i.main) refers to bsp_btn_ble.o(i.bsp_btn_ble_init) for bsp_btn_ble_init
    main.o(i.main) refers to nrf_pwr_mgmt.o(i.nrf_pwr_mgmt_init) for nrf_pwr_mgmt_init
    main.o(i.main) refers to nrf_sdh.o(i.nrf_sdh_enable_request) for nrf_sdh_enable_request
    main.o(i.main) refers to nrf_sdh_ble.o(i.nrf_sdh_ble_default_cfg_set) for nrf_sdh_ble_default_cfg_set
    main.o(i.main) refers to nrf_sdh_ble.o(i.nrf_sdh_ble_enable) for nrf_sdh_ble_enable
    main.o(i.main) refers to nrf_ble_gatt.o(i.nrf_ble_gatt_init) for nrf_ble_gatt_init
    main.o(i.main) refers to memseta.o(.text) for __aeabi_memclr4
    main.o(i.main) refers to ble_advertising.o(i.ble_advertising_init) for ble_advertising_init
    main.o(i.main) refers to ble_advertising.o(i.ble_advertising_conn_cfg_tag_set) for ble_advertising_conn_cfg_tag_set
    main.o(i.main) refers to nrf_ble_qwr.o(i.nrf_ble_qwr_init) for nrf_ble_qwr_init
    main.o(i.main) refers to ble_conn_params.o(i.ble_conn_params_init) for ble_conn_params_init
    main.o(i.main) refers to main.o(i.peer_manager_init) for peer_manager_init
    main.o(i.main) refers to nrf_log_frontend.o(i.nrf_log_frontend_std_0) for nrf_log_frontend_std_0
    main.o(i.main) refers to main.o(i.advertising_start) for advertising_start
    main.o(i.main) refers to nrf_log_frontend.o(i.nrf_log_frontend_dequeue) for nrf_log_frontend_dequeue
    main.o(i.main) refers to nrf_pwr_mgmt.o(i.nrf_pwr_mgmt_run) for nrf_pwr_mgmt_run
    main.o(i.main) refers to main.o(i.bsp_event_handler) for bsp_event_handler
    main.o(i.main) refers to main.o(.bss) for .bss
    main.o(i.main) refers to main.o(.data) for .data
    main.o(i.main) refers to main.o(i.on_adv_evt) for on_adv_evt
    main.o(i.main) refers to main.o(i.nrf_qwr_error_handler) for nrf_qwr_error_handler
    main.o(i.main) refers to main.o(i.on_conn_params_evt) for on_conn_params_evt
    main.o(i.main) refers to main.o(i.conn_params_error_handler) for conn_params_error_handler
    main.o(i.main) refers to nrf_log_frontend.o(log_const_data) for m_nrf_log_app_logs_data_const
    main.o(i.nrf_qwr_error_handler) refers to app_error.o(i.app_error_handler_bare) for app_error_handler_bare
    main.o(i.on_adv_evt) refers to nrf_log_frontend.o(i.nrf_log_frontend_std_0) for nrf_log_frontend_std_0
    main.o(i.on_adv_evt) refers to bsp.o(i.bsp_indication_set) for bsp_indication_set
[...]
    sdh_ble_observers0$$Base                 0x00032308   Number         0  ble_conn_state.o(sdh_ble_observers0)
    sdh_ble_observers0$$Limit                0x00032310   Number         0  ble_conn_state.o(sdh_ble_observers0)
    sdh_ble_observers1$$Base                 0x00032310   Number         0  main.o(sdh_ble_observers1)
    sdh_ble_observers1$$Limit                0x00032338   Number         0  peer_manager.o(sdh_ble_observers1)
    sdh_ble_observers2$$Base                 0x00032338   Number         0  main.o(sdh_ble_observers2)
    sdh_ble_observers2$$Limit                0x00032340   Number         0  main.o(sdh_ble_observers2)
    sdh_ble_observers3$$Base                 0x00032340   Number         0  main.o(sdh_ble_observers3)
    m_req_obs                                0x00032348   Data           8  nrf_fstorage_sd.o(sdh_req_observers0)
    sdh_ble_observers3$$Limit                0x00032348   Number         0  main.o(sdh_ble_observers3)
    sdh_req_observers0$$Base                 0x00032348   Number         0  nrf_fstorage_sd.o(sdh_req_observers0)
    sdh_req_observers0$$Limit                0x00032350   Number         0  nrf_fstorage_sd.o(sdh_req_observers0)
    sdh_soc_observers0$$Base                 0x00032350   Number         0  nrf_drv_clock.o(sdh_soc_observers0)
    sdh_soc_observers0$$Limit                0x00032360   Number         0  nrf_fstorage_sd.o(sdh_soc_observers0)
    sdh_stack_observers0$$Base               0x00032360   Number         0  nrf_sdh_ble.o(sdh_stack_observers0)
    sdh_stack_observers0$$Limit              0x00032370   Number         0  nrf_sdh_soc.o(sdh_stack_observers0)
    sdh_state_observers0$$Base               0x00032370   Number         0  nrf_drv_clock.o(sdh_state_observers0)
    sdh_state_observers0$$Limit              0x00032380   Number         0  nrf_fstorage_sd.o(sdh_state_observers0)
    Image$$RW_IRAM1$$Base                    0x20002250   Number         0  anon$$obj.o ABSOLUTE
    nrf_drv_uart_use_easy_dma                0x20002338   Data           1  nrf_drv_uart.o(.data)
    m_uart                                   0x200023e4   Data          20  nrf_log_backend_uart.o(.data)
    SystemCoreClock                          0x20002458   Data           4  system_nrf52.o(.data)
    fs_data$$Base                            0x2000245c   Number         0  fds.o(fs_data)
    m_fs                                     0x2000245c   Data          20  fds.o(fs_data)
    fs_data$$Limit                           0x20002470   Number         0  fds.o(fs_data)
    nrf_nvic_state                           0x20002e40   Data          12  app_util_platform.o(.bss)
    __initial_sp                             0x200055b0   Data           0  arm_startup_nrf52.o(STACK)



==============================================================================

Memory Map of the image

  Image Entry point : 0x00026201

  Load Region LR_IROM1 (Base: 0x00026000, Size: 0x0000c5a0, Max: 0x0005a000, ABSOLUTE, COMPRESSED[0x0000c41c])

    Execution Region ER_IROM1 (Exec base: 0x00026000, Load base: 0x00026000, Size: 0x0000c380, Max: 0x0005a000, ABSOLUTE)

    Exec Addr    Load Addr    Size         Type   Attr      Idx    E Section Name        Object

    0x00026000   0x00026000   0x00000200   Data   RO         7099    RESET               arm_startup_nrf52.o
    0x00026200   0x00026200   0x00000000   Code   RO         7156  * .ARM.Collect$$$$00000000  mc_w.l(entry.o)
    0x00026200   0x00026200   0x00000004   Code   RO         7210    .ARM.Collect$$$$00000001  mc_w.l(entry2.o)
    0x00026204   0x00026204   0x00000004   Code   RO         7213    .ARM.Collect$$$$00000004  mc_w.l(entry5.o)
    0x00026208   0x00026208   0x00000000   Code   RO         7215    .ARM.Collect$$$$00000008  mc_w.l(entry7b.o)
    0x00026208   0x00026208   0x00000000   Code   RO         7217    .ARM.Collect$$$$0000000A  mc_w.l(entry8b.o)
    0x00026208   0x00026208   0x00000008   Code   RO         7218    .ARM.Collect$$$$0000000B  mc_w.l(entry9a.o)
    0x00026210   0x00026210   0x00000000   Code   RO         7220    .ARM.Collect$$$$0000000D  mc_w.l(entry10a.o)
    0x00026210   0x00026210   0x00000000   Code   RO         7222    .ARM.Collect$$$$0000000F  mc_w.l(entry11a.o)
    0x00026210   0x00026210   0x00000004   Code   RO         7211    .ARM.Collect$$$$00002712  mc_w.l(entry2.o)
    0x00026214   0x00026214   0x000000c8   Code   RO         5171    .emb_text           nrf_atfifo.o
    0x000262dc   0x000262dc   0x000000e2   Code   RO         5307    .emb_text           nrf_atomic.o
    0x000263be   0x000263be   0x00000002   PAD
    0x000263c0   0x000263c0   0x00000024   Code   RO         7100    .text               arm_startup_nrf52.o
    0x000263e4   0x000263e4   0x00000062   Code   RO         7164    .text               mc_w.l(uldiv.o)
    0x00026446   0x00026446   0x0000001e   Code   RO         7166    .text               mc_w.l(llshl.o)
    0x00026464   0x00026464   0x00000008   Code   RO         7168    .text               mc_w.l(ctype_o.o)
    0x0002646c   0x0002646c   0x00000024   Code   RO         7196    .text               mc_w.l(memcpya.o)
    0x00026490   0x00026490   0x00000024   Code   RO         7198    .text               mc_w.l(memseta.o)
    0x000264b4   0x000264b4   0x0000000e   Code   RO         7200    .text               mc_w.l(strlen.o)
    0x000264c2   0x000264c2   0x0000001a   Code   RO         7204    .text               mc_w.l(memcmp.o)
    0x000264dc   0x000264dc   0x00000020   Code   RO         7225    .text               mc_w.l(llushr.o)
    0x000264fc   0x000264fc   0x00000024   Code   RO         7228    .text               mc_w.l(init.o)
    0x00026520   0x00026520   0x00000056   Code   RO         7238    .text               mc_w.l(__dczerorl2.o)
    0x00026576   0x00026576   0x00000002   PAD
    0x00026578   0x00026578   0x000000a4   Code   RO         3438    i.GPIOTE_IRQHandler  nrfx_gpiote.o
    0x0002661c   0x0002661c   0x00000058   Code   RO         3299    i.POWER_CLOCK_IRQHandler  nrfx_clock.o
    0x00026674   0x00026674   0x00000010   Code   RO         4635    i.RTC1_IRQHandler   drv_rtc.o
    0x00026684   0x00026684   0x00000004   Code   RO         6890    i.SWI2_EGU2_IRQHandler  nrf_sdh.o
    0x00026688   0x00026688   0x000002d8   Code   RO         7108    i.SystemInit        system_nrf52.o
    0x00026960   0x00026960   0x0000000c   Code   RO         3743    i.UARTE0_UART0_IRQHandler  nrfx_prs.o
    0x0002696c   0x0002696c   0x0000000e   Code   RO         7232    i.__scatterload_copy  mc_w.l(handlers.o)
    0x0002697a   0x0002697a   0x00000002   Code   RO         7233    i.__scatterload_null  mc_w.l(handlers.o)
    0x0002697c   0x0002697c   0x0000000e   Code   RO         7234    i.__scatterload_zeroinit  mc_w.l(handlers.o)
    0x0002698a   0x0002698a   0x00000002   PAD
    0x0002698c   0x0002698c   0x00000024   Code   RO         6891    i.__sd_nvic_app_accessible_irq  nrf_sdh.o
    0x000269b0   0x000269b0   0x0000013c   Code   RO         2494    i._conn_secure      peer_manager_handler.o
    0x00026aec   0x00026aec   0x00000026   Code   RO         1524    i.addr_compare      id_manager.o
    0x00026b12   0x00026b12   0x0000000c   Code   RO         5559    i.addr_is_aligned32  nrf_fstorage.o
    0x00026b1e   0x00026b1e   0x00000018   Code   RO         5560    i.addr_is_within_bounds  nrf_fstorage.o
    0x00026b36   0x00026b36   0x00000010   Code   RO          865    i.adv_set_data_size_max_get  ble_advertising.o
    0x00026b46   0x00026b46   0x00000036   Code   RO          631    i.advertising_buttons_configure  bsp_btn_ble.o
    0x00026b7c   0x00026b7c   0x00000050   Code   RO            4    i.advertising_start  main.o
    0x00026bcc   0x00026bcc   0x00000052   Code   RO         1525    i.ah                id_manager.o
    0x00026c1e   0x00026c1e   0x00000006   Code   RO          514    i.alert_timer_handler  bsp.o
    0x00026c24   0x00026c24   0x0000000c   Code   RO         2638    i.allow_repairing   security_dispatcher.o
    0x00026c30   0x00026c30   0x00000024   Code   RO         4146    i.app_button_enable  app_button.o
    0x00026c54   0x00026c54   0x00000080   Code   RO         4147    i.app_button_init   app_button.o
    0x00026cd4   0x00026cd4   0x00000084   Code   RO         4304    i.app_error_fault_handler  app_error_weak.o
    0x00026d58   0x00026d58   0x00000016   Code   RO         4244    i.app_error_handler_bare  app_error.o
    0x00026d6e   0x00026d6e   0x00000002   PAD
    0x00026d70   0x00026d70   0x0000000c   Code   RO         4399    i.app_timer_cnt_get  app_timer2.o
    0x00026d7c   0x00026d7c   0x00000016   Code   RO         4400    i.app_timer_create  app_timer2.o
    0x00026d92   0x00026d92   0x00000002   PAD
    0x00026d94   0x00026d94   0x0000005c   Code   RO         4401    i.app_timer_init    app_timer2.o
    0x00026df0   0x00026df0   0x00000030   Code   RO         4404    i.app_timer_start   app_timer2.o
    0x00026e20   0x00026e20   0x0000000c   Code   RO         4405    i.app_timer_stop    app_timer2.o
    0x00026e2c   0x00026e2c   0x00000048   Code   RO         4540    i.app_util_critical_region_enter  app_util_platform.o
    0x00026e74   0x00026e74   0x00000034   Code   RO         4541    i.app_util_critical_region_exit  app_util_platform.o
    0x00026ea8   0x00026ea8   0x00000088   Code   RO         3797    i.apply_config      nrfx_uart.o
    0x00026f30   0x00026f30   0x00000088   Code   RO         3985    i.apply_config      nrfx_uarte.o
    0x00026fb8   0x00026fb8   0x00000004   Code   RO         1263    i.apply_pending_handle  gatt_cache_manager.o
    0x00026fbc   0x00026fbc   0x00000180   Code   RO         2639    i.auth_status_success_process  security_dispatcher.o
    0x0002713c   0x0002713c   0x00000182   Code   RO          759    i.ble_advdata_encode  ble_advdata.o
    0x000272be   0x000272be   0x00000020   Code   RO          761    i.ble_advdata_parse  ble_advdata.o
    0x000272de   0x000272de   0x00000046   Code   RO          762    i.ble_advdata_search  ble_advdata.o
    0x00027324   0x00027324   0x00000006   Code   RO          867    i.ble_advertising_conn_cfg_tag_set  ble_advertising.o
    0x0002732a   0x0002732a   0x000000f8   Code   RO          868    i.ble_advertising_init  ble_advertising.o
    0x00027422   0x00027422   0x0000006a   Code   RO          870    i.ble_advertising_on_ble_evt  ble_advertising.o
    0x0002748c   0x0002748c   0x0000003a   Code   RO          872    i.ble_advertising_restart_without_whitelist  ble_advertising.o
    0x000274c6   0x000274c6   0x00000230   Code   RO          873    i.ble_advertising_start  ble_advertising.o
    0x000276f6   0x000276f6   0x00000002   PAD
    0x000276f8   0x000276f8   0x00000068   Code   RO          958    i.ble_conn_params_init  ble_conn_params.o
    0x00027760   0x00027760   0x00000020   Code   RO         1034    i.ble_conn_state_encrypted  ble_conn_state.o
    0x00027780   0x00027780   0x0000002c   Code   RO         1036    i.ble_conn_state_for_each_set_user_flag  ble_conn_state.o
    0x000277ac   0x000277ac   0x00000020   Code   RO         1038    i.ble_conn_state_lesc  ble_conn_state.o
    0x000277cc   0x000277cc   0x00000020   Code   RO         1039    i.ble_conn_state_mitm_protected  ble_conn_state.o
    0x000277ec   0x000277ec   0x00000024   Code   RO         1042    i.ble_conn_state_role  ble_conn_state.o
    0x00027810   0x00027810   0x00000024   Code   RO         1043    i.ble_conn_state_status  ble_conn_state.o
    0x00027834   0x00027834   0x00000018   Code   RO         1044    i.ble_conn_state_user_flag_acquire  ble_conn_state.o
    0x0002784c   0x0002784c   0x00000030   Code   RO         1045    i.ble_conn_state_user_flag_get  ble_conn_state.o
    0x0002787c   0x0002787c   0x00000038   Code   RO         1046    i.ble_conn_state_user_flag_set  ble_conn_state.o
    0x000278b4   0x000278b4   0x00000014   Code   RO         1047    i.ble_conn_state_valid  ble_conn_state.o
    0x000278c8   0x000278c8   0x00000060   Code   RO          765    i.ble_device_addr_encode  ble_advdata.o
    0x00027928   0x00027928   0x000000b4   Code   RO            6    i.ble_evt_handler   main.o
    0x000279dc   0x000279dc   0x00000070   Code   RO          632    i.ble_evt_handler   bsp_btn_ble.o
    0x00027a4c   0x00027a4c   0x000000fc   Code   RO          960    i.ble_evt_handler   ble_conn_params.o
    0x00027b48   0x00027b48   0x00000118   Code   RO         1048    i.ble_evt_handler   ble_conn_state.o
    0x00027c60   0x00027c60   0x00000028   Code   RO         2188    i.ble_evt_handler   peer_manager.o
    0x00027c88   0x00027c88   0x00000008   Code   RO         1203    i.ble_srv_is_notification_enabled  ble_srv_common.o
    0x00027c90   0x00027c90   0x0000000c   Code   RO          401    i.bsp_board_button_idx_to_pin  boards.o
    0x00027c9c   0x00027c9c   0x00000020   Code   RO          402    i.bsp_board_button_state_get  boards.o
    0x00027cbc   0x00027cbc   0x00000054   Code   RO          403    i.bsp_board_init    boards.o
    0x00027d10   0x00027d10   0x00000024   Code   RO          405    i.bsp_board_led_invert  boards.o
    0x00027d34   0x00027d34   0x00000010   Code   RO          406    i.bsp_board_led_off  boards.o
    0x00027d44   0x00027d44   0x00000010   Code   RO          407    i.bsp_board_led_on  boards.o
    0x00027d54   0x00027d54   0x00000020   Code   RO          408    i.bsp_board_led_state_get  boards.o
    0x00027d74   0x00027d74   0x00000012   Code   RO          409    i.bsp_board_leds_off  boards.o
    0x00027d86   0x00027d86   0x00000012   Code   RO          410    i.bsp_board_leds_on  boards.o
    0x00027d98   0x00027d98   0x00000024   Code   RO          411    i.bsp_board_pin_to_button_idx  boards.o
    0x00027dbc   0x00027dbc   0x00000038   Code   RO          633    i.bsp_btn_ble_init  bsp_btn_ble.o
    0x00027df4   0x00027df4   0x0000001e   Code   RO          634    i.bsp_btn_ble_sleep_mode_prepare  bsp_btn_ble.o
    0x00027e12   0x00027e12   0x00000002   PAD
    0x00027e14   0x00027e14   0x00000090   Code   RO          515    i.bsp_button_event_handler  bsp.o
    0x00027ea4   0x00027ea4   0x0000000c   Code   RO          516    i.bsp_button_is_pressed  bsp.o
    0x00027eb0   0x00027eb0   0x0000004c   Code   RO            7    i.bsp_event_handler  main.o
    0x00027efc   0x00027efc   0x00000044   Code   RO          519    i.bsp_event_to_button_action_assign  bsp.o
    0x00027f40   0x00027f40   0x00000018   Code   RO          520    i.bsp_indication_set  bsp.o
    0x00027f58   0x00027f58   0x00000094   Code   RO          521    i.bsp_init          bsp.o
    0x00027fec   0x00027fec   0x000001c8   Code   RO          522    i.bsp_led_indication  bsp.o
    0x000281b4   0x000281b4   0x00000006   Code   RO          524    i.bsp_wakeup_button_enable  bsp.o
    0x000281ba   0x000281ba   0x00000002   PAD
    0x000281bc   0x000281bc   0x00000094   Code   RO         6289    i.buf_prealloc      nrf_log_frontend.o
    0x00028250   0x00028250   0x0000002e   Code   RO         5519    i.buffer_add        nrf_fprintf_format.o
    0x0002827e   0x0002827e   0x00000002   PAD
    0x00028280   0x00028280   0x00000018   Code   RO         6290    i.buffer_is_empty   nrf_log_frontend.o
    0x00028298   0x00028298   0x00000028   Code   RO         4149    i.button_get        app_button.o
    0x000282c0   0x000282c0   0x00000008   Code   RO          525    i.button_timer_handler  bsp.o
    0x000282c8   0x000282c8   0x00000028   Code   RO         1264    i.car_update_needed  gatt_cache_manager.o
    0x000282f0   0x000282f0   0x00000040   Code   RO         1265    i.car_update_pending_handle  gatt_cache_manager.o
    0x00028330   0x00028330   0x0000001c   Code   RO         3439    i.channel_free      nrfx_gpiote.o
    0x0002834c   0x0002834c   0x00000048   Code   RO         3440    i.channel_port_alloc  nrfx_gpiote.o
    0x00028394   0x00028394   0x00000010   Code   RO         3441    i.channel_port_get  nrfx_gpiote.o
    0x000283a4   0x000283a4   0x0000003e   Code   RO         2098    i.claim             peer_id.o
    0x000283e2   0x000283e2   0x00000002   PAD
    0x000283e4   0x000283e4   0x00000028   Code   RO         2954    i.clock_clk_started_notify  nrf_drv_clock.o
    0x0002840c   0x0002840c   0x0000001c   Code   RO         2955    i.clock_irq_handler  nrf_drv_clock.o
    0x00028428   0x00028428   0x00000018   Code   RO         4407    i.compare_func      app_timer2.o
    0x00028440   0x00028440   0x0000003e   Code   RO         1049    i.conn_handle_list_get  ble_conn_state.o
    0x0002847e   0x0002847e   0x00000088   Code   RO          766    i.conn_int_encode   ble_advdata.o
    0x00028506   0x00028506   0x00000004   Code   RO            8    i.conn_params_error_handler  main.o
    0x0002850a   0x0002850a   0x00000002   PAD
    0x0002850c   0x0002850c   0x00000048   Code   RO          961    i.conn_params_negotiation  ble_conn_params.o
    0x00028554   0x00028554   0x00000044   Code   RO         2640    i.conn_sec_failure  security_dispatcher.o
    0x00028598   0x00028598   0x00000004   Code   RO         2495    i.conn_secure       peer_manager_handler.o
    0x0002859c   0x0002859c   0x000000c0   Code   RO         1693    i.data_length_update  nrf_ble_gatt.o
    0x0002865c   0x0002865c   0x00000030   Code   RO         1266    i.db_update_pending_handle  gatt_cache_manager.o
    0x0002868c   0x0002868c   0x0000008c   Code   RO         4804    i.delete_execute    fds.o
    0x00028718   0x00028718   0x00000048   Code   RO         4150    i.detection_delay_timeout_handler  app_button.o
    0x00028760   0x00028760   0x00000014   Code   RO         6291    i.dropped_sat16_get  nrf_log_frontend.o
    0x00028774   0x00028774   0x00000014   Code   RO         4636    i.drv_rtc_compare_disable  drv_rtc.o
    0x00028788   0x00028788   0x0000000e   Code   RO         4639    i.drv_rtc_compare_pending  drv_rtc.o
    0x00028796   0x00028796   0x00000050   Code   RO         4640    i.drv_rtc_compare_set  drv_rtc.o
    0x000287e6   0x000287e6   0x00000008   Code   RO         4641    i.drv_rtc_counter_get  drv_rtc.o
    0x000287ee   0x000287ee   0x00000002   PAD
    0x000287f0   0x000287f0   0x000000d8   Code   RO         4642    i.drv_rtc_init      drv_rtc.o
    0x000288c8   0x000288c8   0x0000001e   Code   RO         4643    i.drv_rtc_irq_trigger  drv_rtc.o
    0x000288e6   0x000288e6   0x00000008   Code   RO         4645    i.drv_rtc_overflow_enable  drv_rtc.o
    0x000288ee   0x000288ee   0x00000008   Code   RO         4646    i.drv_rtc_overflow_pending  drv_rtc.o
    0x000288f6   0x000288f6   0x00000008   Code   RO         4647    i.drv_rtc_start     drv_rtc.o
    0x000288fe   0x000288fe   0x00000008   Code   RO         4648    i.drv_rtc_stop      drv_rtc.o
    0x00028906   0x00028906   0x000000de   Code   RO         4653    i.drv_rtc_windowed_compare_set  drv_rtc.o
    0x000289e4   0x000289e4   0x0000000a   Code   RO         2641    i.encryption_failure  security_dispatcher.o
    0x000289ee   0x000289ee   0x00000002   PAD
    0x000289f0   0x000289f0   0x0000004c   Code   RO         5646    i.erase             nrf_fstorage_sd.o
    0x00028a3c   0x00028a3c   0x00000074   Code   RO         4805    i.event_prepare     fds.o
    0x00028ab0   0x00028ab0   0x00000020   Code   RO         4806    i.event_send        fds.o
    0x00028ad0   0x00028ad0   0x00000054   Code   RO         5647    i.event_send        nrf_fstorage_sd.o
    0x00028b24   0x00028b24   0x00000098   Code   RO         2779    i.events_send_from_err_code  security_manager.o
    0x00028bbc   0x00028bbc   0x00000012   Code   RO         4654    i.evt_enable        drv_rtc.o
    0x00028bce   0x00028bce   0x00000002   PAD
    0x00028bd0   0x00028bd0   0x000000e0   Code   RO         4151    i.evt_handle        app_button.o
    0x00028cb0   0x00028cb0   0x00000014   Code   RO         4655    i.evt_pending       drv_rtc.o
    0x00028cc4   0x00028cc4   0x0000001c   Code   RO         1267    i.evt_send          gatt_cache_manager.o
    0x00028ce0   0x00028ce0   0x0000001c   Code   RO         1429    i.evt_send          gatts_cache_manager.o
    0x00028cfc   0x00028cfc   0x0000002c   Code   RO         2189    i.evt_send          peer_manager.o
    0x00028d28   0x00028d28   0x0000001c   Code   RO         2642    i.evt_send          security_dispatcher.o
    0x00028d44   0x00028d44   0x0000000c   Code   RO         2780    i.evt_send          security_manager.o
    0x00028d50   0x00028d50   0x000000e0   Code   RO         1836    i.fds_evt_handler   peer_data_storage.o
    0x00028e30   0x00028e30   0x00000048   Code   RO         4808    i.fds_file_delete   fds.o
    0x00028e78   0x00028e78   0x00000040   Code   RO         4809    i.fds_gc            fds.o
    0x00028eb8   0x00028eb8   0x000000e4   Code   RO         4810    i.fds_init          fds.o
    0x00028f9c   0x00028f9c   0x00000048   Code   RO         4811    i.fds_record_close  fds.o
    0x00028fe4   0x00028fe4   0x0000000e   Code   RO         4813    i.fds_record_find   fds.o
    0x00028ff2   0x00028ff2   0x00000010   Code   RO         4814    i.fds_record_find_by_key  fds.o
    0x00029002   0x00029002   0x00000010   Code   RO         4815    i.fds_record_find_in_file  fds.o
    0x00029012   0x00029012   0x00000012   Code   RO         4816    i.fds_record_id_from_desc  fds.o
    0x00029024   0x00029024   0x0000004c   Code   RO         4818    i.fds_record_open   fds.o
    0x00029070   0x00029070   0x00000010   Code   RO         4819    i.fds_record_update  fds.o
    0x00029080   0x00029080   0x00000008   Code   RO         4820    i.fds_record_write  fds.o
    0x00029088   0x00029088   0x00000030   Code   RO         4822    i.fds_register      fds.o
    0x000290b8   0x000290b8   0x000000a0   Code   RO         4825    i.fds_stat          fds.o
    0x00029158   0x00029158   0x00000014   Code   RO         1837    i.file_id_within_pm_range  peer_data_storage.o
    0x0002916c   0x0002916c   0x00000012   Code   RO         2643    i.flag_id_init      security_dispatcher.o
    0x0002917e   0x0002917e   0x00000012   Code   RO         2781    i.flag_id_init      security_manager.o
    0x00029190   0x00029190   0x0000000a   Code   RO         1050    i.flag_toggle       ble_conn_state.o
    0x0002919a   0x0002919a   0x00000028   Code   RO          875    i.flags_set         ble_advertising.o
    0x000291c2   0x000291c2   0x00000002   PAD
    0x000291c4   0x000291c4   0x00000030   Code   RO         2782    i.flags_set_from_err_code  security_manager.o
    0x000291f4   0x000291f4   0x00000030   Code   RO         1051    i.for_each_set_flag  ble_conn_state.o
    0x00029224   0x00029224   0x00000006   Code   RO         4826    i.fs_event_handler  fds.o
    0x0002922a   0x0002922a   0x00000002   PAD
    0x0002922c   0x0002922c   0x00000080   Code   RO         4827    i.gc_execute        fds.o
    0x000292ac   0x000292ac   0x0000004c   Code   RO         4828    i.gc_next_page      fds.o
    0x000292f8   0x000292f8   0x00000040   Code   RO         4829    i.gc_page_erase     fds.o
    0x00029338   0x00029338   0x00000034   Code   RO         4830    i.gc_record_copy    fds.o
    0x0002936c   0x0002936c   0x00000024   Code   RO         4831    i.gc_record_find_next  fds.o
    0x00029390   0x00029390   0x00000070   Code   RO         4832    i.gc_state_advance  fds.o
    0x00029400   0x00029400   0x00000030   Code   RO         4833    i.gc_swap_pages     fds.o
    0x00029430   0x00029430   0x00000230   Code   RO         1268    i.gcm_ble_evt_handler  gatt_cache_manager.o
    0x00029660   0x00029660   0x0000003c   Code   RO         1269    i.gcm_im_evt_handler  gatt_cache_manager.o
    0x0002969c   0x0002969c   0x00000094   Code   RO         1270    i.gcm_init          gatt_cache_manager.o
    0x00029730   0x00029730   0x00000088   Code   RO         1273    i.gcm_pdb_evt_handler  gatt_cache_manager.o
    0x000297b8   0x000297b8   0x00000034   Code   RO         4408    i.get_now           app_timer2.o
    0x000297ec   0x000297ec   0x0000003c   Code   RO         4152    i.gpiote_event_handler  app_button.o
    0x00029828   0x00029828   0x0000001c   Code   RO         1430    i.gscm_db_change_notification_done  gatts_cache_manager.o
    0x00029844   0x00029844   0x00000014   Code   RO         1431    i.gscm_init         gatts_cache_manager.o
    0x00029858   0x00029858   0x00000090   Code   RO         1433    i.gscm_local_db_cache_apply  gatts_cache_manager.o
    0x000298e8   0x000298e8   0x000000ac   Code   RO         1434    i.gscm_local_db_cache_update  gatts_cache_manager.o
    0x00029994   0x00029994   0x00000018   Code   RO         1435    i.gscm_pdb_evt_handler  gatts_cache_manager.o
    0x000299ac   0x000299ac   0x0000001e   Code   RO         1436    i.gscm_service_changed_ind_needed  gatts_cache_manager.o
    0x000299ca   0x000299ca   0x00000002   PAD
    0x000299cc   0x000299cc   0x0000005c   Code   RO         1437    i.gscm_service_changed_ind_send  gatts_cache_manager.o
    0x00029a28   0x00029a28   0x0000002c   Code   RO         4834    i.header_check      fds.o
    0x00029a54   0x00029a54   0x00000012   Code   RO         4835    i.header_has_next   fds.o
    0x00029a66   0x00029a66   0x00000046   Code   RO         1526    i.im_address_resolve  id_manager.o
    0x00029aac   0x00029aac   0x00000038   Code   RO         1527    i.im_ble_addr_get   id_manager.o
    0x00029ae4   0x00029ae4   0x000000dc   Code   RO         1528    i.im_ble_evt_handler  id_manager.o
    0x00029bc0   0x00029bc0   0x00000040   Code   RO         1529    i.im_conn_handle_get  id_manager.o
    0x00029c00   0x00029c00   0x00000038   Code   RO         1531    i.im_find_duplicate_bonding_data  id_manager.o
    0x00029c38   0x00029c38   0x00000072   Code   RO         1534    i.im_is_duplicate_bonding_data  id_manager.o
    0x00029caa   0x00029caa   0x00000018   Code   RO         1535    i.im_master_id_is_valid  id_manager.o
    0x00029cc2   0x00029cc2   0x0000002a   Code   RO         1536    i.im_master_ids_compare  id_manager.o
    0x00029cec   0x00029cec   0x00000014   Code   RO         1537    i.im_new_peer_id    id_manager.o
    0x00029d00   0x00029d00   0x0000002c   Code   RO         1538    i.im_peer_free      id_manager.o
    0x00029d2c   0x00029d2c   0x00000024   Code   RO         1539    i.im_peer_id_get_by_conn_handle  id_manager.o
    0x00029d50   0x00029d50   0x0000003c   Code   RO         1540    i.im_peer_id_get_by_master_id  id_manager.o
    0x00029d8c   0x00029d8c   0x00000034   Code   RO         5648    i.init              nrf_fstorage_sd.o
    0x00029dc0   0x00029dc0   0x000000c8   Code   RO         4836    i.init_execute      fds.o
    0x00029e88   0x00029e88   0x00000014   Code   RO          962    i.instance_get      ble_conn_params.o
    0x00029e9c   0x00029e9c   0x000000a6   Code   RO         5520    i.int_print         nrf_fprintf_format.o
    0x00029f42   0x00029f42   0x00000002   PAD
    0x00029f44   0x00029f44   0x00000088   Code   RO         3986    i.interrupts_enable  nrfx_uarte.o
    0x00029fcc   0x00029fcc   0x00000034   Code   RO         6292    i.invalid_packets_omit  nrf_log_frontend.o
    0x0002a000   0x0002a000   0x00000010   Code   RO         5649    i.is_busy           nrf_fstorage_sd.o
    0x0002a010   0x0002a010   0x00000044   Code   RO          963    i.is_conn_params_ok  ble_conn_params.o
    0x0002a054   0x0002a054   0x00000014   Code   RO         1545    i.is_valid_irk      id_manager.o
    0x0002a068   0x0002a068   0x0000000c   Code   RO         4837    i.is_word_aligned   fds.o
    0x0002a074   0x0002a074   0x00000030   Code   RO          526    i.leds_off          bsp.o
    0x0002a0a4   0x0002a0a4   0x00000014   Code   RO          527    i.leds_timer_handler  bsp.o
    0x0002a0b8   0x0002a0b8   0x00000014   Code   RO         1694    i.link_init         nrf_ble_gatt.o
    0x0002a0cc   0x0002a0cc   0x000000d0   Code   RO         2783    i.link_secure       security_manager.o
    0x0002a19c   0x0002a19c   0x0000003c   Code   RO         2644    i.link_secure_failure  security_dispatcher.o
    0x0002a1d8   0x0002a1d8   0x0000002c   Code   RO         2784    i.link_secure_pending_handle  security_manager.o
    0x0002a204   0x0002a204   0x000000a8   Code   RO         1274    i.local_db_apply_in_evt  gatt_cache_manager.o
    0x0002a2ac   0x0002a2ac   0x00000010   Code   RO         1275    i.local_db_update   gatt_cache_manager.o
    0x0002a2bc   0x0002a2bc   0x0000010c   Code   RO         1276    i.local_db_update_in_evt  gatt_cache_manager.o
    0x0002a3c8   0x0002a3c8   0x000000a4   Code   RO         6293    i.log_skip          nrf_log_frontend.o
    0x0002a46c   0x0002a46c   0x000001f0   Code   RO            9    i.main              main.o
    0x0002a65c   0x0002a65c   0x00000064   Code   RO          767    i.manuf_specific_data_encode  ble_advdata.o
    0x0002a6c0   0x0002a6c0   0x0000007e   Code   RO         5758    i.memobj_op         nrf_memobj.o
    0x0002a73e   0x0002a73e   0x00000002   PAD
    0x0002a740   0x0002a740   0x00000030   Code   RO         6294    i.module_idx_get    nrf_log_frontend.o
    0x0002a770   0x0002a770   0x00000008   Code   RO         2591    i.mutex_lock_status_get  pm_buffer.o
    0x0002a778   0x0002a778   0x000000a6   Code   RO          768    i.name_encode       ble_advdata.o
    0x0002a81e   0x0002a81e   0x00000002   PAD
    0x0002a820   0x0002a820   0x00000014   Code   RO         2785    i.new_context_get   security_manager.o
    0x0002a834   0x0002a834   0x00000032   Code   RO         2786    i.new_evt           security_manager.o
    0x0002a866   0x0002a866   0x00000030   Code   RO         2099    i.next_id_get       peer_id.o
    0x0002a896   0x0002a896   0x00000010   Code   RO         5173    i.nrf_atfifo_clear  nrf_atfifo.o
    0x0002a8a6   0x0002a8a6   0x00000026   Code   RO         5175    i.nrf_atfifo_init   nrf_atfifo.o
    0x0002a8cc   0x0002a8cc   0x00000016   Code   RO         5176    i.nrf_atfifo_item_alloc  nrf_atfifo.o
    0x0002a8e2   0x0002a8e2   0x00000016   Code   RO         5177    i.nrf_atfifo_item_free  nrf_atfifo.o
    0x0002a8f8   0x0002a8f8   0x00000016   Code   RO         5178    i.nrf_atfifo_item_get  nrf_atfifo.o
    0x0002a90e   0x0002a90e   0x00000016   Code   RO         5179    i.nrf_atfifo_item_put  nrf_atfifo.o
    0x0002a924   0x0002a924   0x00000016   Code   RO         5241    i.nrf_atflags_clear  nrf_atflags.o
    0x0002a93a   0x0002a93a   0x00000020   Code   RO         5243    i.nrf_atflags_fetch_set  nrf_atflags.o
    0x0002a95a   0x0002a95a   0x0000004a   Code   RO         5245    i.nrf_atflags_find_and_set_flag  nrf_atflags.o
    0x0002a9a4   0x0002a9a4   0x00000016   Code   RO         5246    i.nrf_atflags_get   nrf_atflags.o
    0x0002a9ba   0x0002a9ba   0x00000014   Code   RO         5248    i.nrf_atflags_set   nrf_atflags.o
    0x0002a9ce   0x0002a9ce   0x00000006   Code   RO         5309    i.nrf_atomic_flag_clear_fetch  nrf_atomic.o
    0x0002a9d4   0x0002a9d4   0x00000006   Code   RO         5310    i.nrf_atomic_flag_set  nrf_atomic.o
    0x0002a9da   0x0002a9da   0x00000006   Code   RO         5311    i.nrf_atomic_flag_set_fetch  nrf_atomic.o
    0x0002a9e0   0x0002a9e0   0x0000000c   Code   RO         5312    i.nrf_atomic_u32_add  nrf_atomic.o
    0x0002a9ec   0x0002a9ec   0x0000000c   Code   RO         5313    i.nrf_atomic_u32_and  nrf_atomic.o
    0x0002a9f8   0x0002a9f8   0x0000000a   Code   RO         5315    i.nrf_atomic_u32_fetch_add  nrf_atomic.o
    0x0002aa02   0x0002aa02   0x0000000a   Code   RO         5316    i.nrf_atomic_u32_fetch_and  nrf_atomic.o
    0x0002aa0c   0x0002aa0c   0x0000000a   Code   RO         5317    i.nrf_atomic_u32_fetch_or  nrf_atomic.o
    0x0002aa16   0x0002aa16   0x0000000a   Code   RO         5318    i.nrf_atomic_u32_fetch_store  nrf_atomic.o
    0x0002aa20   0x0002aa20   0x0000000c   Code   RO         5322    i.nrf_atomic_u32_or  nrf_atomic.o
    0x0002aa2c   0x0002aa2c   0x0000000c   Code   RO         5324    i.nrf_atomic_u32_sub  nrf_atomic.o
    0x0002aa38   0x0002aa38   0x00000044   Code   RO         5443    i.nrf_balloc_alloc  nrf_balloc.o
    0x0002aa7c   0x0002aa7c   0x00000030   Code   RO         5444    i.nrf_balloc_free   nrf_balloc.o
    0x0002aaac   0x0002aaac   0x00000030   Code   RO         5445    i.nrf_balloc_init   nrf_balloc.o
    0x0002aadc   0x0002aadc   0x00000010   Code   RO         3442    i.nrf_bitmask_bit_is_set  nrfx_gpiote.o
    0x0002aaec   0x0002aaec   0x00000022   Code   RO         1700    i.nrf_ble_gatt_init  nrf_ble_gatt.o
    0x0002ab0e   0x0002ab0e   0x00000002   PAD
    0x0002ab10   0x0002ab10   0x00000150   Code   RO         1701    i.nrf_ble_gatt_on_ble_evt  nrf_ble_gatt.o
    0x0002ac60   0x0002ac60   0x00000016   Code   RO         1795    i.nrf_ble_qwr_conn_handle_assign  nrf_ble_qwr.o
    0x0002ac76   0x0002ac76   0x00000024   Code   RO         1796    i.nrf_ble_qwr_init  nrf_ble_qwr.o
    0x0002ac9a   0x0002ac9a   0x000000b6   Code   RO         1797    i.nrf_ble_qwr_on_ble_evt  nrf_ble_qwr.o
    0x0002ad50   0x0002ad50   0x0000000e   Code   RO         3300    i.nrf_clock_event_check  nrfx_clock.o
    0x0002ad5e   0x0002ad5e   0x00000010   Code   RO         3301    i.nrf_clock_event_clear  nrfx_clock.o
    0x0002ad6e   0x0002ad6e   0x00000002   PAD
    0x0002ad70   0x0002ad70   0x00000040   Code   RO         2962    i.nrf_drv_clock_init  nrf_drv_clock.o
    0x0002adb0   0x0002adb0   0x00000034   Code   RO         2966    i.nrf_drv_clock_lfclk_release  nrf_drv_clock.o
    0x0002ade4   0x0002ade4   0x00000068   Code   RO         3108    i.nrf_drv_uart_init  nrf_drv_uart.o
    0x0002ae4c   0x0002ae4c   0x0000001a   Code   RO         5480    i.nrf_fprintf       nrf_fprintf.o
    0x0002ae66   0x0002ae66   0x00000018   Code   RO         5481    i.nrf_fprintf_buffer_flush  nrf_fprintf.o
    0x0002ae7e   0x0002ae7e   0x000001da   Code   RO         5521    i.nrf_fprintf_fmt   nrf_fprintf_format.o
    0x0002b058   0x0002b058   0x00000138   Code   RO         5561    i.nrf_fstorage_erase  nrf_fstorage.o
    0x0002b190   0x0002b190   0x00000094   Code   RO         5562    i.nrf_fstorage_init  nrf_fstorage.o
    0x0002b224   0x0002b224   0x00000018   Code   RO         5650    i.nrf_fstorage_sdh_req_handler  nrf_fstorage_sd.o
    0x0002b23c   0x0002b23c   0x00000020   Code   RO         5651    i.nrf_fstorage_sdh_state_handler  nrf_fstorage_sd.o
    0x0002b25c   0x0002b25c   0x000000a4   Code   RO         5652    i.nrf_fstorage_sys_evt_handler  nrf_fstorage_sd.o
    0x0002b300   0x0002b300   0x000001dc   Code   RO         5568    i.nrf_fstorage_write  nrf_fstorage.o
    0x0002b4dc   0x0002b4dc   0x00000024   Code   RO          413    i.nrf_gpio_cfg      boards.o
    0x0002b500   0x0002b500   0x00000024   Code   RO         3443    i.nrf_gpio_cfg      nrfx_gpiote.o
    0x0002b524   0x0002b524   0x00000024   Code   RO         3798    i.nrf_gpio_cfg      nrfx_uart.o
    0x0002b548   0x0002b548   0x00000024   Code   RO         3987    i.nrf_gpio_cfg      nrfx_uarte.o
    0x0002b56c   0x0002b56c   0x00000012   Code   RO         3799    i.nrf_gpio_cfg_default  nrfx_uart.o
    0x0002b57e   0x0002b57e   0x00000012   Code   RO         3988    i.nrf_gpio_cfg_default  nrfx_uarte.o
    0x0002b590   0x0002b590   0x00000012   Code   RO         3800    i.nrf_gpio_cfg_input  nrfx_uart.o
    0x0002b5a2   0x0002b5a2   0x00000012   Code   RO         3989    i.nrf_gpio_cfg_input  nrfx_uarte.o
    0x0002b5b4   0x0002b5b4   0x00000014   Code   RO         3801    i.nrf_gpio_cfg_output  nrfx_uart.o
    0x0002b5c8   0x0002b5c8   0x00000014   Code   RO         3990    i.nrf_gpio_cfg_output  nrfx_uarte.o
    0x0002b5dc   0x0002b5dc   0x00000022   Code   RO         3445    i.nrf_gpio_cfg_sense_set  nrfx_gpiote.o
    0x0002b5fe   0x0002b5fe   0x00000002   PAD
    0x0002b600   0x0002b600   0x0000002c   Code   RO         3446    i.nrf_gpio_latches_read_and_clear  nrfx_gpiote.o
    0x0002b62c   0x0002b62c   0x0000001e   Code   RO         3447    i.nrf_gpio_pin_present_check  nrfx_gpiote.o
    0x0002b64a   0x0002b64a   0x00000016   Code   RO          414    i.nrf_gpio_pin_write  boards.o
    0x0002b660   0x0002b660   0x00000014   Code   RO         3448    i.nrf_gpiote_event_clear  nrfx_gpiote.o
    0x0002b674   0x0002b674   0x00000010   Code   RO         3449    i.nrf_gpiote_event_is_set  nrfx_gpiote.o
    0x0002b684   0x0002b684   0x0000005c   Code   RO         6295    i.nrf_log_backend_add  nrf_log_frontend.o
    0x0002b6e0   0x0002b6e0   0x000000c8   Code   RO         6140    i.nrf_log_backend_serial_put  nrf_log_backend_serial.o
    0x0002b7a8   0x0002b7a8   0x00000002   Code   RO         6180    i.nrf_log_backend_uart_flush  nrf_log_backend_uart.o
    0x0002b7aa   0x0002b7aa   0x00000006   Code   RO         6181    i.nrf_log_backend_uart_init  nrf_log_backend_uart.o
    0x0002b7b0   0x0002b7b0   0x0000002c   Code   RO         6182    i.nrf_log_backend_uart_panic_set  nrf_log_backend_uart.o
    0x0002b7dc   0x0002b7dc   0x00000018   Code   RO         6183    i.nrf_log_backend_uart_put  nrf_log_backend_uart.o
    0x0002b7f4   0x0002b7f4   0x00000030   Code   RO         6297    i.nrf_log_color_id_get  nrf_log_frontend.o
    0x0002b824   0x0002b824   0x0000001c   Code   RO         6253    i.nrf_log_default_backends_init  nrf_log_default_backends.o
    0x0002b840   0x0002b840   0x00000238   Code   RO         6298    i.nrf_log_frontend_dequeue  nrf_log_frontend.o
    0x0002ba78   0x0002ba78   0x00000008   Code   RO         6300    i.nrf_log_frontend_std_0  nrf_log_frontend.o
    0x0002ba80   0x0002ba80   0x0000000e   Code   RO         6301    i.nrf_log_frontend_std_1  nrf_log_frontend.o
    0x0002ba8e   0x0002ba8e   0x00000010   Code   RO         6302    i.nrf_log_frontend_std_2  nrf_log_frontend.o
    0x0002ba9e   0x0002ba9e   0x00000012   Code   RO         6303    i.nrf_log_frontend_std_3  nrf_log_frontend.o
    0x0002bab0   0x0002bab0   0x00000014   Code   RO         6304    i.nrf_log_frontend_std_4  nrf_log_frontend.o
    0x0002bac4   0x0002bac4   0x000000b0   Code   RO         6476    i.nrf_log_hexdump_entry_process  nrf_log_str_formatter.o
    0x0002bb74   0x0002bb74   0x00000028   Code   RO         6307    i.nrf_log_init      nrf_log_frontend.o
    0x0002bb9c   0x0002bb9c   0x00000014   Code   RO         6308    i.nrf_log_module_cnt_get  nrf_log_frontend.o
    0x0002bbb0   0x0002bbb0   0x0000001c   Code   RO         6311    i.nrf_log_module_name_get  nrf_log_frontend.o
    0x0002bbcc   0x0002bbcc   0x00000028   Code   RO         6312    i.nrf_log_panic     nrf_log_frontend.o
    0x0002bbf4   0x0002bbf4   0x000000b6   Code   RO         6477    i.nrf_log_std_entry_process  nrf_log_str_formatter.o
    0x0002bcaa   0x0002bcaa   0x00000060   Code   RO         5759    i.nrf_memobj_alloc  nrf_memobj.o
    0x0002bd0a   0x0002bd0a   0x00000032   Code   RO         5760    i.nrf_memobj_free   nrf_memobj.o
    0x0002bd3c   0x0002bd3c   0x00000008   Code   RO         5761    i.nrf_memobj_get    nrf_memobj.o
    0x0002bd44   0x0002bd44   0x00000004   Code   RO         5762    i.nrf_memobj_pool_init  nrf_memobj.o
    0x0002bd48   0x0002bd48   0x0000001e   Code   RO         5763    i.nrf_memobj_put    nrf_memobj.o
    0x0002bd66   0x0002bd66   0x00000010   Code   RO         5764    i.nrf_memobj_read   nrf_memobj.o
    0x0002bd76   0x0002bd76   0x00000010   Code   RO         5765    i.nrf_memobj_write  nrf_memobj.o
    0x0002bd86   0x0002bd86   0x00000002   PAD
    0x0002bd88   0x0002bd88   0x00000028   Code   RO         5837    i.nrf_pwr_mgmt_init  nrf_pwr_mgmt.o
    0x0002bdb0   0x0002bdb0   0x00000044   Code   RO         5838    i.nrf_pwr_mgmt_run  nrf_pwr_mgmt.o
    0x0002bdf4   0x0002bdf4   0x00000004   Code   RO           10    i.nrf_qwr_error_handler  main.o
    0x0002bdf8   0x0002bdf8   0x0000001c   Code   RO         5911    i.nrf_ringbuf_init  nrf_ringbuf.o
    0x0002be14   0x0002be14   0x0000000c   Code   RO         4656    i.nrf_rtc_event_clear  drv_rtc.o
    0x0002be20   0x0002be20   0x00000014   Code   RO         7011    i.nrf_sdh_ble_app_ram_start_get  nrf_sdh_ble.o
    0x0002be34   0x0002be34   0x00000100   Code   RO         7012    i.nrf_sdh_ble_default_cfg_set  nrf_sdh_ble.o
    0x0002bf34   0x0002bf34   0x00000130   Code   RO         7013    i.nrf_sdh_ble_enable  nrf_sdh_ble.o
    0x0002c064   0x0002c064   0x0000005c   Code   RO         7014    i.nrf_sdh_ble_evts_poll  nrf_sdh_ble.o
    0x0002c0c0   0x0002c0c0   0x00000054   Code   RO         6892    i.nrf_sdh_disable_request  nrf_sdh.o
    0x0002c114   0x0002c114   0x00000074   Code   RO         6893    i.nrf_sdh_enable_request  nrf_sdh.o
    0x0002c188   0x0002c188   0x00000024   Code   RO         6894    i.nrf_sdh_evts_poll  nrf_sdh.o
    0x0002c1ac   0x0002c1ac   0x0000000c   Code   RO         6895    i.nrf_sdh_is_enabled  nrf_sdh.o
    0x0002c1b8   0x0002c1b8   0x0000001c   Code   RO         6897    i.nrf_sdh_request_continue  nrf_sdh.o
    0x0002c1d4   0x0002c1d4   0x0000003c   Code   RO         7065    i.nrf_sdh_soc_evts_poll  nrf_sdh_soc.o
    0x0002c210   0x0002c210   0x0000000a   Code   RO         5969    i.nrf_section_iter_init  nrf_section_iter.o
    0x0002c21a   0x0002c21a   0x00000024   Code   RO         5970    i.nrf_section_iter_item_set  nrf_section_iter.o
    0x0002c23e   0x0002c23e   0x00000020   Code   RO         5971    i.nrf_section_iter_next  nrf_section_iter.o
    0x0002c25e   0x0002c25e   0x00000022   Code   RO         6004    i.nrf_sortlist_add  nrf_sortlist.o
    0x0002c280   0x0002c280   0x00000006   Code   RO         6006    i.nrf_sortlist_peek  nrf_sortlist.o
    0x0002c286   0x0002c286   0x0000000e   Code   RO         6007    i.nrf_sortlist_pop  nrf_sortlist.o
    0x0002c294   0x0002c294   0x0000001e   Code   RO         6008    i.nrf_sortlist_remove  nrf_sortlist.o
    0x0002c2b2   0x0002c2b2   0x00000002   PAD
    0x0002c2b4   0x0002c2b4   0x00000038   Code   RO         6060    i.nrf_strerror_find  nrf_strerror.o
    0x0002c2ec   0x0002c2ec   0x00000014   Code   RO         6061    i.nrf_strerror_get  nrf_strerror.o
    0x0002c300   0x0002c300   0x0000000a   Code   RO         3802    i.nrf_uart_event_check  nrfx_uart.o
    0x0002c30a   0x0002c30a   0x0000000c   Code   RO         3803    i.nrf_uart_event_clear  nrfx_uart.o
    0x0002c316   0x0002c316   0x0000000c   Code   RO         3804    i.nrf_uart_int_enable_check  nrfx_uart.o
    0x0002c322   0x0002c322   0x0000000a   Code   RO         3991    i.nrf_uarte_event_check  nrfx_uarte.o
    0x0002c32c   0x0002c32c   0x0000000c   Code   RO         3992    i.nrf_uarte_event_clear  nrfx_uarte.o
    0x0002c338   0x0002c338   0x00000010   Code   RO         2969    i.nrf_wdt_started   nrf_drv_clock.o
    0x0002c348   0x0002c348   0x0000002c   Code   RO         3306    i.nrfx_clock_enable  nrfx_clock.o
    0x0002c374   0x0002c374   0x00000020   Code   RO         3309    i.nrfx_clock_init   nrfx_clock.o
    0x0002c394   0x0002c394   0x00000030   Code   RO         3312    i.nrfx_clock_lfclk_stop  nrfx_clock.o
    0x0002c3c4   0x0002c3c4   0x00000010   Code   RO         4657    i.nrfx_coredep_delay_us  drv_rtc.o
    0x0002c3d4   0x0002c3d4   0x000000a0   Code   RO         3455    i.nrfx_gpiote_in_event_enable  nrfx_gpiote.o
    0x0002c474   0x0002c474   0x000000cc   Code   RO         3457    i.nrfx_gpiote_in_init  nrfx_gpiote.o
    0x0002c540   0x0002c540   0x00000014   Code   RO         3458    i.nrfx_gpiote_in_is_set  nrfx_gpiote.o
    0x0002c554   0x0002c554   0x00000074   Code   RO         3460    i.nrfx_gpiote_init  nrfx_gpiote.o
    0x0002c5c8   0x0002c5c8   0x00000014   Code   RO         3461    i.nrfx_gpiote_is_init  nrfx_gpiote.o
    0x0002c5dc   0x0002c5dc   0x00000010   Code   RO         3993    i.nrfx_is_in_ram    nrfx_uarte.o
    0x0002c5ec   0x0002c5ec   0x0000003a   Code   RO         3744    i.nrfx_prs_acquire  nrfx_prs.o
    0x0002c626   0x0002c626   0x00000012   Code   RO         3745    i.nrfx_prs_release  nrfx_prs.o
    0x0002c638   0x0002c638   0x00000010   Code   RO         3805    i.nrfx_uart_0_irq_handler  nrfx_uart.o
    0x0002c648   0x0002c648   0x000000d4   Code   RO         3807    i.nrfx_uart_init    nrfx_uart.o
    0x0002c71c   0x0002c71c   0x000000a8   Code   RO         3813    i.nrfx_uart_tx      nrfx_uart.o
    0x0002c7c4   0x0002c7c4   0x00000020   Code   RO         3815    i.nrfx_uart_tx_in_progress  nrfx_uart.o
    0x0002c7e4   0x0002c7e4   0x000000c0   Code   RO         3816    i.nrfx_uart_uninit  nrfx_uart.o
    0x0002c8a4   0x0002c8a4   0x00000010   Code   RO         3994    i.nrfx_uarte_0_irq_handler  nrfx_uarte.o
    0x0002c8b4   0x0002c8b4   0x0000006c   Code   RO         3996    i.nrfx_uarte_init   nrfx_uarte.o
    0x0002c920   0x0002c920   0x000000ac   Code   RO         4000    i.nrfx_uarte_tx     nrfx_uarte.o
    0x0002c9cc   0x0002c9cc   0x0000001c   Code   RO         4002    i.nrfx_uarte_tx_in_progress  nrfx_uarte.o
    0x0002c9e8   0x0002c9e8   0x00000108   Code   RO         4003    i.nrfx_uarte_uninit  nrfx_uarte.o
    0x0002caf0   0x0002caf0   0x00000018   Code   RO         7109    i.nvmc_config       system_nrf52.o
    0x0002cb08   0x0002cb08   0x00000054   Code   RO           11    i.on_adv_evt        main.o
    0x0002cb5c   0x0002cb5c   0x0000001c   Code   RO           12    i.on_conn_params_evt  main.o
    0x0002cb78   0x0002cb78   0x000000a8   Code   RO         1702    i.on_connected_evt  nrf_ble_gatt.o
    0x0002cc20   0x0002cc20   0x000000ac   Code   RO         1703    i.on_exchange_mtu_request_evt  nrf_ble_gatt.o
    0x0002cccc   0x0002cccc   0x00000024   Code   RO         4838    i.page_identify     fds.o
    0x0002ccf0   0x0002ccf0   0x0000001c   Code   RO         4839    i.page_offsets_update  fds.o
    0x0002cd0c   0x0002cd0c   0x0000006c   Code   RO         4840    i.page_scan         fds.o
    0x0002cd78   0x0002cd78   0x0000001c   Code   RO         4841    i.page_tag_write_data  fds.o
    0x0002cd94   0x0002cd94   0x00000024   Code   RO         4842    i.page_tag_write_swap  fds.o
    0x0002cdb8   0x0002cdb8   0x00000130   Code   RO         4843    i.pages_init        fds.o
    0x0002cee8   0x0002cee8   0x0000000c   Code   RO         2645    i.pairing           security_dispatcher.o
    0x0002cef4   0x0002cef4   0x00000074   Code   RO         2646    i.pairing_failure   security_dispatcher.o
    0x0002cf68   0x0002cf68   0x0000002e   Code   RO         2647    i.pairing_success_evt_send  security_dispatcher.o
    0x0002cf96   0x0002cf96   0x00000006   Code   RO         2787    i.params_reply_pending_handle  security_manager.o
    0x0002cf9c   0x0002cf9c   0x00000020   Code   RO         2788    i.params_req_send   security_manager.o
    0x0002cfbc   0x0002cfbc   0x0000001c   Code   RO         1979    i.pdb_evt_send      peer_database.o
    0x0002cfd8   0x0002cfd8   0x00000090   Code   RO         1980    i.pdb_init          peer_database.o
    0x0002d068   0x0002d068   0x0000007c   Code   RO         1981    i.pdb_pds_evt_handler  peer_database.o
    0x0002d0e4   0x0002d0e4   0x00000006   Code   RO         1982    i.pdb_peer_data_ptr_get  peer_database.o
    0x0002d0ea   0x0002d0ea   0x00000002   PAD
    0x0002d0ec   0x0002d0ec   0x0000008c   Code   RO         1983    i.pdb_peer_free     peer_database.o
    0x0002d178   0x0002d178   0x000000dc   Code   RO         1984    i.pdb_write_buf_get  peer_database.o
    0x0002d254   0x0002d254   0x00000014   Code   RO         1985    i.pdb_write_buf_release  peer_database.o
    0x0002d268   0x0002d268   0x00000036   Code   RO         1986    i.pdb_write_buf_store  peer_database.o
    0x0002d29e   0x0002d29e   0x00000002   PAD
    0x0002d2a0   0x0002d2a0   0x00000010   Code   RO         1838    i.pds_evt_send      peer_data_storage.o
    0x0002d2b0   0x0002d2b0   0x000000dc   Code   RO         1839    i.pds_init          peer_data_storage.o
    0x0002d38c   0x0002d38c   0x00000004   Code   RO         1840    i.pds_next_deleted_peer_id_get  peer_data_storage.o
    0x0002d390   0x0002d390   0x00000004   Code   RO         1841    i.pds_next_peer_id_get  peer_data_storage.o
    0x0002d394   0x0002d394   0x00000058   Code   RO         1844    i.pds_peer_data_iterate  peer_data_storage.o
    0x0002d3ec   0x0002d3ec   0x00000010   Code   RO         1845    i.pds_peer_data_iterate_prepare  peer_data_storage.o
    0x0002d3fc   0x0002d3fc   0x00000072   Code   RO         1846    i.pds_peer_data_read  peer_data_storage.o
    0x0002d46e   0x0002d46e   0x00000002   PAD
    0x0002d470   0x0002d470   0x000000b4   Code   RO         1847    i.pds_peer_data_store  peer_data_storage.o
    0x0002d524   0x0002d524   0x00000008   Code   RO         1848    i.pds_peer_id_allocate  peer_data_storage.o
    0x0002d52c   0x0002d52c   0x00000016   Code   RO         1849    i.pds_peer_id_free  peer_data_storage.o
    0x0002d542   0x0002d542   0x00000004   Code   RO         1850    i.pds_peer_id_is_allocated  peer_data_storage.o
    0x0002d546   0x0002d546   0x00000002   PAD
    0x0002d548   0x0002d548   0x000000a8   Code   RO         1852    i.peer_data_delete_process  peer_data_storage.o
    0x0002d5f0   0x0002d5f0   0x00000030   Code   RO         1853    i.peer_data_find    peer_data_storage.o
    0x0002d620   0x0002d620   0x00000024   Code   RO         1854    i.peer_data_id_is_valid  peer_data_storage.o
    0x0002d644   0x0002d644   0x0000001a   Code   RO         1987    i.peer_data_point_to_buffer  peer_database.o
    0x0002d65e   0x0002d65e   0x00000002   PAD
    0x0002d660   0x0002d660   0x0000000c   Code   RO         2100    i.peer_id_allocate  peer_id.o
    0x0002d66c   0x0002d66c   0x00000024   Code   RO         2101    i.peer_id_delete    peer_id.o
    0x0002d690   0x0002d690   0x0000001c   Code   RO         2102    i.peer_id_free      peer_id.o
    0x0002d6ac   0x0002d6ac   0x0000000c   Code   RO         2103    i.peer_id_get_next_deleted  peer_id.o
    0x0002d6b8   0x0002d6b8   0x00000030   Code   RO         2104    i.peer_id_get_next_used  peer_id.o
    0x0002d6e8   0x0002d6e8   0x0000000c   Code   RO         2105    i.peer_id_init      peer_id.o
    0x0002d6f4   0x0002d6f4   0x00000014   Code   RO         2106    i.peer_id_is_allocated  peer_id.o
    0x0002d708   0x0002d708   0x00000014   Code   RO         2107    i.peer_id_is_deleted  peer_id.o
    0x0002d71c   0x0002d71c   0x0000006c   Code   RO           13    i.peer_manager_init  main.o
    0x0002d788   0x0002d788   0x00000012   Code   RO          876    i.phy_is_valid      ble_advertising.o
    0x0002d79a   0x0002d79a   0x00000002   PAD
    0x0002d79c   0x0002d79c   0x0000001c   Code   RO         3479    i.pin_configured_set  nrfx_gpiote.o
    0x0002d7b8   0x0002d7b8   0x00000018   Code   RO         3480    i.pin_in_use_by_port  nrfx_gpiote.o
    0x0002d7d0   0x0002d7d0   0x00000018   Code   RO         3481    i.pin_in_use_by_te  nrfx_gpiote.o
    0x0002d7e8   0x0002d7e8   0x00000064   Code   RO         2592    i.pm_buffer_block_acquire  pm_buffer.o
    0x0002d84c   0x0002d84c   0x00000024   Code   RO         2593    i.pm_buffer_init    pm_buffer.o
    0x0002d870   0x0002d870   0x00000028   Code   RO         2594    i.pm_buffer_ptr_get  pm_buffer.o
    0x0002d898   0x0002d898   0x00000032   Code   RO         2595    i.pm_buffer_release  pm_buffer.o
    0x0002d8ca   0x0002d8ca   0x00000002   PAD
    0x0002d8cc   0x0002d8cc   0x00000014   Code   RO         2194    i.pm_conn_sec_status_get  peer_manager.o
    0x0002d8e0   0x0002d8e0   0x0000001c   Code   RO         2195    i.pm_conn_secure    peer_manager.o
    0x0002d8fc   0x0002d8fc   0x00000020   Code   RO           14    i.pm_evt_handler    main.o
    0x0002d91c   0x0002d91c   0x00000004   Code   RO         2197    i.pm_gcm_evt_handler  peer_manager.o
    0x0002d920   0x0002d920   0x00000004   Code   RO         2198    i.pm_gscm_evt_handler  peer_manager.o
    0x0002d924   0x0002d924   0x00000244   Code   RO         2498    i.pm_handler_flash_clean  peer_manager_handler.o
    0x0002db68   0x0002db68   0x0000001c   Code   RO         2499    i.pm_handler_flash_clean_on_return  peer_manager_handler.o
    0x0002db84   0x0002db84   0x00000054   Code   RO         2500    i.pm_handler_on_pm_evt  peer_manager_handler.o
    0x0002dbd8   0x0002dbd8   0x00000310   Code   RO         2501    i.pm_handler_pm_evt_log  peer_manager_handler.o
    0x0002dee8   0x0002dee8   0x00000004   Code   RO         2201    i.pm_im_evt_handler  peer_manager.o
    0x0002deec   0x0002deec   0x000001bc   Code   RO         2202    i.pm_init           peer_manager.o
    0x0002e0a8   0x0002e0a8   0x00000118   Code   RO         2206    i.pm_pdb_evt_handler  peer_manager.o
    0x0002e1c0   0x0002e1c0   0x00000014   Code   RO         2217    i.pm_peer_delete    peer_manager.o
    0x0002e1d4   0x0002e1d4   0x0000011c   Code   RO         2221    i.pm_peer_rank_highest  peer_manager.o
    0x0002e2f0   0x0002e2f0   0x000000e8   Code   RO         2222    i.pm_peer_ranks_get  peer_manager.o
    0x0002e3d8   0x0002e3d8   0x00000094   Code   RO         2223    i.pm_peers_delete   peer_manager.o
    0x0002e46c   0x0002e46c   0x0000002c   Code   RO         2226    i.pm_register       peer_manager.o
    0x0002e498   0x0002e498   0x00000014   Code   RO         2228    i.pm_sec_params_set  peer_manager.o
    0x0002e4ac   0x0002e4ac   0x0000000a   Code   RO         2229    i.pm_sm_evt_handler  peer_manager.o
    0x0002e4b6   0x0002e4b6   0x00000002   PAD
    0x0002e4b8   0x0002e4b8   0x000000b4   Code   RO         3482    i.port_event_handle  nrfx_gpiote.o
    0x0002e56c   0x0002e56c   0x00000010   Code   RO         3483    i.port_handler_polarity_get  nrfx_gpiote.o
    0x0002e57c   0x0002e57c   0x0000003c   Code   RO         6479    i.postfix_process   nrf_log_str_formatter.o
    0x0002e5b8   0x0002e5b8   0x00000098   Code   RO         6480    i.prefix_process    nrf_log_str_formatter.o
    0x0002e650   0x0002e650   0x00000018   Code   RO         3746    i.prs_box_get       nrfx_prs.o
    0x0002e668   0x0002e668   0x0000001c   Code   RO         4844    i.queue_buf_get     fds.o
    0x0002e684   0x0002e684   0x00000010   Code   RO         4845    i.queue_buf_store   fds.o
    0x0002e694   0x0002e694   0x00000014   Code   RO         5653    i.queue_free        nrf_fstorage_sd.o
    0x0002e6a8   0x0002e6a8   0x000000a4   Code   RO         4846    i.queue_process     fds.o
    0x0002e74c   0x0002e74c   0x000000a0   Code   RO         5654    i.queue_process     nrf_fstorage_sd.o
    0x0002e7ec   0x0002e7ec   0x0000001c   Code   RO         4847    i.queue_start       fds.o
    0x0002e808   0x0002e808   0x00000024   Code   RO         5655    i.queue_start       nrf_fstorage_sd.o
    0x0002e82c   0x0002e82c   0x0000001c   Code   RO         2504    i.rank_highest      peer_manager_handler.o
    0x0002e848   0x0002e848   0x00000034   Code   RO         2232    i.rank_vars_update  peer_manager.o
    0x0002e87c   0x0002e87c   0x0000000e   Code   RO         5656    i.read              nrf_fstorage_sd.o
    0x0002e88a   0x0002e88a   0x00000002   PAD
    0x0002e88c   0x0002e88c   0x000000a8   Code   RO         1988    i.reattempt_previous_operations  peer_database.o
    0x0002e934   0x0002e934   0x00000090   Code   RO         4848    i.record_find       fds.o
    0x0002e9c4   0x0002e9c4   0x000000a0   Code   RO         4849    i.record_find_by_desc  fds.o
    0x0002ea64   0x0002ea64   0x0000005c   Code   RO         4850    i.record_find_next  fds.o
    0x0002eac0   0x0002eac0   0x0000003c   Code   RO         4851    i.record_header_flag_dirty  fds.o
    0x0002eafc   0x0002eafc   0x00000088   Code   RO         4852    i.records_stat      fds.o
    0x0002eb84   0x0002eb84   0x00000010   Code   RO         2109    i.release           peer_id.o
    0x0002eb94   0x0002eb94   0x00000004   Code   RO         5657    i.rmap              nrf_fstorage_sd.o
    0x0002eb98   0x0002eb98   0x0000005c   Code   RO         4409    i.rtc_irq           app_timer2.o
    0x0002ebf4   0x0002ebf4   0x00000064   Code   RO         4410    i.rtc_schedule      app_timer2.o
    0x0002ec58   0x0002ec58   0x00000074   Code   RO         4411    i.rtc_update        app_timer2.o
    0x0002eccc   0x0002eccc   0x00000032   Code   RO         3817    i.rx_byte           nrfx_uart.o
    0x0002ecfe   0x0002ecfe   0x00000016   Code   RO         3818    i.rx_done_event     nrfx_uart.o
    0x0002ed14   0x0002ed14   0x00000016   Code   RO         4004    i.rx_done_event     nrfx_uarte.o
    0x0002ed2a   0x0002ed2a   0x00000002   PAD
    0x0002ed2c   0x0002ed2c   0x00000024   Code   RO         1277    i.sc_send_pending_handle  gatt_cache_manager.o
    0x0002ed50   0x0002ed50   0x00000058   Code   RO         2970    i.sd_state_evt_handler  nrf_drv_clock.o
    0x0002eda8   0x0002eda8   0x00000030   Code   RO         6900    i.sdh_request_observer_notify  nrf_sdh.o
    0x0002edd8   0x0002edd8   0x0000002c   Code   RO         6901    i.sdh_state_observer_notify  nrf_sdh.o
    0x0002ee04   0x0002ee04   0x000000d8   Code   RO         2648    i.sec_info_request_process  security_dispatcher.o
    0x0002eedc   0x0002eedc   0x000000f4   Code   RO         2649    i.sec_keyset_fill   security_dispatcher.o
    0x0002efd0   0x0002efd0   0x00000076   Code   RO         2789    i.sec_params_verify  security_manager.o
    0x0002f046   0x0002f046   0x00000002   PAD
    0x0002f048   0x0002f048   0x00000060   Code   RO         2650    i.sec_proc_start    security_dispatcher.o
    0x0002f0a8   0x0002f0a8   0x0000005c   Code   RO         2790    i.sec_req_process   security_manager.o
    0x0002f104   0x0002f104   0x00000022   Code   RO         2651    i.send_config_req   security_dispatcher.o
    0x0002f126   0x0002f126   0x00000002   PAD
    0x0002f128   0x0002f128   0x00000010   Code   RO          964    i.send_error_evt    ble_conn_params.o
    0x0002f138   0x0002f138   0x00000028   Code   RO         1278    i.send_unexpected_error  gatt_cache_manager.o
    0x0002f160   0x0002f160   0x00000028   Code   RO         2652    i.send_unexpected_error  security_dispatcher.o
    0x0002f188   0x0002f188   0x00000040   Code   RO         6184    i.serial_tx         nrf_log_backend_uart.o
    0x0002f1c8   0x0002f1c8   0x00000014   Code   RO         1279    i.service_changed_pending_flags_check  gatt_cache_manager.o
    0x0002f1dc   0x0002f1dc   0x00000094   Code   RO         1438    i.service_changed_pending_set  gatts_cache_manager.o
    0x0002f270   0x0002f270   0x00000168   Code   RO         1280    i.service_changed_send_in_evt  gatt_cache_manager.o
    0x0002f3d8   0x0002f3d8   0x00000088   Code   RO          769    i.service_data_encode  ble_advdata.o
    0x0002f460   0x0002f460   0x00000028   Code   RO           15    i.sleep_mode_enter  main.o
    0x0002f488   0x0002f488   0x0000002c   Code   RO         2791    i.sm_ble_evt_handler  security_manager.o
    0x0002f4b4   0x0002f4b4   0x000000a2   Code   RO         2793    i.sm_conn_sec_status_get  security_manager.o
    0x0002f556   0x0002f556   0x00000002   PAD
    0x0002f558   0x0002f558   0x00000058   Code   RO         2794    i.sm_init           security_manager.o
    0x0002f5b0   0x0002f5b0   0x0000000a   Code   RO         2796    i.sm_link_secure    security_manager.o
    0x0002f5ba   0x0002f5ba   0x00000002   PAD
    0x0002f5bc   0x0002f5bc   0x00000044   Code   RO         2797    i.sm_pdb_evt_handler  security_manager.o
    0x0002f600   0x0002f600   0x00000028   Code   RO         2798    i.sm_sec_is_sufficient  security_manager.o
    0x0002f628   0x0002f628   0x00000034   Code   RO         2800    i.sm_sec_params_set  security_manager.o
    0x0002f65c   0x0002f65c   0x0000002c   Code   RO         2801    i.sm_smd_evt_handler  security_manager.o
    0x0002f688   0x0002f688   0x000000f4   Code   RO         2653    i.smd_ble_evt_handler  security_dispatcher.o
    0x0002f77c   0x0002f77c   0x00000068   Code   RO         2655    i.smd_init          security_dispatcher.o
    0x0002f7e4   0x0002f7e4   0x00000028   Code   RO         2656    i.smd_link_secure   security_dispatcher.o
    0x0002f80c   0x0002f80c   0x000000ac   Code   RO         2657    i.smd_params_reply  security_dispatcher.o
    0x0002f8b8   0x0002f8b8   0x00000040   Code   RO         2802    i.smd_params_reply_perform  security_manager.o
    0x0002f8f8   0x0002f8f8   0x00000018   Code   RO         2971    i.soc_evt_handler   nrf_drv_clock.o
    0x0002f910   0x0002f910   0x00000040   Code   RO         6902    i.softdevice_evt_irq_disable  nrf_sdh.o
    0x0002f950   0x0002f950   0x00000058   Code   RO         6903    i.softdevices_evt_irq_enable  nrf_sdh.o
    0x0002f9a8   0x0002f9a8   0x0000000c   Code   RO         4412    i.sortlist_pop      app_timer2.o
    0x0002f9b4   0x0002f9b4   0x00000030   Code   RO         4153    i.state_set         app_button.o
    0x0002f9e4   0x0002f9e4   0x00000094   Code   RO         6314    i.std_n             nrf_log_frontend.o
    0x0002fa78   0x0002fa78   0x0000006c   Code   RO         1281    i.store_car_value   gatt_cache_manager.o
    0x0002fae4   0x0002fae4   0x00000058   Code   RO         4413    i.timer_expire      app_timer2.o
    0x0002fb3c   0x0002fb3c   0x00000078   Code   RO         4414    i.timer_req_process  app_timer2.o
    0x0002fbb4   0x0002fbb4   0x00000038   Code   RO         4415    i.timer_req_schedule  app_timer2.o
    0x0002fbec   0x0002fbec   0x00000018   Code   RO         4154    i.timer_start       app_button.o
    0x0002fc04   0x0002fc04   0x00000020   Code   RO         3820    i.tx_byte           nrfx_uart.o
    0x0002fc24   0x0002fc24   0x0000001a   Code   RO         3821    i.tx_done_event     nrfx_uart.o
    0x0002fc3e   0x0002fc3e   0x0000001a   Code   RO         4005    i.tx_done_event     nrfx_uarte.o
    0x0002fc58   0x0002fc58   0x00000030   Code   RO         3109    i.uart_evt_handler  nrf_drv_uart.o
    0x0002fc88   0x0002fc88   0x0000000c   Code   RO         6185    i.uart_evt_handler  nrf_log_backend_uart.o
    0x0002fc94   0x0002fc94   0x00000050   Code   RO         6186    i.uart_init         nrf_log_backend_uart.o
    0x0002fce4   0x0002fce4   0x0000012a   Code   RO         3822    i.uart_irq_handler  nrfx_uart.o
    0x0002fe0e   0x0002fe0e   0x00000002   PAD
    0x0002fe10   0x0002fe10   0x00000030   Code   RO         3110    i.uarte_evt_handler  nrf_drv_uart.o
    0x0002fe40   0x0002fe40   0x00000112   Code   RO         4006    i.uarte_irq_handler  nrfx_uarte.o
    0x0002ff52   0x0002ff52   0x0000000a   Code   RO          770    i.uint16_encode     ble_advdata.o
    0x0002ff5c   0x0002ff5c   0x00000020   Code   RO         5658    i.uninit            nrf_fstorage_sd.o
    0x0002ff7c   0x0002ff7c   0x000000b4   Code   RO         5522    i.unsigned_print    nrf_fprintf_format.o
    0x00030030   0x00030030   0x00000030   Code   RO         1282    i.update_pending_flags_check  gatt_cache_manager.o
    0x00030060   0x00030060   0x00000068   Code   RO          965    i.update_timeout_handler  ble_conn_params.o
    0x000300c8   0x000300c8   0x00000018   Code   RO          877    i.use_whitelist     ble_advertising.o
    0x000300e0   0x000300e0   0x0000000c   Code   RO         1052    i.user_flag_is_acquired  ble_conn_state.o
    0x000300ec   0x000300ec   0x00000024   Code   RO         1798    i.user_mem_reply    nrf_ble_qwr.o
    0x00030110   0x00030110   0x00000020   Code   RO         4155    i.usr_event         app_button.o
    0x00030130   0x00030130   0x00000030   Code   RO          771    i.uuid_list_encode  ble_advdata.o
    0x00030160   0x00030160   0x0000009e   Code   RO          772    i.uuid_list_sized_encode  ble_advdata.o
    0x000301fe   0x000301fe   0x0000003a   Code   RO          528    i.wakeup_button_cfg  bsp.o
    0x00030238   0x00030238   0x00000004   Code   RO         5659    i.wmap              nrf_fstorage_sd.o
    0x0003023c   0x0003023c   0x00000050   Code   RO         5660    i.write             nrf_fstorage_sd.o
    0x0003028c   0x0003028c   0x0000014c   Code   RO         1989    i.write_buf_store   peer_database.o
    0x000303d8   0x000303d8   0x00000034   Code   RO         1990    i.write_buffer_record_find  peer_database.o
    0x0003040c   0x0003040c   0x00000030   Code   RO         1991    i.write_buffer_record_find_next  peer_database.o
    0x0003043c   0x0003043c   0x0000001c   Code   RO         1992    i.write_buffer_record_invalidate  peer_database.o
    0x00030458   0x00030458   0x0000002c   Code   RO         1993    i.write_buffer_record_release  peer_database.o
    0x00030484   0x00030484   0x000000f4   Code   RO         4853    i.write_enqueue     fds.o
    0x00030578   0x00030578   0x000000f8   Code   RO         4854    i.write_execute     fds.o
    0x00030670   0x00030670   0x00000018   Code   RO         4855    i.write_space_free  fds.o
    0x00030688   0x00030688   0x00000060   Code   RO         4856    i.write_space_reserve  fds.o
    0x000306e8   0x000306e8   0x00000008   Data   RO          415    .constdata          boards.o
    0x000306f0   0x000306f0   0x0000002c   Data   RO          533    .constdata          bsp.o
    0x0003071c   0x0003071c   0x0000006c   Data   RO         1283    .constdata          gatt_cache_manager.o
    0x00030788   0x00030788   0x00000004   Data   RO         1439    .constdata          gatts_cache_manager.o
    0x0003078c   0x0003078c   0x00000010   Data   RO         1440    .constdata          gatts_cache_manager.o
    0x0003079c   0x0003079c   0x00000004   Data   RO         1441    .constdata          gatts_cache_manager.o
    0x000307a0   0x000307a0   0x00000008   Data   RO         1548    .constdata          id_manager.o
    0x000307a8   0x000307a8   0x00000016   Data   RO         1704    .constdata          nrf_ble_gatt.o
    0x000307be   0x000307be   0x00000002   PAD
    0x000307c0   0x000307c0   0x00000018   Data   RO         1855    .constdata          peer_data_storage.o
    0x000307d8   0x000307d8   0x00000010   Data   RO         1995    .constdata          peer_database.o
    0x000307e8   0x000307e8   0x0000002c   Data   RO         2234    .constdata          peer_manager.o
    0x00030814   0x00030814   0x00000014   Data   RO         2507    .constdata          peer_manager_handler.o
    0x00030828   0x00030828   0x00000078   Data   RO         2659    .constdata          security_dispatcher.o
    0x000308a0   0x000308a0   0x00000008   Data   RO         2803    .constdata          security_manager.o
    0x000308a8   0x000308a8   0x00000004   Data   RO         3485    .constdata          nrfx_gpiote.o
    0x000308ac   0x000308ac   0x00000004   Data   RO         3825    .constdata          nrfx_uart.o
    0x000308b0   0x000308b0   0x00000004   Data   RO         4009    .constdata          nrfx_uarte.o
    0x000308b4   0x000308b4   0x00000008   Data   RO         4158    .constdata          app_button.o
    0x000308bc   0x000308bc   0x00000014   Data   RO         4418    .constdata          app_timer2.o
    0x000308d0   0x000308d0   0x00000006   Data   RO         4658    .constdata          drv_rtc.o
    0x000308d6   0x000308d6   0x00000002   PAD
    0x000308d8   0x000308d8   0x00000018   Data   RO         4859    .constdata          fds.o
    0x000308f0   0x000308f0   0x00000010   Data   RO         5523    .constdata          nrf_fprintf_format.o
    0x00030900   0x00030900   0x0000005e   Data   RO         5569    .constdata          nrf_fstorage.o
    0x0003095e   0x0003095e   0x00000002   PAD
    0x00030960   0x00030960   0x00000010   Data   RO         5663    .constdata          nrf_fstorage_sd.o
    0x00030970   0x00030970   0x00000020   Data   RO         5664    .constdata          nrf_fstorage_sd.o
    0x00030990   0x00030990   0x00000018   Data   RO         5842    .constdata          nrf_pwr_mgmt.o
    0x000309a8   0x000309a8   0x0000000c   Data   RO         5843    .constdata          nrf_pwr_mgmt.o
    0x000309b4   0x000309b4   0x0000013c   Data   RO         6062    .constdata          nrf_strerror.o
    0x00030af0   0x00030af0   0x0000000c   Data   RO         6188    .constdata          nrf_log_backend_uart.o
    0x00030afc   0x00030afc   0x00000020   Data   RO         6189    .constdata          nrf_log_backend_uart.o
    0x00030b1c   0x00030b1c   0x0000000c   Data   RO         6319    .constdata          nrf_log_frontend.o
    0x00030b28   0x00030b28   0x00000010   Data   RO         6904    .constdata          nrf_sdh.o
    0x00030b38   0x00030b38   0x00000028   Data   RO         6905    .constdata          nrf_sdh.o
    0x00030b60   0x00030b60   0x00000010   Data   RO         6906    .constdata          nrf_sdh.o
    0x00030b70   0x00030b70   0x00000010   Data   RO         6907    .constdata          nrf_sdh.o
    0x00030b80   0x00030b80   0x00000020   Data   RO         7015    .constdata          nrf_sdh_ble.o
    0x00030ba0   0x00030ba0   0x00000010   Data   RO         7016    .constdata          nrf_sdh_ble.o
    0x00030bb0   0x00030bb0   0x00000010   Data   RO         7066    .constdata          nrf_sdh_soc.o
    0x00030bc0   0x00030bc0   0x0000000c   Data   RO         7067    .constdata          nrf_sdh_soc.o
    0x00030bcc   0x00030bcc   0x00000081   Data   RO         7169    .constdata          mc_w.l(ctype_o.o)
    0x00030c4d   0x00030c4d   0x00000003   PAD
    0x00030c50   0x00030c50   0x00000004   Data   RO         7170    .constdata          mc_w.l(ctype_o.o)
    0x00030c54   0x00030c54   0x000001a4   Data   RO         1284    .conststring        gatt_cache_manager.o
    0x00030df8   0x00030df8   0x0000019c   Data   RO         1442    .conststring        gatts_cache_manager.o
    0x00030f94   0x00030f94   0x000000a2   Data   RO         1705    .conststring        nrf_ble_gatt.o
    0x00031036   0x00031036   0x00000002   PAD
    0x00031038   0x00031038   0x000000e8   Data   RO         1856    .conststring        peer_data_storage.o
    0x00031120   0x00031120   0x00000180   Data   RO         1996    .conststring        peer_database.o
    0x000312a0   0x000312a0   0x00000090   Data   RO         2235    .conststring        peer_manager.o
    0x00031330   0x00031330   0x0000030f   Data   RO         2508    .conststring        peer_manager_handler.o
    0x0003163f   0x0003163f   0x00000001   PAD
    0x00031640   0x00031640   0x000002b2   Data   RO         2660    .conststring        security_dispatcher.o
    0x000318f2   0x000318f2   0x00000002   PAD
    0x000318f4   0x000318f4   0x0000017b   Data   RO         2804    .conststring        security_manager.o
    0x00031a6f   0x00031a6f   0x00000001   PAD
    0x00031a70   0x00031a70   0x0000004f   Data   RO         5570    .conststring        nrf_fstorage.o
    0x00031abf   0x00031abf   0x00000001   PAD
    0x00031ac0   0x00031ac0   0x000003eb   Data   RO         6063    .conststring        nrf_strerror.o
    0x00031eab   0x00031eab   0x00000001   PAD
    0x00031eac   0x00031eac   0x00000066   Data   RO         6481    .conststring        nrf_log_str_formatter.o
    0x00031f12   0x00031f12   0x00000002   PAD
    0x00031f14   0x00031f14   0x00000188   Data   RO         7017    .conststring        nrf_sdh_ble.o
    0x0003209c   0x0003209c   0x00000011   Data   RO         1285    .conststrlit        gatt_cache_manager.o
    0x000320ad   0x000320ad   0x00000003   PAD
    0x000320b0   0x000320b0   0x00000012   Data   RO         1443    .conststrlit        gatts_cache_manager.o
    0x000320c2   0x000320c2   0x00000002   PAD
    0x000320c4   0x000320c4   0x00000010   Data   RO         1550    .conststrlit        id_manager.o
    0x000320d4   0x000320d4   0x0000000d   Data   RO         1706    .conststrlit        nrf_ble_gatt.o
    0x000320e1   0x000320e1   0x00000003   PAD
    0x000320e4   0x000320e4   0x00000011   Data   RO         1857    .conststrlit        peer_data_storage.o
    0x000320f5   0x000320f5   0x00000003   PAD
    0x000320f8   0x000320f8   0x00000011   Data   RO         1997    .conststrlit        peer_database.o
    0x00032109   0x00032109   0x00000003   PAD
    0x0003210c   0x0003210c   0x0000000d   Data   RO         2236    .conststrlit        peer_manager.o
    0x00032119   0x00032119   0x00000003   PAD
    0x0003211c   0x0003211c   0x00000015   Data   RO         2511    .conststrlit        peer_manager_handler.o
    0x00032131   0x00032131   0x00000003   PAD
    0x00032134   0x00032134   0x00000011   Data   RO         2661    .conststrlit        security_dispatcher.o
    0x00032145   0x00032145   0x00000003   PAD
    0x00032148   0x00032148   0x00000010   Data   RO         2805    .conststrlit        security_manager.o
    0x00032158   0x00032158   0x00000006   Data   RO         2977    .conststrlit        nrf_drv_clock.o
    0x0003215e   0x0003215e   0x00000002   PAD
    0x00032160   0x00032160   0x00000006   Data   RO         3316    .conststrlit        nrfx_clock.o
    0x00032166   0x00032166   0x00000002   PAD
    0x00032168   0x00032168   0x00000007   Data   RO         3489    .conststrlit        nrfx_gpiote.o
    0x0003216f   0x0003216f   0x00000001   PAD
    0x00032170   0x00032170   0x00000004   Data   RO         3748    .conststrlit        nrfx_prs.o
    0x00032174   0x00032174   0x00000005   Data   RO         3828    .conststrlit        nrfx_uart.o
    0x00032179   0x00032179   0x00000003   PAD
    0x0003217c   0x0003217c   0x00000006   Data   RO         4012    .conststrlit        nrfx_uarte.o
    0x00032182   0x00032182   0x00000002   PAD
    0x00032184   0x00032184   0x0000000b   Data   RO         4159    .conststrlit        app_button.o
    0x0003218f   0x0003218f   0x00000001   PAD
    0x00032190   0x00032190   0x0000000a   Data   RO         4419    .conststrlit        app_timer2.o
    0x0003219a   0x0003219a   0x00000002   PAD
    0x0003219c   0x0003219c   0x0000000d   Data   RO         5571    .conststrlit        nrf_fstorage.o
    0x000321a9   0x000321a9   0x00000003   PAD
    0x000321ac   0x000321ac   0x00000009   Data   RO         5844    .conststrlit        nrf_pwr_mgmt.o
    0x000321b5   0x000321b5   0x00000003   PAD
    0x000321b8   0x000321b8   0x00000009   Data   RO         6009    .conststrlit        nrf_sortlist.o
    0x000321c1   0x000321c1   0x00000003   PAD
    0x000321c4   0x000321c4   0x00000011   Data   RO         6254    .conststrlit        nrf_log_default_backends.o
    0x000321d5   0x000321d5   0x00000003   PAD
    0x000321d8   0x000321d8   0x00000004   Data   RO         6320    .conststrlit        nrf_log_frontend.o
    0x000321dc   0x000321dc   0x00000008   Data   RO         6908    .conststrlit        nrf_sdh.o
    0x000321e4   0x000321e4   0x0000000c   Data   RO         7018    .conststrlit        nrf_sdh_ble.o
    0x000321f0   0x000321f0   0x0000000c   Data   RO         7068    .conststrlit        nrf_sdh_soc.o
    0x000321fc   0x000321fc   0x00000020   Data   RO         7230    Region$$Table       anon$$obj.o
    0x0003221c   0x0003221c   0x00000010   Data   RO         6256    log_backends        nrf_log_default_backends.o
    0x0003222c   0x0003222c   0x00000008   Data   RO         1287    log_const_data      gatt_cache_manager.o
    0x00032234   0x00032234   0x00000008   Data   RO         1445    log_const_data      gatts_cache_manager.o
    0x0003223c   0x0003223c   0x00000008   Data   RO         1552    log_const_data      id_manager.o
    0x00032244   0x00032244   0x00000008   Data   RO         1707    log_const_data      nrf_ble_gatt.o
    0x0003224c   0x0003224c   0x00000008   Data   RO         1859    log_const_data      peer_data_storage.o
    0x00032254   0x00032254   0x00000008   Data   RO         1999    log_const_data      peer_database.o
    0x0003225c   0x0003225c   0x00000008   Data   RO         2238    log_const_data      peer_manager.o
    0x00032264   0x00032264   0x00000008   Data   RO         2514    log_const_data      peer_manager_handler.o
    0x0003226c   0x0003226c   0x00000008   Data   RO         2663    log_const_data      security_dispatcher.o
    0x00032274   0x00032274   0x00000008   Data   RO         2807    log_const_data      security_manager.o
    0x0003227c   0x0003227c   0x00000008   Data   RO         2978    log_const_data      nrf_drv_clock.o
    0x00032284   0x00032284   0x00000008   Data   RO         3318    log_const_data      nrfx_clock.o
    0x0003228c   0x0003228c   0x00000008   Data   RO         3490    log_const_data      nrfx_gpiote.o
    0x00032294   0x00032294   0x00000008   Data   RO         3750    log_const_data      nrfx_prs.o
    0x0003229c   0x0003229c   0x00000008   Data   RO         3829    log_const_data      nrfx_uart.o
    0x000322a4   0x000322a4   0x00000008   Data   RO         4013    log_const_data      nrfx_uarte.o
    0x000322ac   0x000322ac   0x00000008   Data   RO         4161    log_const_data      app_button.o
    0x000322b4   0x000322b4   0x00000008   Data   RO         4422    log_const_data      app_timer2.o
    0x000322bc   0x000322bc   0x00000008   Data   RO         5572    log_const_data      nrf_fstorage.o
    0x000322c4   0x000322c4   0x00000008   Data   RO         5846    log_const_data      nrf_pwr_mgmt.o
    0x000322cc   0x000322cc   0x00000008   Data   RO         6010    log_const_data      nrf_sortlist.o
    0x000322d4   0x000322d4   0x00000008   Data   RO         6324    log_const_data      nrf_log_frontend.o
    0x000322dc   0x000322dc   0x00000008   Data   RO         6910    log_const_data      nrf_sdh.o
    0x000322e4   0x000322e4   0x00000008   Data   RO         7020    log_const_data      nrf_sdh_ble.o
    0x000322ec   0x000322ec   0x00000008   Data   RO         7069    log_const_data      nrf_sdh_soc.o
    0x000322f4   0x000322f4   0x00000014   Data   RO         6325    nrf_balloc          nrf_log_frontend.o
    0x00032308   0x00032308   0x00000008   Data   RO         1054    sdh_ble_observers0  ble_conn_state.o
    0x00032310   0x00032310   0x00000010   Data   RO           18    sdh_ble_observers1  main.o
    0x00032320   0x00032320   0x00000008   Data   RO          636    sdh_ble_observers1  bsp_btn_ble.o
    0x00032328   0x00032328   0x00000008   Data   RO          968    sdh_ble_observers1  ble_conn_params.o
    0x00032330   0x00032330   0x00000008   Data   RO         2239    sdh_ble_observers1  peer_manager.o
    0x00032338   0x00032338   0x00000008   Data   RO           19    sdh_ble_observers2  main.o
    0x00032340   0x00032340   0x00000008   Data   RO           20    sdh_ble_observers3  main.o
    0x00032348   0x00032348   0x00000008   Data   RO         5666    sdh_req_observers0  nrf_fstorage_sd.o
    0x00032350   0x00032350   0x00000008   Data   RO         2979    sdh_soc_observers0  nrf_drv_clock.o
    0x00032358   0x00032358   0x00000008   Data   RO         5667    sdh_soc_observers0  nrf_fstorage_sd.o
    0x00032360   0x00032360   0x00000008   Data   RO         7021    sdh_stack_observers0  nrf_sdh_ble.o
    0x00032368   0x00032368   0x00000008   Data   RO         7070    sdh_stack_observers0  nrf_sdh_soc.o
    0x00032370   0x00032370   0x00000008   Data   RO         2980    sdh_state_observers0  nrf_drv_clock.o
    0x00032378   0x00032378   0x00000008   Data   RO         5668    sdh_state_observers0  nrf_fstorage_sd.o


    Execution Region RW_IRAM1 (Exec base: 0x20002250, Load base: 0x00032380, Size: 0x00003360, Max: 0x0000ddb0, ABSOLUTE, COMPRESSED[0x0000009c])

    Exec Addr    Load Addr    Size         Type   Attr      Idx    E Section Name        Object

    0x20002250   COMPRESSED   0x00000006   Data   RW           17    .data               main.o
    0x20002256   COMPRESSED   0x00000002   PAD
    0x20002258   COMPRESSED   0x00000010   Data   RW          534    .data               bsp.o
    0x20002268   COMPRESSED   0x00000008   Data   RW          635    .data               bsp_btn_ble.o
    0x20002270   COMPRESSED   0x00000008   Data   RW          967    .data               ble_conn_params.o
    0x20002278   COMPRESSED   0x00000010   Data   RW         1286    .data               gatt_cache_manager.o
    0x20002288   COMPRESSED   0x0000000c   Data   RW         1444    .data               gatts_cache_manager.o
    0x20002294   COMPRESSED   0x0000000c   Data   RW         1858    .data               peer_data_storage.o
    0x200022a0   COMPRESSED   0x00000008   Data   RW         1998    .data               peer_database.o
    0x200022a8   COMPRESSED   0x00000010   Data   RW         2237    .data               peer_manager.o
    0x200022b8   COMPRESSED   0x00000060   Data   RW         2512    .data               peer_manager_handler.o
    0x20002318   COMPRESSED   0x00000005   Data   RW         2662    .data               security_dispatcher.o
    0x2000231d   COMPRESSED   0x00000003   PAD
    0x20002320   COMPRESSED   0x00000015   Data   RW         2806    .data               security_manager.o
    0x20002335   COMPRESSED   0x00000003   PAD
    0x20002338   COMPRESSED   0x0000000c   Data   RW         3111    .data               nrf_drv_uart.o
    0x20002344   COMPRESSED   0x00000008   Data   RW         3317    .data               nrfx_clock.o
    0x2000234c   COMPRESSED   0x00000008   Data   RW         3749    .data               nrfx_prs.o
    0x20002354   COMPRESSED   0x00000004   PAD
    0x20002358   COMPRESSED   0x00000018   Data   RW         4160    .data               app_button.o
    0x20002370   COMPRESSED   0x00000020   Data   RW         4420    .data               app_timer2.o
    0x20002390   COMPRESSED   0x00000004   Data   RW         4421    .data               app_timer2.o
    0x20002394   COMPRESSED   0x0000000c   Data   RW         4659    .data               drv_rtc.o
    0x200023a0   COMPRESSED   0x00000030   Data   RW         4860    .data               fds.o
    0x200023d0   COMPRESSED   0x00000008   Data   RW         5665    .data               nrf_fstorage_sd.o
    0x200023d8   COMPRESSED   0x00000008   Data   RW         5845    .data               nrf_pwr_mgmt.o
    0x200023e0   COMPRESSED   0x00000018   Data   RW         6190    .data               nrf_log_backend_uart.o
    0x200023f8   COMPRESSED   0x00000008   Data   RW         6255    .data               nrf_log_default_backends.o
    0x20002400   COMPRESSED   0x00000004   Data   RW         6321    .data               nrf_log_frontend.o
    0x20002404   COMPRESSED   0x00000008   Data   RW         6322    .data               nrf_log_frontend.o
    0x2000240c   COMPRESSED   0x00000008   Data   RW         6323    .data               nrf_log_frontend.o
    0x20002414   COMPRESSED   0x00000040   Data   RW         6482    .data               nrf_log_str_formatter.o
    0x20002454   COMPRESSED   0x00000003   Data   RW         6909    .data               nrf_sdh.o
    0x20002457   COMPRESSED   0x00000001   Data   RW         7019    .data               nrf_sdh_ble.o
    0x20002458   COMPRESSED   0x00000004   Data   RW         7111    .data               system_nrf52.o
    0x2000245c   COMPRESSED   0x00000014   Data   RW         4861    fs_data             fds.o
    0x20002470        -       0x00000454   Zero   RW           16    .bss                main.o
    0x200028c4   COMPRESSED   0x00000004   PAD
    0x200028c8        -       0x00000020   Zero   RW          529    .bss                bsp.o
    0x200028e8        -       0x00000020   Zero   RW          530    .bss                bsp.o
    0x20002908        -       0x0000000c   Zero   RW          531    .bss                bsp.o
    0x20002914   COMPRESSED   0x00000004   PAD
    0x20002918        -       0x00000020   Zero   RW          532    .bss                bsp.o
    0x20002938        -       0x00000050   Zero   RW          966    .bss                ble_conn_params.o
    0x20002988        -       0x0000007c   Zero   RW         1053    .bss                ble_conn_state.o
    0x20002a04        -       0x000000d8   Zero   RW         1547    .bss                id_manager.o
    0x20002adc        -       0x00000180   Zero   RW         1994    .bss                peer_database.o
    0x20002c5c        -       0x00000040   Zero   RW         2110    .bss                peer_id.o
    0x20002c9c        -       0x0000000c   Zero   RW         2233    .bss                peer_manager.o
    0x20002ca8        -       0x00000040   Zero   RW         2658    .bss                security_dispatcher.o
    0x20002ce8        -       0x00000014   Zero   RW         2972    .bss                nrf_drv_clock.o
    0x20002cfc        -       0x0000005c   Zero   RW         3484    .bss                nrfx_gpiote.o
    0x20002d58        -       0x0000002c   Zero   RW         3823    .bss                nrfx_uart.o
    0x20002d84        -       0x00000024   Zero   RW         4007    .bss                nrfx_uarte.o
    0x20002da8        -       0x00000020   Zero   RW         4156    .bss                app_button.o
    0x20002dc8        -       0x00000010   Zero   RW         4157    .bss                app_button.o
    0x20002dd8        -       0x00000010   Zero   RW         4416    .bss                app_timer2.o
    0x20002de8        -       0x00000058   Zero   RW         4417    .bss                app_timer2.o
    0x20002e40        -       0x0000000c   Zero   RW         4546    .bss                app_util_platform.o
    0x20002e4c        -       0x00000010   Zero   RW         4857    .bss                fds.o
    0x20002e5c        -       0x000000e0   Zero   RW         4858    .bss                fds.o
    0x20002f3c        -       0x00000010   Zero   RW         5661    .bss                nrf_fstorage_sd.o
    0x20002f4c        -       0x000000a0   Zero   RW         5662    .bss                nrf_fstorage_sd.o
    0x20002fec        -       0x0000000c   Zero   RW         5841    .bss                nrf_pwr_mgmt.o
    0x20002ff8        -       0x00000040   Zero   RW         6187    .bss                nrf_log_backend_uart.o
    0x20003038        -       0x000000c0   Zero   RW         6315    .bss                nrf_log_frontend.o
    0x200030f8        -       0x00000080   Zero   RW         6316    .bss                nrf_log_frontend.o
    0x20003178        -       0x00000018   Zero   RW         6317    .bss                nrf_log_frontend.o
    0x20003190        -       0x00000420   Zero   RW         6318    .bss                nrf_log_frontend.o
    0x200035b0        -       0x00002000   Zero   RW         7097    STACK               arm_startup_nrf52.o


==============================================================================

Image component sizes


      Code (inc. data)   RO Data    RW Data    ZI Data      Debug   Object Name

       664         66         27         24         48      18138   app_button.o
        22          0          0          0          0       2545   app_error.o
       132         46          0          0          0      34085   app_error_weak.o
         0          0          0          0          0      37174   app_scheduler.o
       846         88         38         36        104      17097   app_timer2.o
       124         14          0          0         12      10702   app_util_platform.o
        36          8        512          0       8192        952   arm_startup_nrf52.o
      1338          0          0          0          0      53752   ble_advdata.o
      1076          6          0          0          0      11287   ble_advertising.o
       636         44          8          8         80       9523   ble_conn_params.o
       772         62          8          0        124      16137   ble_conn_state.o
         8          0          0          0          0       1510   ble_srv_common.o
       358         40          8          0          0      14795   boards.o
       998         84         44         16        108      16359   bsp.o
       252         10          8          8          0       4960   bsp_btn_ble.o
       704         76          6         12          0      49065   drv_rtc.o
      3872        348         24         68        240      52118   fds.o
      2152        552        553         16          0      34491   gatt_cache_manager.o
       686         84        462         12          0      16927   gatts_cache_manager.o
       946         34         32          0        216      17528   id_manager.o
      1132        200         32          6       1108     196206   main.o
       342          0          0          0          0       6926   nrf_atfifo.o
       170          0          0          0          0       4952   nrf_atflags.o
       332          0          0          0          0      10474   nrf_atomic.o
       164          0          0          0          0       3736   nrf_balloc.o
       922        272        205          0          0      37523   nrf_ble_gatt.o
       276          0          0          0          0       4833   nrf_ble_qwr.o
       312         36         30          0         20      43932   nrf_drv_clock.o
       200         26          0         12          0      18084   nrf_drv_uart.o
        50          0          0          0          0       3637   nrf_fprintf.o
       866          4         16          0          0       6682   nrf_fprintf_format.o
       972        432        194          0          0       8264   nrf_fstorage.o
       798         82         72          8        176      16483   nrf_fstorage_sd.o
       200          0          0          0          0      11725   nrf_log_backend_serial.o
       232         44         44         24         64      16230   nrf_log_backend_uart.o
        28          4         33          8          0       3425   nrf_log_default_backends.o
      1516        128         44         20       1400      32056   nrf_log_frontend.o
       570        108        102         64          0       5812   nrf_log_str_formatter.o
       346          0          0          0          0       9803   nrf_memobj.o
       108         16         53          8         12      39994   nrf_pwr_mgmt.o
        28          0          0          0          0       2447   nrf_ringbuf.o
       560         60        104          3          0      45588   nrf_sdh.o
       672        232        468          1          0       6021   nrf_sdh_ble.o
        60          4         56          0          0       2548   nrf_sdh_soc.o
        78          0          0          0          0       2884   nrf_section_iter.o
        84          0         17          0          0       4265   nrf_sortlist.o
        76         10       1319          0          0       2847   nrf_strerror.o
       242         32         14          8          0      47376   nrfx_clock.o
      1268        106         19          0         92      66469   nrfx_gpiote.o
       112         16         12          8          0       4652   nrfx_prs.o
      1310         42         17          0         44      31157   nrfx_uart.o
      1312         42         18          0         36      26555   nrfx_uarte.o
      1172        144        281         12          0      18758   peer_data_storage.o
      1434        260        425          8        384      19978   peer_database.o
       314         38          0          0         64       9499   peer_id.o
      1678        454        217         16         12      20447   peer_manager.o
      1824        842        832         96          0       9604   peer_manager_handler.o
       234          0          0          0          0       5603   pm_buffer.o
      1944        268        835          5         64      27531   security_dispatcher.o
      1372        122        411         21          0      55286   security_manager.o
       752         78          0          4          0      32733   system_nrf52.o

    ----------------------------------------------------------------------
     41760       5664       7696        544      12608    1342170   Object Totals
         0          0         32          0          0          0   (incl. Generated)
        76          0         64         12          8          0   (incl. Padding)

    ----------------------------------------------------------------------

      Code (inc. data)   RO Data    RW Data    ZI Data      Debug   Library Member Name

        86          0          0          0          0          0   __dczerorl2.o
         8          4        133          0          0         68   ctype_o.o
         0          0          0          0          0          0   entry.o
         0          0          0          0          0          0   entry10a.o
         0          0          0          0          0          0   entry11a.o
         8          4          0          0          0          0   entry2.o
         4          0          0          0          0          0   entry5.o
         0          0          0          0          0          0   entry7b.o
         0          0          0          0          0          0   entry8b.o
         8          4          0          0          0          0   entry9a.o
        30          0          0          0          0          0   handlers.o
        36          8          0          0          0         68   init.o
        30          0          0          0          0         68   llshl.o
        32          0          0          0          0         68   llushr.o
        26          0          0          0          0         80   memcmp.o
        36          0          0          0          0         68   memcpya.o
        36          0          0          0          0        108   memseta.o
        14          0          0          0          0         68   strlen.o
        98          0          0          0          0         92   uldiv.o

    ----------------------------------------------------------------------
       456         20        136          0          0        688   Library Totals
         4          0          3          0          0          0   (incl. Padding)

    ----------------------------------------------------------------------

      Code (inc. data)   RO Data    RW Data    ZI Data      Debug   Library Name

       452         20        133          0          0        688   mc_w.l

    ----------------------------------------------------------------------
       456         20        136          0          0        688   Library Totals

    ----------------------------------------------------------------------

==============================================================================


      Code (inc. data)   RO Data    RW Data    ZI Data      Debug   

     42216       5684       7832        544      12608    1290134   Grand Totals
     42216       5684       7832        156      12608    1290134   ELF Image Totals (compressed)
     42216       5684       7832        156          0          0   ROM Totals

==============================================================================

    Total RO  Size (Code + RO Data)                50048 (  48.88kB)
    Total RW  Size (RW Data + ZI Data)             13152 (  12.84kB)
    Total ROM Size (Code + RO Data + RW Data)      50204 (  49.03kB)

==============================================================================

