<html>
<body>
<pre>
<h1>µVision Build Log</h1>
<h2>Tool Versions:</h2>
IDE-Version: ¦ÌVision V5.30.0.0
Copyright (C) 2020 ARM Ltd and ARM Germany GmbH. All rights reserved.
License Information: Jianlong zhang , Prose, LIC=21E4T-RBDYR-X7HRZ-JW6ID-HVEYN-YY1AG
 
Tool Versions:
Toolchain:       MDK-ARM Plus  Version: 5.30.0.0
Toolchain Path:  C:\Keil_v5\ARM\ARMCC\Bin
C Compiler:      Armcc.exe V5.06 update 6 (build 750)
Assembler:       Armasm.exe V5.06 update 6 (build 750)
Linker/Locator:  ArmLink.exe V5.06 update 6 (build 750)
Library Manager: ArmAr.exe V5.06 update 6 (build 750)
Hex Converter:   FromElf.exe V5.06 update 6 (build 750)
CPU DLL:         
Dialog DLL:      
Target DLL:      Segger\JL2CM3.dll V2.99.38.0
Dialog DLL:      TCM.DLL V1.42.0.0
 
<h2>Project:</h2>
D:\workSpace\stm32_study\ble\nRF5SDK1702d674dde\nRF5_SDK_17.0.2_d674dde\examples\ble_central\ble_app_hrs_c\pca10040\s132\arm5_no_packs\ble_app_hrs_c_pca10040_s132.uvprojx
Project File Date:  07/27/2023

<h2>Output:</h2>
*** Using Compiler 'V5.06 update 6 (build 750)', folder: 'C:\Keil_v5\ARM\ARMCC\Bin'
Build target 'nrf52832_xxaa'
compiling utf.c...
compiling auth_status_tracker.c...
compiling ble_advdata.c...
compiling ble_conn_state.c...
compiling boards.c...
compiling bsp.c...
compiling ble_db_discovery.c...
compiling bsp_btn_ble.c...
compiling ble_srv_common.c...
compiling main.c...
compiling gatts_cache_manager.c...
compiling nrf_ble_gatt.c...
compiling gatt_cache_manager.c...
compiling nrf_ble_scan.c...
compiling nrf_ble_gq.c...
compiling id_manager.c...
compiling nrf_ble_lesc.c...
compiling peer_data_storage.c...
compiling pm_buffer.c...
compiling peer_id.c...
compiling peer_database.c...
compiling security_dispatcher.c...
compiling peer_manager.c...
compiling peer_manager_handler.c...
compiling nrf_crypto_aead.c...
compiling ble_bas_c.c...
compiling nrf_crypto_aes.c...
compiling ble_hrs_c.c...
compiling nrf_crypto_aes_shared.c...
compiling security_manager.c...
compiling nrf_crypto_ecc.c...
compiling nrf_crypto_ecdh.c...
compiling nrf_crypto_ecdsa.c...
compiling nrf_crypto_error.c...
compiling nrf_crypto_init.c...
compiling nrf_crypto_eddsa.c...
compiling nrf_crypto_hash.c...
compiling nrf_crypto_shared.c...
compiling nrf_crypto_hkdf.c...
compiling nrf_crypto_hmac.c...
compiling nrf_crypto_rng.c...
compiling oberon_backend_chacha_poly_aead.c...
compiling oberon_backend_ecdh.c...
compiling oberon_backend_ecc.c...
compiling nrf_hw_backend_init.c...
compiling oberon_backend_eddsa.c...
compiling oberon_backend_hash.c...
compiling oberon_backend_hmac.c...
compiling oberon_backend_ecdsa.c...
compiling nrf_hw_backend_rng.c...
compiling nrfx_atomic.c...
compiling nrfx_prs.c...
compiling nrf_drv_uart.c...
compiling nrfx_clock.c...
compiling nrfx_gpiote.c...
compiling nrf_drv_rng.c...
compiling nrf_hw_backend_rng_mbedtls.c...
compiling nrf_drv_clock.c...
compiling app_error.c...
compiling app_error_handler_keil.c...
compiling app_error_weak.c...
compiling app_scheduler.c...
compiling app_util_platform.c...
compiling nrfx_rng.c...
compiling nrfx_uarte.c...
compiling nrfx_uart.c...
compiling app_button.c...
compiling crc16.c...
compiling app_timer2.c...
compiling nrf_assert.c...
compiling fds.c...
compiling hardfault_implementation.c...
compiling mem_manager.c...
compiling nrf_atfifo.c...
compiling nrf_atomic.c...
compiling drv_rtc.c...
compiling nrf_atflags.c...
compiling nrf_fprintf.c...
compiling nrf_fprintf_format.c...
compiling nrf_balloc.c...
compiling nrf_fstorage.c...
compiling nrf_memobj.c...
compiling nrf_fstorage_sd.c...
compiling nrf_queue.c...
compiling nrf_section_iter.c...
compiling nrf_ringbuf.c...
compiling nrf_sortlist.c...
compiling nrf_pwr_mgmt.c...
compiling nrf_log_backend_rtt.c...
compiling nrf_strerror.c...
compiling nrf_log_backend_serial.c...
compiling nrf_log_default_backends.c...
compiling nrf_log_str_formatter.c...
compiling nrf_log_frontend.c...
compiling SEGGER_RTT_Syscalls_KEIL.c...
compiling SEGGER_RTT_printf.c...
compiling SEGGER_RTT.c...
assembling arm_startup_nrf52.s...
compiling ctr_drbg.c...
compiling platform_util.c...
compiling nrf_log_backend_uart.c...
compiling aes.c...
compiling nrf_sdh.c...
compiling system_nrf52.c...
compiling nrf_sdh_soc.c...
compiling nrf_sdh_ble.c...
linking...
Program Size: Code=66228 RO-data=20728 RW-data=2124 ZI-data=12892  
FromELF: creating hex file...
".\_build\nrf52832_xxaa.axf" - 0 Error(s), 0 Warning(s).

<h2>Software Packages used:</h2>

Package Vendor: ARM
                http://www.keil.com/pack/ARM.CMSIS.5.6.0.pack
                ARM.CMSIS.5.6.0
                CMSIS (Cortex Microcontroller Software Interface Standard)
   * Component: CORE Version: 5.3.0

Package Vendor: NordicSemiconductor
                http://developer.nordicsemi.com/nRF5_SDK/pieces/nRF_DeviceFamilyPack/NordicSemiconductor.nRF_DeviceFamilyPack.8.44.1.pack
                NordicSemiconductor.nRF_DeviceFamilyPack.8.44.1
                Nordic Semiconductor nRF ARM devices Device Family Pack with BSD license.
   * Component: Startup Version: 8.44.1

<h2>Collection of Component include folders:</h2>
  .\RTE\_nrf52832_xxaa
  D:\Keil5\Packs\ARM\CMSIS\5.6.0\CMSIS\Core\Include
  D:\Keil5\Packs\NordicSemiconductor\nRF_DeviceFamilyPack\8.44.1\Device\Include

<h2>Collection of Component Files used:</h2>

   * Component: ARM::CMSIS:CORE:5.3.0

   * Component: NordicSemiconductor::Device:Startup:8.44.1
      Source file:   Device\Source\system_nrf52.c
      Include file:  Device\Include\system_nrf.h
      Source file:   Device\Source\arm\arm_startup_nrf52.s
      Include file:  Device\Include\system_nrf52.h
Build Time Elapsed:  00:00:46
</pre>
</body>
</html>
