Component: ARM Compiler 5.06 update 6 (build 750) Tool: armlink [4d35ed]

==============================================================================

Section Cross References

    main.o(i.assert_nrf_callback) refers to app_error_handler_keil.o(.emb_text) for app_error_handler
    main.o(i.bas_c_evt_handler) refers to nrf_log_frontend.o(i.nrf_log_frontend_std_1) for nrf_log_frontend_std_1
    main.o(i.bas_c_evt_handler) refers to ble_bas_c.o(i.ble_bas_c_handles_assign) for ble_bas_c_handles_assign
    main.o(i.bas_c_evt_handler) refers to app_error.o(i.app_error_handler_bare) for app_error_handler_bare
    main.o(i.bas_c_evt_handler) refers to ble_bas_c.o(i.ble_bas_c_bl_read) for ble_bas_c_bl_read
    main.o(i.bas_c_evt_handler) refers to ble_bas_c.o(i.ble_bas_c_bl_notif_enable) for ble_bas_c_bl_notif_enable
    main.o(i.bas_c_evt_handler) refers to nrf_log_frontend.o(log_const_data) for m_nrf_log_app_logs_data_const
    main.o(i.ble_evt_handler) refers to nrf_log_frontend.o(i.nrf_log_frontend_std_0) for nrf_log_frontend_std_0
    main.o(i.ble_evt_handler) refers to ble_db_discovery.o(i.ble_db_discovery_start) for ble_db_discovery_start
    main.o(i.ble_evt_handler) refers to app_error.o(i.app_error_handler_bare) for app_error_handler_bare
    main.o(i.ble_evt_handler) refers to bsp.o(i.bsp_indication_set) for bsp_indication_set
    main.o(i.ble_evt_handler) refers to ble_conn_state.o(i.ble_conn_state_central_conn_count) for ble_conn_state_central_conn_count
    main.o(i.ble_evt_handler) refers to main.o(i.scan_start) for scan_start
    main.o(i.ble_evt_handler) refers to nrf_log_frontend.o(i.nrf_log_frontend_std_1) for nrf_log_frontend_std_1
    main.o(i.ble_evt_handler) refers to nrf_log_frontend.o(i.nrf_log_frontend_std_5) for nrf_log_frontend_std_5
    main.o(i.ble_evt_handler) refers to nrf_log_frontend.o(log_const_data) for m_nrf_log_app_logs_data_const
    main.o(i.ble_evt_handler) refers to main.o(.data) for .data
    main.o(i.ble_evt_handler) refers to main.o(.conststring) for .conststring
    main.o(i.bsp_event_handler) refers to nrf_pwr_mgmt.o(i.nrf_pwr_mgmt_shutdown) for nrf_pwr_mgmt_shutdown
    main.o(i.bsp_event_handler) refers to app_error.o(i.app_error_handler_bare) for app_error_handler_bare
    main.o(i.bsp_event_handler) refers to nrf_log_frontend.o(i.nrf_log_frontend_std_0) for nrf_log_frontend_std_0
    main.o(i.bsp_event_handler) refers to nrf_ble_scan.o(i.nrf_ble_scan_stop) for nrf_ble_scan_stop
    main.o(i.bsp_event_handler) refers to main.o(i.scan_start) for scan_start
    main.o(i.bsp_event_handler) refers to main.o(.data) for .data
    main.o(i.bsp_event_handler) refers to nrf_log_frontend.o(log_const_data) for m_nrf_log_app_logs_data_const
    main.o(i.db_disc_handler) refers to ble_hrs_c.o(i.ble_hrs_on_db_disc_evt) for ble_hrs_on_db_disc_evt
    main.o(i.db_disc_handler) refers to ble_bas_c.o(i.ble_bas_on_db_disc_evt) for ble_bas_on_db_disc_evt
    main.o(i.db_disc_handler) refers to main.o(.bss) for .bss
    main.o(i.gatt_evt_handler) refers to nrf_log_frontend.o(i.nrf_log_frontend_std_2) for nrf_log_frontend_std_2
    main.o(i.gatt_evt_handler) refers to nrf_log_frontend.o(log_const_data) for m_nrf_log_app_logs_data_const
    main.o(i.hrs_c_evt_handler) refers to nrf_log_frontend.o(i.nrf_log_frontend_std_1) for nrf_log_frontend_std_1
    main.o(i.hrs_c_evt_handler) refers to ble_hrs_c.o(i.ble_hrs_c_handles_assign) for ble_hrs_c_handles_assign
    main.o(i.hrs_c_evt_handler) refers to app_error.o(i.app_error_handler_bare) for app_error_handler_bare
    main.o(i.hrs_c_evt_handler) refers to peer_manager.o(i.pm_conn_secure) for pm_conn_secure
    main.o(i.hrs_c_evt_handler) refers to ble_hrs_c.o(i.ble_hrs_c_hrm_notif_enable) for ble_hrs_c_hrm_notif_enable
    main.o(i.hrs_c_evt_handler) refers to nrf_log_frontend.o(log_const_data) for m_nrf_log_app_logs_data_const
    main.o(i.main) refers to nrf_log_frontend.o(i.nrf_log_init) for nrf_log_init
    main.o(i.main) refers to app_error.o(i.app_error_handler_bare) for app_error_handler_bare
    main.o(i.main) refers to nrf_log_default_backends.o(i.nrf_log_default_backends_init) for nrf_log_default_backends_init
    main.o(i.main) refers to app_timer2.o(i.app_timer_init) for app_timer_init
    main.o(i.main) refers to nrf_pwr_mgmt.o(i.nrf_pwr_mgmt_init) for nrf_pwr_mgmt_init
    main.o(i.main) refers to bsp.o(i.bsp_init) for bsp_init
    main.o(i.main) refers to bsp_btn_ble.o(i.bsp_btn_ble_init) for bsp_btn_ble_init
    main.o(i.main) refers to nrf_sdh.o(i.nrf_sdh_enable_request) for nrf_sdh_enable_request
    main.o(i.main) refers to nrf_sdh_ble.o(i.nrf_sdh_ble_default_cfg_set) for nrf_sdh_ble_default_cfg_set
    main.o(i.main) refers to nrf_sdh_ble.o(i.nrf_sdh_ble_enable) for nrf_sdh_ble_enable
    main.o(i.main) refers to nrf_ble_gatt.o(i.nrf_ble_gatt_init) for nrf_ble_gatt_init
    main.o(i.main) refers to main.o(i.peer_manager_init) for peer_manager_init
[...]
    0x0002ca82   0x0002ca82   0x00000002   PAD
    0x0002ca84   0x0002ca84   0x00000098   Code   RO           10    i.hrs_c_evt_handler  main.o
    0x0002cb1c   0x0002cb1c   0x00000046   Code   RO         1572    i.im_address_resolve  id_manager.o
    0x0002cb62   0x0002cb62   0x00000002   PAD
    0x0002cb64   0x0002cb64   0x00000038   Code   RO         1573    i.im_ble_addr_get   id_manager.o
    0x0002cb9c   0x0002cb9c   0x000000dc   Code   RO         1574    i.im_ble_evt_handler  id_manager.o
    0x0002cc78   0x0002cc78   0x00000040   Code   RO         1575    i.im_conn_handle_get  id_manager.o
    0x0002ccb8   0x0002ccb8   0x000000ec   Code   RO         1576    i.im_device_identities_list_set  id_manager.o
    0x0002cda4   0x0002cda4   0x00000038   Code   RO         1577    i.im_find_duplicate_bonding_data  id_manager.o
    0x0002cddc   0x0002cddc   0x00000072   Code   RO         1580    i.im_is_duplicate_bonding_data  id_manager.o
    0x0002ce4e   0x0002ce4e   0x00000018   Code   RO         1581    i.im_master_id_is_valid  id_manager.o
    0x0002ce66   0x0002ce66   0x0000002a   Code   RO         1582    i.im_master_ids_compare  id_manager.o
    0x0002ce90   0x0002ce90   0x00000014   Code   RO         1583    i.im_new_peer_id    id_manager.o
    0x0002cea4   0x0002cea4   0x0000002c   Code   RO         1584    i.im_peer_free      id_manager.o
    0x0002ced0   0x0002ced0   0x00000024   Code   RO         1585    i.im_peer_id_get_by_conn_handle  id_manager.o
    0x0002cef4   0x0002cef4   0x0000003c   Code   RO         1586    i.im_peer_id_get_by_master_id  id_manager.o
    0x0002cf30   0x0002cf30   0x00000038   Code   RO         1589    i.im_whitelist_get  id_manager.o
    0x0002cf68   0x0002cf68   0x00000074   Code   RO         1590    i.im_whitelist_set  id_manager.o
    0x0002cfdc   0x0002cfdc   0x00000034   Code   RO         7692    i.init              nrf_fstorage_sd.o
    0x0002d010   0x0002d010   0x000000c8   Code   RO         6796    i.init_execute      fds.o
    0x0002d0d8   0x0002d0d8   0x000000a6   Code   RO         7564    i.int_print         nrf_fprintf_format.o
    0x0002d17e   0x0002d17e   0x00000002   PAD
    0x0002d180   0x0002d180   0x00000088   Code   RO         5965    i.interrupts_enable  nrfx_uarte.o
    0x0002d208   0x0002d208   0x00000034   Code   RO         8425    i.invalid_packets_omit  nrf_log_frontend.o
    0x0002d23c   0x0002d23c   0x00000010   Code   RO         7693    i.is_busy           nrf_fstorage_sd.o
    0x0002d24c   0x0002d24c   0x0000004c   Code   RO         1126    i.is_desc_discovery_reqd  ble_db_discovery.o
    0x0002d298   0x0002d298   0x00000014   Code   RO         1591    i.is_valid_irk      id_manager.o
    0x0002d2ac   0x0002d2ac   0x00000024   Code   RO         4198    i.is_vector_greater_or_equal  nrf_crypto_rng.o
    0x0002d2d0   0x0002d2d0   0x00000018   Code   RO         2263    i.is_whitelist_used  nrf_ble_scan.o
    0x0002d2e8   0x0002d2e8   0x0000000c   Code   RO         6797    i.is_word_aligned   fds.o
    0x0002d2f4   0x0002d2f4   0x00000030   Code   RO          589    i.leds_off          bsp.o
    0x0002d324   0x0002d324   0x00000014   Code   RO          590    i.leds_timer_handler  bsp.o
    0x0002d338   0x0002d338   0x00000018   Code   RO         1737    i.link_init         nrf_ble_gatt.o
    0x0002d350   0x0002d350   0x000000d0   Code   RO         3356    i.link_secure       security_manager.o
    0x0002d420   0x0002d420   0x0000000a   Code   RO         3197    i.link_secure_authenticate  security_dispatcher.o
    0x0002d42a   0x0002d42a   0x00000002   PAD
    0x0002d42c   0x0002d42c   0x00000068   Code   RO         3198    i.link_secure_central  security_dispatcher.o
    0x0002d494   0x0002d494   0x00000094   Code   RO         3199    i.link_secure_central_encryption  security_dispatcher.o
    0x0002d528   0x0002d528   0x00000032   Code   RO         3200    i.link_secure_failure  security_dispatcher.o
    0x0002d55a   0x0002d55a   0x00000002   PAD
    0x0002d55c   0x0002d55c   0x0000002c   Code   RO         3357    i.link_secure_pending_handle  security_manager.o
    0x0002d588   0x0002d588   0x000000a8   Code   RO         1320    i.local_db_apply_in_evt  gatt_cache_manager.o
    0x0002d630   0x0002d630   0x00000010   Code   RO         1321    i.local_db_update   gatt_cache_manager.o
    0x0002d640   0x0002d640   0x0000010c   Code   RO         1322    i.local_db_update_in_evt  gatt_cache_manager.o
    0x0002d74c   0x0002d74c   0x000000a4   Code   RO         8426    i.log_skip          nrf_log_frontend.o
    0x0002d7f0   0x0002d7f0   0x00000160   Code   RO           11    i.main              main.o
    0x0002d950   0x0002d950   0x00000018   Code   RO         9234    i.mbedtls_aes_crypt_ecb  aes.o
    0x0002d968   0x0002d968   0x0000000e   Code   RO         9239    i.mbedtls_aes_free  aes.o
    0x0002d976   0x0002d976   0x00000008   Code   RO         9240    i.mbedtls_aes_init  aes.o
    0x0002d97e   0x0002d97e   0x00000002   PAD
    0x0002d980   0x0002d980   0x0000019c   Code   RO         9242    i.mbedtls_aes_setkey_enc  aes.o
    0x0002db1c   0x0002db1c   0x0000001e   Code   RO         9374    i.mbedtls_ctr_drbg_free  ctr_drbg.o
    0x0002db3a   0x0002db3a   0x00000008   Code   RO         9375    i.mbedtls_ctr_drbg_init  ctr_drbg.o
    0x0002db42   0x0002db42   0x0000000c   Code   RO         9376    i.mbedtls_ctr_drbg_random  ctr_drbg.o
    0x0002db4e   0x0002db4e   0x000000de   Code   RO         9377    i.mbedtls_ctr_drbg_random_with_add  ctr_drbg.o
    0x0002dc2c   0x0002dc2c   0x00000082   Code   RO         9378    i.mbedtls_ctr_drbg_reseed  ctr_drbg.o
    0x0002dcae   0x0002dcae   0x00000054   Code   RO         9379    i.mbedtls_ctr_drbg_seed  ctr_drbg.o
    0x0002dd02   0x0002dd02   0x00000002   PAD
    0x0002dd04   0x0002dd04   0x000004b2   Code   RO         9249    i.mbedtls_internal_aes_decrypt  aes.o
    0x0002e1b6   0x0002e1b6   0x00000002   PAD
    0x0002e1b8   0x0002e1b8   0x000004b2   Code   RO         9250    i.mbedtls_internal_aes_encrypt  aes.o
    0x0002e66a   0x0002e66a   0x00000002   PAD
    0x0002e66c   0x0002e66c   0x00000014   Code   RO         9466    i.mbedtls_platform_zeroize  platform_util.o
    0x0002e680   0x0002e680   0x0000007e   Code   RO         7802    i.memobj_op         nrf_memobj.o
    0x0002e6fe   0x0002e6fe   0x00000002   PAD
    0x0002e700   0x0002e700   0x00000030   Code   RO         8427    i.module_idx_get    nrf_log_frontend.o
    0x0002e730   0x0002e730   0x00000008   Code   RO         3144    i.mutex_lock_status_get  pm_buffer.o
    0x0002e738   0x0002e738   0x00000014   Code   RO         3358    i.new_context_get   security_manager.o
    0x0002e74c   0x0002e74c   0x00000032   Code   RO         3359    i.new_evt           security_manager.o
    0x0002e77e   0x0002e77e   0x00000030   Code   RO         2652    i.next_id_get       peer_id.o
    0x0002e7ae   0x0002e7ae   0x00000010   Code   RO         7217    i.nrf_atfifo_clear  nrf_atfifo.o
    0x0002e7be   0x0002e7be   0x00000026   Code   RO         7219    i.nrf_atfifo_init   nrf_atfifo.o
    0x0002e7e4   0x0002e7e4   0x00000016   Code   RO         7220    i.nrf_atfifo_item_alloc  nrf_atfifo.o
    0x0002e7fa   0x0002e7fa   0x00000016   Code   RO         7221    i.nrf_atfifo_item_free  nrf_atfifo.o
    0x0002e810   0x0002e810   0x00000016   Code   RO         7222    i.nrf_atfifo_item_get  nrf_atfifo.o
    0x0002e826   0x0002e826   0x00000016   Code   RO         7223    i.nrf_atfifo_item_put  nrf_atfifo.o
    0x0002e83c   0x0002e83c   0x00000016   Code   RO         7285    i.nrf_atflags_clear  nrf_atflags.o
    0x0002e852   0x0002e852   0x00000020   Code   RO         7287    i.nrf_atflags_fetch_set  nrf_atflags.o
    0x0002e872   0x0002e872   0x0000004a   Code   RO         7289    i.nrf_atflags_find_and_set_flag  nrf_atflags.o
    0x0002e8bc   0x0002e8bc   0x00000016   Code   RO         7290    i.nrf_atflags_get   nrf_atflags.o
    0x0002e8d2   0x0002e8d2   0x00000014   Code   RO         7292    i.nrf_atflags_set   nrf_atflags.o
    0x0002e8e6   0x0002e8e6   0x00000006   Code   RO         7353    i.nrf_atomic_flag_clear_fetch  nrf_atomic.o
    0x0002e8ec   0x0002e8ec   0x00000006   Code   RO         7354    i.nrf_atomic_flag_set  nrf_atomic.o
    0x0002e8f2   0x0002e8f2   0x00000006   Code   RO         7355    i.nrf_atomic_flag_set_fetch  nrf_atomic.o
    0x0002e8f8   0x0002e8f8   0x0000000c   Code   RO         7356    i.nrf_atomic_u32_add  nrf_atomic.o
    0x0002e904   0x0002e904   0x0000000c   Code   RO         7357    i.nrf_atomic_u32_and  nrf_atomic.o
    0x0002e910   0x0002e910   0x0000000a   Code   RO         7359    i.nrf_atomic_u32_fetch_add  nrf_atomic.o
    0x0002e91a   0x0002e91a   0x0000000a   Code   RO         7360    i.nrf_atomic_u32_fetch_and  nrf_atomic.o
    0x0002e924   0x0002e924   0x0000000a   Code   RO         7361    i.nrf_atomic_u32_fetch_or  nrf_atomic.o
    0x0002e92e   0x0002e92e   0x0000000a   Code   RO         7362    i.nrf_atomic_u32_fetch_store  nrf_atomic.o
    0x0002e938   0x0002e938   0x0000000c   Code   RO         7366    i.nrf_atomic_u32_or  nrf_atomic.o
    0x0002e944   0x0002e944   0x0000000c   Code   RO         7368    i.nrf_atomic_u32_sub  nrf_atomic.o
    0x0002e950   0x0002e950   0x00000044   Code   RO         7487    i.nrf_balloc_alloc  nrf_balloc.o
    0x0002e994   0x0002e994   0x00000030   Code   RO         7488    i.nrf_balloc_free   nrf_balloc.o
    0x0002e9c4   0x0002e9c4   0x00000030   Code   RO         7489    i.nrf_balloc_init   nrf_balloc.o
    0x0002e9f4   0x0002e9f4   0x00000010   Code   RO         5358    i.nrf_bitmask_bit_is_set  nrfx_gpiote.o
    0x0002ea04   0x0002ea04   0x00000022   Code   RO         1743    i.nrf_ble_gatt_init  nrf_ble_gatt.o
    0x0002ea26   0x0002ea26   0x00000002   PAD
    0x0002ea28   0x0002ea28   0x00000150   Code   RO         1744    i.nrf_ble_gatt_on_ble_evt  nrf_ble_gatt.o
    0x0002eb78   0x0002eb78   0x0000006e   Code   RO         1841    i.nrf_ble_gq_conn_handle_register  nrf_ble_gq.o
    0x0002ebe6   0x0002ebe6   0x00000002   PAD
    0x0002ebe8   0x0002ebe8   0x000000a0   Code   RO         1842    i.nrf_ble_gq_item_add  nrf_ble_gq.o
    0x0002ec88   0x0002ec88   0x00000060   Code   RO         1843    i.nrf_ble_gq_on_ble_evt  nrf_ble_gq.o
    0x0002ece8   0x0002ece8   0x00000074   Code   RO         1920    i.nrf_ble_lesc_init  nrf_ble_lesc.o
    0x0002ed5c   0x0002ed5c   0x00000148   Code   RO         1921    i.nrf_ble_lesc_keypair_generate  nrf_ble_lesc.o
    0x0002eea4   0x0002eea4   0x000000c8   Code   RO         1922    i.nrf_ble_lesc_on_ble_evt  nrf_ble_lesc.o
    0x0002ef6c   0x0002ef6c   0x0000003c   Code   RO         1926    i.nrf_ble_lesc_public_key_get  nrf_ble_lesc.o
    0x0002efa8   0x0002efa8   0x00000050   Code   RO         1927    i.nrf_ble_lesc_request_handler  nrf_ble_lesc.o
    0x0002eff8   0x0002eff8   0x00000094   Code   RO         2264    i.nrf_ble_scan_addr_filter_add  nrf_ble_scan.o
    0x0002f08c   0x0002f08c   0x00000024   Code   RO         2265    i.nrf_ble_scan_address_type_decode  nrf_ble_scan.o
    0x0002f0b0   0x0002f0b0   0x00000050   Code   RO         2267    i.nrf_ble_scan_connect_with_target  nrf_ble_scan.o
    0x0002f100   0x0002f100   0x00000014   Code   RO         2269    i.nrf_ble_scan_default_conn_param_set  nrf_ble_scan.o
    0x0002f114   0x0002f114   0x00000020   Code   RO         2270    i.nrf_ble_scan_default_param_set  nrf_ble_scan.o
    0x0002f134   0x0002f134   0x000000b2   Code   RO         2272    i.nrf_ble_scan_filter_set  nrf_ble_scan.o
    0x0002f1e6   0x0002f1e6   0x00000018   Code   RO         2273    i.nrf_ble_scan_filters_disable  nrf_ble_scan.o
    0x0002f1fe   0x0002f1fe   0x0000004e   Code   RO         2274    i.nrf_ble_scan_filters_enable  nrf_ble_scan.o
    0x0002f24c   0x0002f24c   0x00000074   Code   RO         2275    i.nrf_ble_scan_init  nrf_ble_scan.o
    0x0002f2c0   0x0002f2c0   0x000001a8   Code   RO         2276    i.nrf_ble_scan_on_adv_report  nrf_ble_scan.o
    0x0002f468   0x0002f468   0x00000080   Code   RO         2277    i.nrf_ble_scan_on_ble_evt  nrf_ble_scan.o
    0x0002f4e8   0x0002f4e8   0x00000028   Code   RO         2278    i.nrf_ble_scan_params_set  nrf_ble_scan.o
    0x0002f510   0x0002f510   0x00000088   Code   RO         2279    i.nrf_ble_scan_start  nrf_ble_scan.o
    0x0002f598   0x0002f598   0x00000004   Code   RO         2280    i.nrf_ble_scan_stop  nrf_ble_scan.o
    0x0002f59c   0x0002f59c   0x0000000e   Code   RO         5216    i.nrf_clock_event_check  nrfx_clock.o
    0x0002f5aa   0x0002f5aa   0x00000010   Code   RO         5217    i.nrf_clock_event_clear  nrfx_clock.o
    0x0002f5ba   0x0002f5ba   0x00000010   Code   RO         4486    i.nrf_crypto_backend_curve25519_ecdh_compute  oberon_backend_ecdh.o
    0x0002f5ca   0x0002f5ca   0x0000003a   Code   RO         4363    i.nrf_crypto_backend_curve25519_key_pair_generate  oberon_backend_ecc.o
    0x0002f604   0x0002f604   0x00000010   Code   RO         4364    i.nrf_crypto_backend_curve25519_public_key_calculate  oberon_backend_ecc.o
    0x0002f614   0x0002f614   0x00000032   Code   RO         4365    i.nrf_crypto_backend_ed25519_key_pair_generate  oberon_backend_ecc.o
    0x0002f646   0x0002f646   0x0000001c   Code   RO         4366    i.nrf_crypto_backend_ed25519_private_key_from_raw  oberon_backend_ecc.o
    0x0002f662   0x0002f662   0x00000012   Code   RO         4367    i.nrf_crypto_backend_ed25519_public_key_calculate  oberon_backend_ecc.o
    0x0002f674   0x0002f674   0x00000010   Code   RO         4368    i.nrf_crypto_backend_oberon_ecc_secp256r1_rng  oberon_backend_ecc.o
    0x0002f684   0x0002f684   0x00000010   Code   RO         4369    i.nrf_crypto_backend_oberon_private_key_from_raw  oberon_backend_ecc.o
    0x0002f694   0x0002f694   0x00000016   Code   RO         4370    i.nrf_crypto_backend_oberon_private_key_to_raw  oberon_backend_ecc.o
    0x0002f6aa   0x0002f6aa   0x00000010   Code   RO         4371    i.nrf_crypto_backend_oberon_public_key_from_raw  oberon_backend_ecc.o
    0x0002f6ba   0x0002f6ba   0x00000016   Code   RO         4372    i.nrf_crypto_backend_oberon_public_key_to_raw  oberon_backend_ecc.o
    0x0002f6d0   0x0002f6d0   0x00000016   Code   RO         4487    i.nrf_crypto_backend_secp256r1_ecdh_compute  oberon_backend_ecdh.o
    0x0002f6e6   0x0002f6e6   0x00000026   Code   RO         4373    i.nrf_crypto_backend_secp256r1_key_pair_generate  oberon_backend_ecc.o
    0x0002f70c   0x0002f70c   0x00000016   Code   RO         4374    i.nrf_crypto_backend_secp256r1_public_key_calculate  oberon_backend_ecc.o
    0x0002f722   0x0002f722   0x00000002   PAD
    0x0002f724   0x0002f724   0x00000052   Code   RO         3768    i.nrf_crypto_ecc_byte_order_invert  nrf_crypto_ecc.o
    0x0002f776   0x0002f776   0x00000002   PAD
    0x0002f778   0x0002f778   0x00000088   Code   RO         3770    i.nrf_crypto_ecc_key_pair_generate  nrf_crypto_ecc.o
    0x0002f800   0x0002f800   0x00000048   Code   RO         3776    i.nrf_crypto_ecc_public_key_from_raw  nrf_crypto_ecc.o
    0x0002f848   0x0002f848   0x00000044   Code   RO         3777    i.nrf_crypto_ecc_public_key_to_raw  nrf_crypto_ecc.o
    0x0002f88c   0x0002f88c   0x000000a0   Code   RO         3869    i.nrf_crypto_ecdh_compute  nrf_crypto_ecdh.o
    0x0002f92c   0x0002f92c   0x00000040   Code   RO         4151    i.nrf_crypto_init   nrf_crypto_init.o
    0x0002f96c   0x0002f96c   0x00000018   Code   RO         3778    i.nrf_crypto_internal_ecc_key_input_check  nrf_crypto_ecc.o
    0x0002f984   0x0002f984   0x0000001a   Code   RO         3779    i.nrf_crypto_internal_ecc_key_output_prepare  nrf_crypto_ecc.o
    0x0002f99e   0x0002f99e   0x00000016   Code   RO         3780    i.nrf_crypto_internal_ecc_raw_input_check  nrf_crypto_ecc.o
    0x0002f9b4   0x0002f9b4   0x0000001c   Code   RO         3781    i.nrf_crypto_internal_ecc_raw_output_prepare  nrf_crypto_ecc.o
    0x0002f9d0   0x0002f9d0   0x0000001c   Code   RO         4153    i.nrf_crypto_is_initializing  nrf_crypto_init.o
    0x0002f9ec   0x0002f9ec   0x00000034   Code   RO         4736    i.nrf_crypto_rng_backend_init  nrf_hw_backend_rng_mbedtls.o
    0x0002fa20   0x0002fa20   0x00000014   Code   RO         4737    i.nrf_crypto_rng_backend_reseed  nrf_hw_backend_rng_mbedtls.o
    0x0002fa34   0x0002fa34   0x00000010   Code   RO         4738    i.nrf_crypto_rng_backend_uninit  nrf_hw_backend_rng_mbedtls.o
    0x0002fa44   0x0002fa44   0x00000010   Code   RO         4739    i.nrf_crypto_rng_backend_vector_generate  nrf_hw_backend_rng_mbedtls.o
    0x0002fa54   0x0002fa54   0x000000b4   Code   RO         4199    i.nrf_crypto_rng_init  nrf_crypto_rng.o
    0x0002fb08   0x0002fb08   0x00000098   Code   RO         4200    i.nrf_crypto_rng_reseed  nrf_crypto_rng.o
    0x0002fba0   0x0002fba0   0x00000038   Code   RO         4201    i.nrf_crypto_rng_uninit  nrf_crypto_rng.o
    0x0002fbd8   0x0002fbd8   0x00000006   Code   RO         4202    i.nrf_crypto_rng_vector_generate  nrf_crypto_rng.o
    0x0002fbde   0x0002fbde   0x0000000c   Code   RO         4203    i.nrf_crypto_rng_vector_generate_in_range  nrf_crypto_rng.o
    0x0002fbea   0x0002fbea   0x00000002   PAD
    0x0002fbec   0x0002fbec   0x00000040   Code   RO         4804    i.nrf_drv_clock_init  nrf_drv_clock.o
    0x0002fc2c   0x0002fc2c   0x00000034   Code   RO         4808    i.nrf_drv_clock_lfclk_release  nrf_drv_clock.o
    0x0002fc60   0x0002fc60   0x00000028   Code   RO         4950    i.nrf_drv_rng_block_rand  nrf_drv_rng.o
    0x0002fc88   0x0002fc88   0x00000058   Code   RO         4952    i.nrf_drv_rng_init  nrf_drv_rng.o
    0x0002fce0   0x0002fce0   0x00000060   Code   RO         4953    i.nrf_drv_rng_rand  nrf_drv_rng.o
    0x0002fd40   0x0002fd40   0x00000038   Code   RO         4954    i.nrf_drv_rng_uninit  nrf_drv_rng.o
    0x0002fd78   0x0002fd78   0x00000068   Code   RO         5024    i.nrf_drv_uart_init  nrf_drv_uart.o
    0x0002fde0   0x0002fde0   0x0000001a   Code   RO         7524    i.nrf_fprintf       nrf_fprintf.o
    0x0002fdfa   0x0002fdfa   0x00000018   Code   RO         7525    i.nrf_fprintf_buffer_flush  nrf_fprintf.o
    0x0002fe12   0x0002fe12   0x000001da   Code   RO         7565    i.nrf_fprintf_fmt   nrf_fprintf_format.o
    0x0002ffec   0x0002ffec   0x00000138   Code   RO         7605    i.nrf_fstorage_erase  nrf_fstorage.o
    0x00030124   0x00030124   0x00000094   Code   RO         7606    i.nrf_fstorage_init  nrf_fstorage.o
    0x000301b8   0x000301b8   0x00000050   Code   RO         7607    i.nrf_fstorage_is_busy  nrf_fstorage.o
    0x00030208   0x00030208   0x00000018   Code   RO         7694    i.nrf_fstorage_sdh_req_handler  nrf_fstorage_sd.o
    0x00030220   0x00030220   0x00000020   Code   RO         7695    i.nrf_fstorage_sdh_state_handler  nrf_fstorage_sd.o
    0x00030240   0x00030240   0x000000a4   Code   RO         7696    i.nrf_fstorage_sys_evt_handler  nrf_fstorage_sd.o
    0x000302e4   0x000302e4   0x000001dc   Code   RO         7612    i.nrf_fstorage_write  nrf_fstorage.o
    0x000304c0   0x000304c0   0x00000024   Code   RO          476    i.nrf_gpio_cfg      boards.o
    0x000304e4   0x000304e4   0x00000024   Code   RO         5359    i.nrf_gpio_cfg      nrfx_gpiote.o
    0x00030508   0x00030508   0x00000024   Code   RO         5780    i.nrf_gpio_cfg      nrfx_uart.o
    0x0003052c   0x0003052c   0x00000024   Code   RO         5966    i.nrf_gpio_cfg      nrfx_uarte.o
    0x00030550   0x00030550   0x00000012   Code   RO         5781    i.nrf_gpio_cfg_default  nrfx_uart.o
    0x00030562   0x00030562   0x00000012   Code   RO         5967    i.nrf_gpio_cfg_default  nrfx_uarte.o
    0x00030574   0x00030574   0x00000012   Code   RO         5782    i.nrf_gpio_cfg_input  nrfx_uart.o
    0x00030586   0x00030586   0x00000012   Code   RO         5968    i.nrf_gpio_cfg_input  nrfx_uarte.o
    0x00030598   0x00030598   0x00000014   Code   RO         5783    i.nrf_gpio_cfg_output  nrfx_uart.o
    0x000305ac   0x000305ac   0x00000014   Code   RO         5969    i.nrf_gpio_cfg_output  nrfx_uarte.o
    0x000305c0   0x000305c0   0x00000022   Code   RO         5361    i.nrf_gpio_cfg_sense_set  nrfx_gpiote.o
    0x000305e2   0x000305e2   0x00000002   PAD
    0x000305e4   0x000305e4   0x0000002c   Code   RO         5362    i.nrf_gpio_latches_read_and_clear  nrfx_gpiote.o
    0x00030610   0x00030610   0x0000001e   Code   RO         5363    i.nrf_gpio_pin_present_check  nrfx_gpiote.o
    0x0003062e   0x0003062e   0x00000016   Code   RO          477    i.nrf_gpio_pin_write  boards.o
    0x00030644   0x00030644   0x00000014   Code   RO         5364    i.nrf_gpiote_event_clear  nrfx_gpiote.o
    0x00030658   0x00030658   0x00000010   Code   RO         5365    i.nrf_gpiote_event_is_set  nrfx_gpiote.o
    0x00030668   0x00030668   0x00000008   Code   RO         4686    i.nrf_hw_backend_init  nrf_hw_backend_init.o
    0x00030670   0x00030670   0x00000004   Code   RO         4687    i.nrf_hw_backend_uninit  nrf_hw_backend_init.o
    0x00030674   0x00030674   0x0000005c   Code   RO         8428    i.nrf_log_backend_add  nrf_log_frontend.o
    0x000306d0   0x000306d0   0x000000c8   Code   RO         8273    i.nrf_log_backend_serial_put  nrf_log_backend_serial.o
    0x00030798   0x00030798   0x00000002   Code   RO         8313    i.nrf_log_backend_uart_flush  nrf_log_backend_uart.o
    0x0003079a   0x0003079a   0x00000006   Code   RO         8314    i.nrf_log_backend_uart_init  nrf_log_backend_uart.o
    0x000307a0   0x000307a0   0x0000002c   Code   RO         8315    i.nrf_log_backend_uart_panic_set  nrf_log_backend_uart.o
    0x000307cc   0x000307cc   0x00000018   Code   RO         8316    i.nrf_log_backend_uart_put  nrf_log_backend_uart.o
    0x000307e4   0x000307e4   0x00000030   Code   RO         8430    i.nrf_log_color_id_get  nrf_log_frontend.o
    0x00030814   0x00030814   0x0000001c   Code   RO         8386    i.nrf_log_default_backends_init  nrf_log_default_backends.o
    0x00030830   0x00030830   0x00000238   Code   RO         8431    i.nrf_log_frontend_dequeue  nrf_log_frontend.o
    0x00030a68   0x00030a68   0x00000008   Code   RO         8433    i.nrf_log_frontend_std_0  nrf_log_frontend.o
    0x00030a70   0x00030a70   0x0000000e   Code   RO         8434    i.nrf_log_frontend_std_1  nrf_log_frontend.o
    0x00030a7e   0x00030a7e   0x00000010   Code   RO         8435    i.nrf_log_frontend_std_2  nrf_log_frontend.o
    0x00030a8e   0x00030a8e   0x00000012   Code   RO         8436    i.nrf_log_frontend_std_3  nrf_log_frontend.o
    0x00030aa0   0x00030aa0   0x00000014   Code   RO         8437    i.nrf_log_frontend_std_4  nrf_log_frontend.o
    0x00030ab4   0x00030ab4   0x0000001c   Code   RO         8438    i.nrf_log_frontend_std_5  nrf_log_frontend.o
    0x00030ad0   0x00030ad0   0x000000b0   Code   RO         8609    i.nrf_log_hexdump_entry_process  nrf_log_str_formatter.o
    0x00030b80   0x00030b80   0x00000028   Code   RO         8440    i.nrf_log_init      nrf_log_frontend.o
    0x00030ba8   0x00030ba8   0x00000014   Code   RO         8441    i.nrf_log_module_cnt_get  nrf_log_frontend.o
    0x00030bbc   0x00030bbc   0x0000001c   Code   RO         8444    i.nrf_log_module_name_get  nrf_log_frontend.o
    0x00030bd8   0x00030bd8   0x00000028   Code   RO         8445    i.nrf_log_panic     nrf_log_frontend.o
    0x00030c00   0x00030c00   0x000000b6   Code   RO         8610    i.nrf_log_std_entry_process  nrf_log_str_formatter.o
    0x00030cb6   0x00030cb6   0x00000060   Code   RO         7803    i.nrf_memobj_alloc  nrf_memobj.o
    0x00030d16   0x00030d16   0x00000032   Code   RO         7804    i.nrf_memobj_free   nrf_memobj.o
    0x00030d48   0x00030d48   0x00000008   Code   RO         7805    i.nrf_memobj_get    nrf_memobj.o
    0x00030d50   0x00030d50   0x00000004   Code   RO         7806    i.nrf_memobj_pool_init  nrf_memobj.o
    0x00030d54   0x00030d54   0x0000001e   Code   RO         7807    i.nrf_memobj_put    nrf_memobj.o
    0x00030d72   0x00030d72   0x00000010   Code   RO         7808    i.nrf_memobj_read   nrf_memobj.o
    0x00030d82   0x00030d82   0x00000010   Code   RO         7809    i.nrf_memobj_write  nrf_memobj.o
    0x00030d92   0x00030d92   0x00000002   PAD
    0x00030d94   0x00030d94   0x00000028   Code   RO         7881    i.nrf_pwr_mgmt_init  nrf_pwr_mgmt.o
    0x00030dbc   0x00030dbc   0x00000044   Code   RO         7882    i.nrf_pwr_mgmt_run  nrf_pwr_mgmt.o
    0x00030e00   0x00030e00   0x0000003c   Code   RO         7883    i.nrf_pwr_mgmt_shutdown  nrf_pwr_mgmt.o
    0x00030e3c   0x00030e3c   0x0000008e   Code   RO         7952    i.nrf_queue_generic_pop  nrf_queue.o
    0x00030eca   0x00030eca   0x00000012   Code   RO         7954    i.nrf_queue_is_empty  nrf_queue.o
    0x00030edc   0x00030edc   0x0000001e   Code   RO         7955    i.nrf_queue_is_full  nrf_queue.o
    0x00030efa   0x00030efa   0x0000000e   Code   RO         7958    i.nrf_queue_next_idx  nrf_queue.o
    0x00030f08   0x00030f08   0x000000b2   Code   RO         7960    i.nrf_queue_push    nrf_queue.o
    0x00030fba   0x00030fba   0x0000003e   Code   RO         7961    i.nrf_queue_read    nrf_queue.o
    0x00030ff8   0x00030ff8   0x00000022   Code   RO         7962    i.nrf_queue_reset   nrf_queue.o
    0x0003101a   0x0003101a   0x0000001c   Code   RO         8073    i.nrf_ringbuf_init  nrf_ringbuf.o
    0x00031036   0x00031036   0x0000000c   Code   RO         6616    i.nrf_rtc_event_clear  drv_rtc.o
    0x00031042   0x00031042   0x00000002   PAD
    0x00031044   0x00031044   0x00000014   Code   RO         9144    i.nrf_sdh_ble_app_ram_start_get  nrf_sdh_ble.o
    0x00031058   0x00031058   0x00000134   Code   RO         9145    i.nrf_sdh_ble_default_cfg_set  nrf_sdh_ble.o
    0x0003118c   0x0003118c   0x00000130   Code   RO         9146    i.nrf_sdh_ble_enable  nrf_sdh_ble.o
    0x000312bc   0x000312bc   0x00000060   Code   RO         9147    i.nrf_sdh_ble_evts_poll  nrf_sdh_ble.o
    0x0003131c   0x0003131c   0x00000054   Code   RO         9025    i.nrf_sdh_disable_request  nrf_sdh.o
    0x00031370   0x00031370   0x00000074   Code   RO         9026    i.nrf_sdh_enable_request  nrf_sdh.o
    0x000313e4   0x000313e4   0x00000024   Code   RO         9027    i.nrf_sdh_evts_poll  nrf_sdh.o
    0x00031408   0x00031408   0x0000000c   Code   RO         9028    i.nrf_sdh_is_enabled  nrf_sdh.o
    0x00031414   0x00031414   0x0000001c   Code   RO         9030    i.nrf_sdh_request_continue  nrf_sdh.o
    0x00031430   0x00031430   0x0000003c   Code   RO         9198    i.nrf_sdh_soc_evts_poll  nrf_sdh_soc.o
    0x0003146c   0x0003146c   0x0000000a   Code   RO         8131    i.nrf_section_iter_init  nrf_section_iter.o
    0x00031476   0x00031476   0x00000024   Code   RO         8132    i.nrf_section_iter_item_set  nrf_section_iter.o
    0x0003149a   0x0003149a   0x00000020   Code   RO         8133    i.nrf_section_iter_next  nrf_section_iter.o
    0x000314ba   0x000314ba   0x00000022   Code   RO         8166    i.nrf_sortlist_add  nrf_sortlist.o
    0x000314dc   0x000314dc   0x00000006   Code   RO         8168    i.nrf_sortlist_peek  nrf_sortlist.o
    0x000314e2   0x000314e2   0x0000000e   Code   RO         8169    i.nrf_sortlist_pop  nrf_sortlist.o
    0x000314f0   0x000314f0   0x0000001e   Code   RO         8170    i.nrf_sortlist_remove  nrf_sortlist.o
    0x0003150e   0x0003150e   0x00000002   PAD
    0x00031510   0x00031510   0x00000014   Code   RO         4206    i.nrf_stack_info_overflowed  nrf_crypto_rng.o
    0x00031524   0x00031524   0x00000038   Code   RO         8222    i.nrf_strerror_find  nrf_strerror.o
    0x0003155c   0x0003155c   0x00000014   Code   RO         8223    i.nrf_strerror_get  nrf_strerror.o
    0x00031570   0x00031570   0x0000000a   Code   RO         5784    i.nrf_uart_event_check  nrfx_uart.o
    0x0003157a   0x0003157a   0x0000000c   Code   RO         5785    i.nrf_uart_event_clear  nrfx_uart.o
    0x00031586   0x00031586   0x0000000c   Code   RO         5786    i.nrf_uart_int_enable_check  nrfx_uart.o
    0x00031592   0x00031592   0x0000000a   Code   RO         5970    i.nrf_uarte_event_check  nrfx_uarte.o
    0x0003159c   0x0003159c   0x0000000c   Code   RO         5971    i.nrf_uarte_event_clear  nrfx_uarte.o
    0x000315a8   0x000315a8   0x00000010   Code   RO         4811    i.nrf_wdt_started   nrf_drv_clock.o
    0x000315b8   0x000315b8   0x0000002c   Code   RO         5222    i.nrfx_clock_enable  nrfx_clock.o
    0x000315e4   0x000315e4   0x00000020   Code   RO         5225    i.nrfx_clock_init   nrfx_clock.o
    0x00031604   0x00031604   0x00000030   Code   RO         5228    i.nrfx_clock_lfclk_stop  nrfx_clock.o
    0x00031634   0x00031634   0x00000010   Code   RO         6617    i.nrfx_coredep_delay_us  drv_rtc.o
    0x00031644   0x00031644   0x000000a0   Code   RO         5371    i.nrfx_gpiote_in_event_enable  nrfx_gpiote.o
    0x000316e4   0x000316e4   0x000000cc   Code   RO         5373    i.nrfx_gpiote_in_init  nrfx_gpiote.o
    0x000317b0   0x000317b0   0x00000014   Code   RO         5374    i.nrfx_gpiote_in_is_set  nrfx_gpiote.o
    0x000317c4   0x000317c4   0x00000074   Code   RO         5376    i.nrfx_gpiote_init  nrfx_gpiote.o
    0x00031838   0x00031838   0x00000014   Code   RO         5377    i.nrfx_gpiote_is_init  nrfx_gpiote.o
    0x0003184c   0x0003184c   0x00000010   Code   RO         5972    i.nrfx_is_in_ram    nrfx_uarte.o
    0x0003185c   0x0003185c   0x0000003a   Code   RO         5660    i.nrfx_prs_acquire  nrfx_prs.o
    0x00031896   0x00031896   0x00000012   Code   RO         5661    i.nrfx_prs_release  nrfx_prs.o
    0x000318a8   0x000318a8   0x00000038   Code   RO         4955    i.nrfx_rng_handler  nrf_drv_rng.o
    0x000318e0   0x000318e0   0x00000058   Code   RO         5714    i.nrfx_rng_init     nrfx_rng.o
    0x00031938   0x00031938   0x00000020   Code   RO         5715    i.nrfx_rng_start    nrfx_rng.o
    0x00031958   0x00031958   0x00000014   Code   RO         5716    i.nrfx_rng_stop     nrfx_rng.o
    0x0003196c   0x0003196c   0x00000030   Code   RO         5717    i.nrfx_rng_uninit   nrfx_rng.o
    0x0003199c   0x0003199c   0x00000010   Code   RO         5787    i.nrfx_uart_0_irq_handler  nrfx_uart.o
    0x000319ac   0x000319ac   0x000000d4   Code   RO         5789    i.nrfx_uart_init    nrfx_uart.o
    0x00031a80   0x00031a80   0x000000a8   Code   RO         5795    i.nrfx_uart_tx      nrfx_uart.o
    0x00031b28   0x00031b28   0x00000020   Code   RO         5797    i.nrfx_uart_tx_in_progress  nrfx_uart.o
    0x00031b48   0x00031b48   0x000000c0   Code   RO         5798    i.nrfx_uart_uninit  nrfx_uart.o
    0x00031c08   0x00031c08   0x00000010   Code   RO         5973    i.nrfx_uarte_0_irq_handler  nrfx_uarte.o
    0x00031c18   0x00031c18   0x0000006c   Code   RO         5975    i.nrfx_uarte_init   nrfx_uarte.o
    0x00031c84   0x00031c84   0x000000ac   Code   RO         5979    i.nrfx_uarte_tx     nrfx_uarte.o
    0x00031d30   0x00031d30   0x0000001c   Code   RO         5981    i.nrfx_uarte_tx_in_progress  nrfx_uarte.o
    0x00031d4c   0x00031d4c   0x00000108   Code   RO         5982    i.nrfx_uarte_uninit  nrfx_uarte.o
    0x00031e54   0x00031e54   0x00000018   Code   RO         9498    i.nvmc_config       system_nrf52.o
    0x00031e6c   0x00031e6c   0x00000004   Code   RO         4375    i.oberon_vector_generate  oberon_backend_ecc.o
    0x00031e70   0x00031e70   0x00000138   Code   RO         1127    i.on_characteristic_discovery_rsp  ble_db_discovery.o
    0x00031fa8   0x00031fa8   0x000000a8   Code   RO         1745    i.on_connected_evt  nrf_ble_gatt.o
    0x00032050   0x00032050   0x000000da   Code   RO         1128    i.on_descriptor_discovery_rsp  ble_db_discovery.o
    0x0003212a   0x0003212a   0x00000002   PAD
    0x0003212c   0x0003212c   0x00000100   Code   RO         1928    i.on_dhkey_request  nrf_ble_lesc.o
    0x0003222c   0x0003222c   0x000000ac   Code   RO         1746    i.on_exchange_mtu_request_evt  nrf_ble_gatt.o
    0x000322d8   0x000322d8   0x00000072   Code   RO         3609    i.on_hvx            ble_hrs_c.o
    0x0003234a   0x0003234a   0x00000002   PAD
    0x0003234c   0x0003234c   0x000000c0   Code   RO         1129    i.on_primary_srv_discovery_rsp  ble_db_discovery.o
    0x0003240c   0x0003240c   0x0000009c   Code   RO         1130    i.on_srv_disc_completion  ble_db_discovery.o
    0x000324a8   0x000324a8   0x00000024   Code   RO         6798    i.page_identify     fds.o
    0x000324cc   0x000324cc   0x0000001c   Code   RO         6799    i.page_offsets_update  fds.o
    0x000324e8   0x000324e8   0x0000006c   Code   RO         6800    i.page_scan         fds.o
    0x00032554   0x00032554   0x0000001c   Code   RO         6801    i.page_tag_write_data  fds.o
    0x00032570   0x00032570   0x00000024   Code   RO         6802    i.page_tag_write_swap  fds.o
    0x00032594   0x00032594   0x00000130   Code   RO         6803    i.pages_init        fds.o
    0x000326c4   0x000326c4   0x0000000c   Code   RO         3201    i.pairing           security_dispatcher.o
    0x000326d0   0x000326d0   0x00000074   Code   RO         3202    i.pairing_failure   security_dispatcher.o
    0x00032744   0x00032744   0x0000002e   Code   RO         3203    i.pairing_success_evt_send  security_dispatcher.o
    0x00032772   0x00032772   0x00000006   Code   RO         3360    i.params_reply_pending_handle  security_manager.o
    0x00032778   0x00032778   0x00000020   Code   RO         3361    i.params_req_send   security_manager.o
    0x00032798   0x00032798   0x0000001c   Code   RO         2532    i.pdb_evt_send      peer_database.o
    0x000327b4   0x000327b4   0x00000090   Code   RO         2533    i.pdb_init          peer_database.o
    0x00032844   0x00032844   0x0000007c   Code   RO         2534    i.pdb_pds_evt_handler  peer_database.o
    0x000328c0   0x000328c0   0x00000006   Code   RO         2535    i.pdb_peer_data_ptr_get  peer_database.o
    0x000328c6   0x000328c6   0x00000002   PAD
    0x000328c8   0x000328c8   0x0000008c   Code   RO         2536    i.pdb_peer_free     peer_database.o
    0x00032954   0x00032954   0x000000dc   Code   RO         2537    i.pdb_write_buf_get  peer_database.o
    0x00032a30   0x00032a30   0x00000014   Code   RO         2538    i.pdb_write_buf_release  peer_database.o
    0x00032a44   0x00032a44   0x00000036   Code   RO         2539    i.pdb_write_buf_store  peer_database.o
    0x00032a7a   0x00032a7a   0x00000002   PAD
    0x00032a7c   0x00032a7c   0x00000010   Code   RO         2394    i.pds_evt_send      peer_data_storage.o
    0x00032a8c   0x00032a8c   0x000000dc   Code   RO         2395    i.pds_init          peer_data_storage.o
    0x00032b68   0x00032b68   0x00000004   Code   RO         2396    i.pds_next_deleted_peer_id_get  peer_data_storage.o
    0x00032b6c   0x00032b6c   0x00000004   Code   RO         2397    i.pds_next_peer_id_get  peer_data_storage.o
    0x00032b70   0x00032b70   0x00000058   Code   RO         2400    i.pds_peer_data_iterate  peer_data_storage.o
    0x00032bc8   0x00032bc8   0x00000010   Code   RO         2401    i.pds_peer_data_iterate_prepare  peer_data_storage.o
    0x00032bd8   0x00032bd8   0x00000072   Code   RO         2402    i.pds_peer_data_read  peer_data_storage.o
    0x00032c4a   0x00032c4a   0x00000002   PAD
    0x00032c4c   0x00032c4c   0x000000b4   Code   RO         2403    i.pds_peer_data_store  peer_data_storage.o
    0x00032d00   0x00032d00   0x00000008   Code   RO         2404    i.pds_peer_id_allocate  peer_data_storage.o
    0x00032d08   0x00032d08   0x00000016   Code   RO         2405    i.pds_peer_id_free  peer_data_storage.o
    0x00032d1e   0x00032d1e   0x00000004   Code   RO         2406    i.pds_peer_id_is_allocated  peer_data_storage.o
    0x00032d22   0x00032d22   0x00000004   Code   RO         2407    i.pds_peer_id_is_deleted  peer_data_storage.o
    0x00032d26   0x00032d26   0x00000002   PAD
    0x00032d28   0x00032d28   0x000000a8   Code   RO         2408    i.peer_data_delete_process  peer_data_storage.o
    0x00032dd0   0x00032dd0   0x00000030   Code   RO         2409    i.peer_data_find    peer_data_storage.o
    0x00032e00   0x00032e00   0x00000024   Code   RO         2410    i.peer_data_id_is_valid  peer_data_storage.o
    0x00032e24   0x00032e24   0x0000001a   Code   RO         2540    i.peer_data_point_to_buffer  peer_database.o
    0x00032e3e   0x00032e3e   0x00000002   PAD
    0x00032e40   0x00032e40   0x0000000c   Code   RO         2653    i.peer_id_allocate  peer_id.o
    0x00032e4c   0x00032e4c   0x00000024   Code   RO         2654    i.peer_id_delete    peer_id.o
    0x00032e70   0x00032e70   0x0000001c   Code   RO         2655    i.peer_id_free      peer_id.o
    0x00032e8c   0x00032e8c   0x0000000c   Code   RO         2656    i.peer_id_get_next_deleted  peer_id.o
    0x00032e98   0x00032e98   0x00000030   Code   RO         2657    i.peer_id_get_next_used  peer_id.o
    0x00032ec8   0x00032ec8   0x0000000c   Code   RO         2658    i.peer_id_init      peer_id.o
    0x00032ed4   0x00032ed4   0x00000014   Code   RO         2659    i.peer_id_is_allocated  peer_id.o
    0x00032ee8   0x00032ee8   0x00000014   Code   RO         2660    i.peer_id_is_deleted  peer_id.o
    0x00032efc   0x00032efc   0x0000006c   Code   RO           12    i.peer_manager_init  main.o
    0x00032f68   0x00032f68   0x000000c0   Code   RO         1592    i.peers_id_keys_get  id_manager.o
    0x00033028   0x00033028   0x0000001c   Code   RO         5395    i.pin_configured_set  nrfx_gpiote.o
    0x00033044   0x00033044   0x00000018   Code   RO         5396    i.pin_in_use_by_port  nrfx_gpiote.o
    0x0003305c   0x0003305c   0x00000018   Code   RO         5397    i.pin_in_use_by_te  nrfx_gpiote.o
    0x00033074   0x00033074   0x00000064   Code   RO         3145    i.pm_buffer_block_acquire  pm_buffer.o
    0x000330d8   0x000330d8   0x00000024   Code   RO         3146    i.pm_buffer_init    pm_buffer.o
    0x000330fc   0x000330fc   0x00000028   Code   RO         3147    i.pm_buffer_ptr_get  pm_buffer.o
    0x00033124   0x00033124   0x00000032   Code   RO         3148    i.pm_buffer_release  pm_buffer.o
    0x00033156   0x00033156   0x00000002   PAD
    0x00033158   0x00033158   0x00000014   Code   RO         2747    i.pm_conn_sec_status_get  peer_manager.o
    0x0003316c   0x0003316c   0x0000001c   Code   RO         2748    i.pm_conn_secure    peer_manager.o
    0x00033188   0x00033188   0x00000014   Code   RO         2749    i.pm_device_identities_list_set  peer_manager.o
    0x0003319c   0x0003319c   0x0000001e   Code   RO           13    i.pm_evt_handler    main.o
    0x000331ba   0x000331ba   0x00000004   Code   RO         2750    i.pm_gcm_evt_handler  peer_manager.o
    0x000331be   0x000331be   0x00000004   Code   RO         2751    i.pm_gscm_evt_handler  peer_manager.o
    0x000331c2   0x000331c2   0x00000002   PAD
    0x000331c4   0x000331c4   0x00000244   Code   RO         3051    i.pm_handler_flash_clean  peer_manager_handler.o
    0x00033408   0x00033408   0x0000001c   Code   RO         3052    i.pm_handler_flash_clean_on_return  peer_manager_handler.o
    0x00033424   0x00033424   0x00000054   Code   RO         3053    i.pm_handler_on_pm_evt  peer_manager_handler.o
    0x00033478   0x00033478   0x00000310   Code   RO         3054    i.pm_handler_pm_evt_log  peer_manager_handler.o
    0x00033788   0x00033788   0x00000004   Code   RO         2754    i.pm_im_evt_handler  peer_manager.o
    0x0003378c   0x0003378c   0x000001bc   Code   RO         2755    i.pm_init           peer_manager.o
    0x00033948   0x00033948   0x00000028   Code   RO         2758    i.pm_next_peer_id_get  peer_manager.o
    0x00033970   0x00033970   0x00000118   Code   RO         2759    i.pm_pdb_evt_handler  peer_manager.o
    0x00033a88   0x00033a88   0x00000014   Code   RO         2770    i.pm_peer_delete    peer_manager.o
    0x00033a9c   0x00033a9c   0x0000011c   Code   RO         2774    i.pm_peer_rank_highest  peer_manager.o
    0x00033bb8   0x00033bb8   0x000000e8   Code   RO         2775    i.pm_peer_ranks_get  peer_manager.o
    0x00033ca0   0x00033ca0   0x00000094   Code   RO         2776    i.pm_peers_delete   peer_manager.o
    0x00033d34   0x00033d34   0x0000002c   Code   RO         2779    i.pm_register       peer_manager.o
    0x00033d60   0x00033d60   0x00000014   Code   RO         2781    i.pm_sec_params_set  peer_manager.o
    0x00033d74   0x00033d74   0x0000000a   Code   RO         2782    i.pm_sm_evt_handler  peer_manager.o
    0x00033d7e   0x00033d7e   0x00000002   PAD
    0x00033d80   0x00033d80   0x0000002c   Code   RO         2783    i.pm_whitelist_get  peer_manager.o
    0x00033dac   0x00033dac   0x00000014   Code   RO         2784    i.pm_whitelist_set  peer_manager.o
    0x00033dc0   0x00033dc0   0x000000b4   Code   RO         5398    i.port_event_handle  nrfx_gpiote.o
    0x00033e74   0x00033e74   0x00000010   Code   RO         5399    i.port_handler_polarity_get  nrfx_gpiote.o
    0x00033e84   0x00033e84   0x0000003c   Code   RO         8612    i.postfix_process   nrf_log_str_formatter.o
    0x00033ec0   0x00033ec0   0x00000098   Code   RO         8613    i.prefix_process    nrf_log_str_formatter.o
    0x00033f58   0x00033f58   0x00000018   Code   RO         5662    i.prs_box_get       nrfx_prs.o
    0x00033f70   0x00033f70   0x0000001c   Code   RO         6804    i.queue_buf_get     fds.o
    0x00033f8c   0x00033f8c   0x00000010   Code   RO         6805    i.queue_buf_store   fds.o
    0x00033f9c   0x00033f9c   0x00000014   Code   RO         7697    i.queue_free        nrf_fstorage_sd.o
    0x00033fb0   0x00033fb0   0x00000118   Code   RO         1844    i.queue_process     nrf_ble_gq.o
    0x000340c8   0x000340c8   0x000000a4   Code   RO         6806    i.queue_process     fds.o
    0x0003416c   0x0003416c   0x000000a0   Code   RO         7698    i.queue_process     nrf_fstorage_sd.o
    0x0003420c   0x0003420c   0x00000064   Code   RO         7965    i.queue_read        nrf_queue.o
    0x00034270   0x00034270   0x0000001c   Code   RO         6807    i.queue_start       fds.o
    0x0003428c   0x0003428c   0x00000024   Code   RO         7699    i.queue_start       nrf_fstorage_sd.o
    0x000342b0   0x000342b0   0x00000018   Code   RO         7966    i.queue_utilization_get  nrf_queue.o
    0x000342c8   0x000342c8   0x00000058   Code   RO         1845    i.queues_purge      nrf_ble_gq.o
    0x00034320   0x00034320   0x0000001c   Code   RO         3057    i.rank_highest      peer_manager_handler.o
    0x0003433c   0x0003433c   0x00000034   Code   RO         2785    i.rank_vars_update  peer_manager.o
    0x00034370   0x00034370   0x0000000e   Code   RO         7700    i.read              nrf_fstorage_sd.o
    0x0003437e   0x0003437e   0x00000002   PAD
    0x00034380   0x00034380   0x000000a8   Code   RO         2541    i.reattempt_previous_operations  peer_database.o
    0x00034428   0x00034428   0x00000090   Code   RO         6808    i.record_find       fds.o
    0x000344b8   0x000344b8   0x000000a0   Code   RO         6809    i.record_find_by_desc  fds.o
    0x00034558   0x00034558   0x0000005c   Code   RO         6810    i.record_find_next  fds.o
    0x000345b4   0x000345b4   0x0000003c   Code   RO         6811    i.record_header_flag_dirty  fds.o
    0x000345f0   0x000345f0   0x00000088   Code   RO         6812    i.records_stat      fds.o
    0x00034678   0x00034678   0x00000038   Code   RO         1131    i.registered_handler_get  ble_db_discovery.o
    0x000346b0   0x000346b0   0x00000010   Code   RO         2662    i.release           peer_id.o
    0x000346c0   0x000346c0   0x00000048   Code   RO         1846    i.request_err_code_handle  nrf_ble_gq.o
    0x00034708   0x00034708   0x000000b4   Code   RO         1847    i.request_process   nrf_ble_gq.o
    0x000347bc   0x000347bc   0x00000022   Code   RO         4740    i.result_get        nrf_hw_backend_rng_mbedtls.o
    0x000347de   0x000347de   0x00000004   Code   RO         7701    i.rmap              nrf_fstorage_sd.o
    0x000347e2   0x000347e2   0x00000002   PAD
    0x000347e4   0x000347e4   0x0000005c   Code   RO         6369    i.rtc_irq           app_timer2.o
    0x00034840   0x00034840   0x00000064   Code   RO         6370    i.rtc_schedule      app_timer2.o
    0x000348a4   0x000348a4   0x00000074   Code   RO         6371    i.rtc_update        app_timer2.o
    0x00034918   0x00034918   0x00000032   Code   RO         5799    i.rx_byte           nrfx_uart.o
    0x0003494a   0x0003494a   0x00000016   Code   RO         5800    i.rx_done_event     nrfx_uart.o
    0x00034960   0x00034960   0x00000016   Code   RO         5983    i.rx_done_event     nrfx_uarte.o
    0x00034976   0x00034976   0x00000002   PAD
    0x00034978   0x00034978   0x00000024   Code   RO         1323    i.sc_send_pending_handle  gatt_cache_manager.o
    0x0003499c   0x0003499c   0x000000b0   Code   RO           14    i.scan_evt_handler  main.o
    0x00034a4c   0x00034a4c   0x0000009c   Code   RO           15    i.scan_init         main.o
    0x00034ae8   0x00034ae8   0x00000064   Code   RO           16    i.scan_start        main.o
    0x00034b4c   0x00034b4c   0x00000050   Code   RO           17    i.scanning_start    main.o
    0x00034b9c   0x00034b9c   0x00000058   Code   RO         4812    i.sd_state_evt_handler  nrf_drv_clock.o
    0x00034bf4   0x00034bf4   0x00000050   Code   RO         4956    i.sd_state_evt_handler  nrf_drv_rng.o
    0x00034c44   0x00034c44   0x00000030   Code   RO         9033    i.sdh_request_observer_notify  nrf_sdh.o
    0x00034c74   0x00034c74   0x0000002c   Code   RO         9034    i.sdh_state_observer_notify  nrf_sdh.o
    0x00034ca0   0x00034ca0   0x000000d8   Code   RO         3204    i.sec_info_request_process  security_dispatcher.o
    0x00034d78   0x00034d78   0x000000f4   Code   RO         3205    i.sec_keyset_fill   security_dispatcher.o
    0x00034e6c   0x00034e6c   0x00000076   Code   RO         3362    i.sec_params_verify  security_manager.o
    0x00034ee2   0x00034ee2   0x00000002   PAD
    0x00034ee4   0x00034ee4   0x00000060   Code   RO         3206    i.sec_proc_start    security_dispatcher.o
    0x00034f44   0x00034f44   0x0000000c   Code   RO         3207    i.sec_procedure     security_dispatcher.o
    0x00034f50   0x00034f50   0x0000005c   Code   RO         3363    i.sec_req_process   security_manager.o
    0x00034fac   0x00034fac   0x00000022   Code   RO         3208    i.send_config_req   security_dispatcher.o
    0x00034fce   0x00034fce   0x00000002   PAD
    0x00034fd0   0x00034fd0   0x00000028   Code   RO         1324    i.send_unexpected_error  gatt_cache_manager.o
    0x00034ff8   0x00034ff8   0x00000028   Code   RO         3209    i.send_unexpected_error  security_dispatcher.o
    0x00035020   0x00035020   0x00000040   Code   RO         8317    i.serial_tx         nrf_log_backend_uart.o
    0x00035060   0x00035060   0x00000014   Code   RO         1325    i.service_changed_pending_flags_check  gatt_cache_manager.o
    0x00035074   0x00035074   0x00000094   Code   RO         1484    i.service_changed_pending_set  gatts_cache_manager.o
    0x00035108   0x00035108   0x00000168   Code   RO         1326    i.service_changed_send_in_evt  gatt_cache_manager.o
    0x00035270   0x00035270   0x00000004   Code   RO           18    i.service_error_handler  main.o
    0x00035274   0x00035274   0x00000020   Code   RO           19    i.shutdown_handler  main.o
    0x00035294   0x00035294   0x0000007c   Code   RO         7884    i.shutdown_process  nrf_pwr_mgmt.o
    0x00035310   0x00035310   0x00000034   Code   RO         3364    i.sm_ble_evt_handler  security_manager.o
    0x00035344   0x00035344   0x000000a2   Code   RO         3366    i.sm_conn_sec_status_get  security_manager.o
    0x000353e6   0x000353e6   0x00000002   PAD
    0x000353e8   0x000353e8   0x00000060   Code   RO         3367    i.sm_init           security_manager.o
    0x00035448   0x00035448   0x0000000a   Code   RO         3369    i.sm_link_secure    security_manager.o
    0x00035452   0x00035452   0x00000002   PAD
    0x00035454   0x00035454   0x00000044   Code   RO         3370    i.sm_pdb_evt_handler  security_manager.o
    0x00035498   0x00035498   0x00000028   Code   RO         3371    i.sm_sec_is_sufficient  security_manager.o
    0x000354c0   0x000354c0   0x00000034   Code   RO         3373    i.sm_sec_params_set  security_manager.o
    0x000354f4   0x000354f4   0x0000002c   Code   RO         3374    i.sm_smd_evt_handler  security_manager.o
    0x00035520   0x00035520   0x00000118   Code   RO         3210    i.smd_ble_evt_handler  security_dispatcher.o
    0x00035638   0x00035638   0x00000068   Code   RO         3212    i.smd_init          security_dispatcher.o
    0x000356a0   0x000356a0   0x0000003a   Code   RO         3213    i.smd_link_secure   security_dispatcher.o
    0x000356da   0x000356da   0x00000002   PAD
    0x000356dc   0x000356dc   0x000000ac   Code   RO         3214    i.smd_params_reply  security_dispatcher.o
    0x00035788   0x00035788   0x0000003c   Code   RO         3375    i.smd_params_reply_perform  security_manager.o
    0x000357c4   0x000357c4   0x00000020   Code   RO           20    i.soc_evt_handler   main.o
    0x000357e4   0x000357e4   0x00000018   Code   RO         4813    i.soc_evt_handler   nrf_drv_clock.o
    0x000357fc   0x000357fc   0x00000040   Code   RO         9035    i.softdevice_evt_irq_disable  nrf_sdh.o
    0x0003583c   0x0003583c   0x00000058   Code   RO         9036    i.softdevices_evt_irq_enable  nrf_sdh.o
    0x00035894   0x00035894   0x0000000c   Code   RO         6372    i.sortlist_pop      app_timer2.o
    0x000358a0   0x000358a0   0x00000030   Code   RO         6132    i.state_set         app_button.o
    0x000358d0   0x000358d0   0x00000094   Code   RO         8447    i.std_n             nrf_log_frontend.o
    0x00035964   0x00035964   0x0000006c   Code   RO         1327    i.store_car_value   gatt_cache_manager.o
    0x000359d0   0x000359d0   0x00000058   Code   RO         6373    i.timer_expire      app_timer2.o
    0x00035a28   0x00035a28   0x00000078   Code   RO         6374    i.timer_req_process  app_timer2.o
    0x00035aa0   0x00035aa0   0x00000038   Code   RO         6375    i.timer_req_schedule  app_timer2.o
    0x00035ad8   0x00035ad8   0x00000018   Code   RO         6133    i.timer_start       app_button.o
    0x00035af0   0x00035af0   0x00000020   Code   RO         5802    i.tx_byte           nrfx_uart.o
    0x00035b10   0x00035b10   0x0000001a   Code   RO         5803    i.tx_done_event     nrfx_uart.o
    0x00035b2a   0x00035b2a   0x0000001a   Code   RO         5984    i.tx_done_event     nrfx_uarte.o
    0x00035b44   0x00035b44   0x00000030   Code   RO         5025    i.uart_evt_handler  nrf_drv_uart.o
    0x00035b74   0x00035b74   0x0000000c   Code   RO         8318    i.uart_evt_handler  nrf_log_backend_uart.o
    0x00035b80   0x00035b80   0x00000050   Code   RO         8319    i.uart_init         nrf_log_backend_uart.o
    0x00035bd0   0x00035bd0   0x0000012a   Code   RO         5804    i.uart_irq_handler  nrfx_uart.o
    0x00035cfa   0x00035cfa   0x00000002   PAD
    0x00035cfc   0x00035cfc   0x00000030   Code   RO         5026    i.uarte_evt_handler  nrf_drv_uart.o
    0x00035d2c   0x00035d2c   0x00000112   Code   RO         5985    i.uarte_irq_handler  nrfx_uarte.o
    0x00035e3e   0x00035e3e   0x00000002   PAD
    0x00035e40   0x00035e40   0x00000020   Code   RO         7702    i.uninit            nrf_fstorage_sd.o
    0x00035e60   0x00035e60   0x000000b4   Code   RO         7566    i.unsigned_print    nrf_fprintf_format.o
    0x00035f14   0x00035f14   0x00000030   Code   RO         1328    i.update_pending_flags_check  gatt_cache_manager.o
    0x00035f44   0x00035f44   0x0000000c   Code   RO          959    i.user_flag_is_acquired  ble_conn_state.o
    0x00035f50   0x00035f50   0x00000020   Code   RO         6134    i.usr_event         app_button.o
    0x00035f70   0x00035f70   0x0000003a   Code   RO          591    i.wakeup_button_cfg  bsp.o
    0x00035faa   0x00035faa   0x00000058   Code   RO           21    i.whitelist_load    main.o
    0x00036002   0x00036002   0x00000004   Code   RO         7703    i.wmap              nrf_fstorage_sd.o
    0x00036006   0x00036006   0x00000002   PAD
    0x00036008   0x00036008   0x00000050   Code   RO         7704    i.write             nrf_fstorage_sd.o
    0x00036058   0x00036058   0x0000014c   Code   RO         2542    i.write_buf_store   peer_database.o
    0x000361a4   0x000361a4   0x00000034   Code   RO         2543    i.write_buffer_record_find  peer_database.o
    0x000361d8   0x000361d8   0x00000030   Code   RO         2544    i.write_buffer_record_find_next  peer_database.o
    0x00036208   0x00036208   0x0000001c   Code   RO         2545    i.write_buffer_record_invalidate  peer_database.o
    0x00036224   0x00036224   0x0000002c   Code   RO         2546    i.write_buffer_record_release  peer_database.o
    0x00036250   0x00036250   0x000000f4   Code   RO         6813    i.write_enqueue     fds.o
    0x00036344   0x00036344   0x000000f8   Code   RO         6814    i.write_execute     fds.o
    0x0003643c   0x0003643c   0x00000018   Code   RO         6815    i.write_space_free  fds.o
    0x00036454   0x00036454   0x00000060   Code   RO         6816    i.write_space_reserve  fds.o
    0x000364b4   0x000364b4   0x00000014   Data   RO           27    .constdata          main.o
    0x000364c8   0x000364c8   0x0000001e   Data   RO           28    .constdata          main.o
    0x000364e6   0x000364e6   0x00000008   Data   RO          478    .constdata          boards.o
    0x000364ee   0x000364ee   0x00000002   PAD
    0x000364f0   0x000364f0   0x0000002c   Data   RO          596    .constdata          bsp.o
    0x0003651c   0x0003651c   0x0000007c   Data   RO         1133    .constdata          ble_db_discovery.o
    0x00036598   0x00036598   0x0000006c   Data   RO         1329    .constdata          gatt_cache_manager.o
    0x00036604   0x00036604   0x00000004   Data   RO         1485    .constdata          gatts_cache_manager.o
    0x00036608   0x00036608   0x00000010   Data   RO         1486    .constdata          gatts_cache_manager.o
    0x00036618   0x00036618   0x00000004   Data   RO         1487    .constdata          gatts_cache_manager.o
    0x0003661c   0x0003661c   0x00000008   Data   RO         1594    .constdata          id_manager.o
    0x00036624   0x00036624   0x00000016   Data   RO         1747    .constdata          nrf_ble_gatt.o
    0x0003663a   0x0003663a   0x00000002   PAD
    0x0003663c   0x0003663c   0x00000018   Data   RO         1848    .constdata          nrf_ble_gq.o
    0x00036654   0x00036654   0x00000018   Data   RO         2411    .constdata          peer_data_storage.o
    0x0003666c   0x0003666c   0x00000010   Data   RO         2548    .constdata          peer_database.o
    0x0003667c   0x0003667c   0x0000002c   Data   RO         2787    .constdata          peer_manager.o
    0x000366a8   0x000366a8   0x00000014   Data   RO         3060    .constdata          peer_manager_handler.o
    0x000366bc   0x000366bc   0x0000008c   Data   RO         3216    .constdata          security_dispatcher.o
    0x00036748   0x00036748   0x00000008   Data   RO         3376    .constdata          security_manager.o
    0x00036750   0x00036750   0x0000006c   Data   RO         3782    .constdata          nrf_crypto_ecc.o
    0x000367bc   0x000367bc   0x0000000c   Data   RO         3870    .constdata          nrf_crypto_ecdh.o
    0x000367c8   0x000367c8   0x0000000c   Data   RO         4376    .constdata          oberon_backend_ecc.o
    0x000367d4   0x000367d4   0x00000040   Data   RO         4379    .constdata          oberon_backend_ecc.o
    0x00036814   0x00036814   0x00000002   Data   RO         4959    .constdata          nrf_drv_rng.o
    0x00036816   0x00036816   0x00000002   PAD
    0x00036818   0x00036818   0x00000004   Data   RO         5401    .constdata          nrfx_gpiote.o
    0x0003681c   0x0003681c   0x00000004   Data   RO         5807    .constdata          nrfx_uart.o
    0x00036820   0x00036820   0x00000004   Data   RO         5988    .constdata          nrfx_uarte.o
    0x00036824   0x00036824   0x00000008   Data   RO         6137    .constdata          app_button.o
    0x0003682c   0x0003682c   0x00000014   Data   RO         6378    .constdata          app_timer2.o
    0x00036840   0x00036840   0x00000006   Data   RO         6618    .constdata          drv_rtc.o
    0x00036846   0x00036846   0x00000002   PAD
    0x00036848   0x00036848   0x00000018   Data   RO         6819    .constdata          fds.o
    0x00036860   0x00036860   0x00000010   Data   RO         7567    .constdata          nrf_fprintf_format.o
    0x00036870   0x00036870   0x0000005e   Data   RO         7613    .constdata          nrf_fstorage.o
    0x000368ce   0x000368ce   0x00000002   PAD
    0x000368d0   0x000368d0   0x00000010   Data   RO         7707    .constdata          nrf_fstorage_sd.o
    0x000368e0   0x000368e0   0x00000020   Data   RO         7708    .constdata          nrf_fstorage_sd.o
    0x00036900   0x00036900   0x00000018   Data   RO         7886    .constdata          nrf_pwr_mgmt.o
    0x00036918   0x00036918   0x0000000c   Data   RO         7887    .constdata          nrf_pwr_mgmt.o
    0x00036924   0x00036924   0x0000013c   Data   RO         8224    .constdata          nrf_strerror.o
    0x00036a60   0x00036a60   0x0000000c   Data   RO         8321    .constdata          nrf_log_backend_uart.o
    0x00036a6c   0x00036a6c   0x00000020   Data   RO         8322    .constdata          nrf_log_backend_uart.o
    0x00036a8c   0x00036a8c   0x0000000c   Data   RO         8452    .constdata          nrf_log_frontend.o
    0x00036a98   0x00036a98   0x00000010   Data   RO         9037    .constdata          nrf_sdh.o
    0x00036aa8   0x00036aa8   0x00000028   Data   RO         9038    .constdata          nrf_sdh.o
    0x00036ad0   0x00036ad0   0x00000010   Data   RO         9039    .constdata          nrf_sdh.o
    0x00036ae0   0x00036ae0   0x00000010   Data   RO         9040    .constdata          nrf_sdh.o
    0x00036af0   0x00036af0   0x00000020   Data   RO         9148    .constdata          nrf_sdh_ble.o
    0x00036b10   0x00036b10   0x00000010   Data   RO         9149    .constdata          nrf_sdh_ble.o
    0x00036b20   0x00036b20   0x00000010   Data   RO         9199    .constdata          nrf_sdh_soc.o
    0x00036b30   0x00036b30   0x0000000c   Data   RO         9200    .constdata          nrf_sdh_soc.o
    0x00036b3c   0x00036b3c   0x00002228   Data   RO         9251    .constdata          aes.o
    0x00038d64   0x00038d64   0x00000081   Data   RO         9753    .constdata          mc_w.l(ctype_o.o)
    0x00038de5   0x00038de5   0x00000003   PAD
    0x00038de8   0x00038de8   0x00000004   Data   RO         9754    .constdata          mc_w.l(ctype_o.o)
    0x00038dec   0x00038dec   0x00000056   Data   RO           29    .conststring        main.o
    0x00038e42   0x00038e42   0x00000002   PAD
    0x00038e44   0x00038e44   0x000000e9   Data   RO         1134    .conststring        ble_db_discovery.o
    0x00038f2d   0x00038f2d   0x00000003   PAD
    0x00038f30   0x00038f30   0x000001a4   Data   RO         1330    .conststring        gatt_cache_manager.o
    0x000390d4   0x000390d4   0x0000019c   Data   RO         1488    .conststring        gatts_cache_manager.o
    0x00039270   0x00039270   0x000000f0   Data   RO         1595    .conststring        id_manager.o
    0x00039360   0x00039360   0x000000a2   Data   RO         1748    .conststring        nrf_ble_gatt.o
    0x00039402   0x00039402   0x00000002   PAD
    0x00039404   0x00039404   0x0000004a   Data   RO         1849    .conststring        nrf_ble_gq.o
    0x0003944e   0x0003944e   0x00000002   PAD
    0x00039450   0x00039450   0x00000042   Data   RO         1930    .conststring        nrf_ble_lesc.o
    0x00039492   0x00039492   0x00000002   PAD
    0x00039494   0x00039494   0x000000e8   Data   RO         2412    .conststring        peer_data_storage.o
    0x0003957c   0x0003957c   0x00000180   Data   RO         2549    .conststring        peer_database.o
    0x000396fc   0x000396fc   0x00000090   Data   RO         2788    .conststring        peer_manager.o
    0x0003978c   0x0003978c   0x0000030f   Data   RO         3061    .conststring        peer_manager_handler.o
    0x00039a9b   0x00039a9b   0x00000001   PAD
    0x00039a9c   0x00039a9c   0x00000306   Data   RO         3217    .conststring        security_dispatcher.o
    0x00039da2   0x00039da2   0x00000002   PAD
    0x00039da4   0x00039da4   0x0000017b   Data   RO         3377    .conststring        security_manager.o
    0x00039f1f   0x00039f1f   0x00000001   PAD
    0x00039f20   0x00039f20   0x0000004f   Data   RO         7614    .conststring        nrf_fstorage.o
    0x00039f6f   0x00039f6f   0x00000001   PAD
    0x00039f70   0x00039f70   0x000003eb   Data   RO         8225    .conststring        nrf_strerror.o
    0x0003a35b   0x0003a35b   0x00000001   PAD
    0x0003a35c   0x0003a35c   0x00000066   Data   RO         8614    .conststring        nrf_log_str_formatter.o
    0x0003a3c2   0x0003a3c2   0x00000002   PAD
    0x0003a3c4   0x0003a3c4   0x000001cf   Data   RO         9150    .conststring        nrf_sdh_ble.o
    0x0003a593   0x0003a593   0x00000001   PAD
    0x0003a594   0x0003a594   0x0000000c   Data   RO         1135    .conststrlit        ble_db_discovery.o
    0x0003a5a0   0x0003a5a0   0x00000011   Data   RO         1331    .conststrlit        gatt_cache_manager.o
    0x0003a5b1   0x0003a5b1   0x00000003   PAD
    0x0003a5b4   0x0003a5b4   0x00000012   Data   RO         1489    .conststrlit        gatts_cache_manager.o
    0x0003a5c6   0x0003a5c6   0x00000002   PAD
    0x0003a5c8   0x0003a5c8   0x00000010   Data   RO         1596    .conststrlit        id_manager.o
    0x0003a5d8   0x0003a5d8   0x0000000d   Data   RO         1749    .conststrlit        nrf_ble_gatt.o
    0x0003a5e5   0x0003a5e5   0x00000003   PAD
    0x0003a5e8   0x0003a5e8   0x0000000b   Data   RO         1850    .conststrlit        nrf_ble_gq.o
    0x0003a5f3   0x0003a5f3   0x00000001   PAD
    0x0003a5f4   0x0003a5f4   0x0000000d   Data   RO         1931    .conststrlit        nrf_ble_lesc.o
    0x0003a601   0x0003a601   0x00000003   PAD
    0x0003a604   0x0003a604   0x00000009   Data   RO         2281    .conststrlit        nrf_ble_scan.o
    0x0003a60d   0x0003a60d   0x00000003   PAD
    0x0003a610   0x0003a610   0x00000011   Data   RO         2413    .conststrlit        peer_data_storage.o
    0x0003a621   0x0003a621   0x00000003   PAD
    0x0003a624   0x0003a624   0x00000011   Data   RO         2550    .conststrlit        peer_database.o
    0x0003a635   0x0003a635   0x00000003   PAD
    0x0003a638   0x0003a638   0x0000000d   Data   RO         2789    .conststrlit        peer_manager.o
    0x0003a645   0x0003a645   0x00000003   PAD
    0x0003a648   0x0003a648   0x00000015   Data   RO         3064    .conststrlit        peer_manager_handler.o
    0x0003a65d   0x0003a65d   0x00000003   PAD
    0x0003a660   0x0003a660   0x00000011   Data   RO         3218    .conststrlit        security_dispatcher.o
    0x0003a671   0x0003a671   0x00000003   PAD
    0x0003a674   0x0003a674   0x00000010   Data   RO         3378    .conststrlit        security_manager.o
    0x0003a684   0x0003a684   0x0000000a   Data   RO         3537    .conststrlit        ble_bas_c.o
    0x0003a68e   0x0003a68e   0x00000002   PAD
    0x0003a690   0x0003a690   0x0000000a   Data   RO         3610    .conststrlit        ble_hrs_c.o
    0x0003a69a   0x0003a69a   0x00000002   PAD
    0x0003a69c   0x0003a69c   0x00000006   Data   RO         4819    .conststrlit        nrf_drv_clock.o
    0x0003a6a2   0x0003a6a2   0x00000002   PAD
    0x0003a6a4   0x0003a6a4   0x00000004   Data   RO         4962    .conststrlit        nrf_drv_rng.o
    0x0003a6a8   0x0003a6a8   0x00000006   Data   RO         5232    .conststrlit        nrfx_clock.o
    0x0003a6ae   0x0003a6ae   0x00000002   PAD
    0x0003a6b0   0x0003a6b0   0x00000007   Data   RO         5405    .conststrlit        nrfx_gpiote.o
    0x0003a6b7   0x0003a6b7   0x00000001   PAD
    0x0003a6b8   0x0003a6b8   0x00000004   Data   RO         5664    .conststrlit        nrfx_prs.o
    0x0003a6bc   0x0003a6bc   0x00000004   Data   RO         5718    .conststrlit        nrfx_rng.o
    0x0003a6c0   0x0003a6c0   0x00000005   Data   RO         5810    .conststrlit        nrfx_uart.o
    0x0003a6c5   0x0003a6c5   0x00000003   PAD
    0x0003a6c8   0x0003a6c8   0x00000006   Data   RO         5991    .conststrlit        nrfx_uarte.o
    0x0003a6ce   0x0003a6ce   0x00000002   PAD
    0x0003a6d0   0x0003a6d0   0x0000000b   Data   RO         6138    .conststrlit        app_button.o
    0x0003a6db   0x0003a6db   0x00000001   PAD
    0x0003a6dc   0x0003a6dc   0x0000000a   Data   RO         6379    .conststrlit        app_timer2.o
    0x0003a6e6   0x0003a6e6   0x00000002   PAD
    0x0003a6e8   0x0003a6e8   0x00000009   Data   RO         7116    .conststrlit        mem_manager.o
    0x0003a6f1   0x0003a6f1   0x00000003   PAD
    0x0003a6f4   0x0003a6f4   0x0000000d   Data   RO         7615    .conststrlit        nrf_fstorage.o
    0x0003a701   0x0003a701   0x00000003   PAD
    0x0003a704   0x0003a704   0x00000009   Data   RO         7888    .conststrlit        nrf_pwr_mgmt.o
    0x0003a70d   0x0003a70d   0x00000003   PAD
    0x0003a710   0x0003a710   0x00000009   Data   RO         8171    .conststrlit        nrf_sortlist.o
    0x0003a719   0x0003a719   0x00000003   PAD
    0x0003a71c   0x0003a71c   0x00000011   Data   RO         8387    .conststrlit        nrf_log_default_backends.o
    0x0003a72d   0x0003a72d   0x00000003   PAD
    0x0003a730   0x0003a730   0x00000004   Data   RO         8453    .conststrlit        nrf_log_frontend.o
    0x0003a734   0x0003a734   0x00000008   Data   RO         9041    .conststrlit        nrf_sdh.o
    0x0003a73c   0x0003a73c   0x0000000c   Data   RO         9151    .conststrlit        nrf_sdh_ble.o
    0x0003a748   0x0003a748   0x0000000c   Data   RO         9201    .conststrlit        nrf_sdh_soc.o
    0x0003a754   0x0003a754   0x00000020   Data   RO         9575    .rodata.base        oberon_3.0.6.lib(ocrypto_curve25519.c.obj)
    0x0003a774   0x0003a774   0x00000040   Data   RO         9636    .rodata.base_point  oberon_3.0.6.lib(ocrypto_curve_p256.c.obj)
    0x0003a7b4   0x0003a7b4   0x00000004   PAD
    0x0003a7b8   0x0003a7b8   0x00000280   Data   RO         9616    .rodata.const_table  oberon_3.0.6.lib(ocrypto_sha512.c.obj)
    0x0003aa38   0x0003aa38   0x00000020   Data   RO         9637    .rodata.cq          oberon_3.0.6.lib(ocrypto_curve_p256.c.obj)
    0x0003aa58   0x0003aa58   0x00000020   Data   RO         9638    .rodata.inv_a       oberon_3.0.6.lib(ocrypto_curve_p256.c.obj)
    0x0003aa78   0x0003aa78   0x00000020   Data   RO         9713    .rodata.m           oberon_3.0.6.lib(ocrypto_sc25519.c.obj)
    0x0003aa98   0x0003aa98   0x00000640   Data   RO         9657    .rodata.ocrypto_ge25519_base_multiples  oberon_3.0.6.lib(ocrypto_ge25519.c.obj)
    0x0003b0d8   0x0003b0d8   0x00000020   Data   RO         9658    .rodata.ocrypto_ge25519_ec2d  oberon_3.0.6.lib(ocrypto_ge25519.c.obj)
    0x0003b0f8   0x0003b0f8   0x00000020   Data   RO         9639    .rodata.param_a     oberon_3.0.6.lib(ocrypto_curve_p256.c.obj)
    0x0003b118   0x0003b118   0x00000020   Data   RO         9640    .rodata.param_b     oberon_3.0.6.lib(ocrypto_curve_p256.c.obj)
    0x0003b138   0x0003b138   0x00000020   Data   RO         9701    .rodata.q           oberon_3.0.6.lib(ocrypto_sc_p256.c.obj)
    0x0003b158   0x0003b158   0x00000020   Data   RO         9641    .rodata.qp1         oberon_3.0.6.lib(ocrypto_curve_p256.c.obj)
    0x0003b178   0x0003b178   0x00000020   Data   RO         9820    Region$$Table       anon$$obj.o
    0x0003b198   0x0003b198   0x00000008   Data   RO         4688    crypto_data         nrf_hw_backend_init.o
    0x0003b1a0   0x0003b1a0   0x00000010   Data   RO         8389    log_backends        nrf_log_default_backends.o
    0x0003b1b0   0x0003b1b0   0x00000008   Data   RO         1137    log_const_data      ble_db_discovery.o
    0x0003b1b8   0x0003b1b8   0x00000008   Data   RO         1333    log_const_data      gatt_cache_manager.o
    0x0003b1c0   0x0003b1c0   0x00000008   Data   RO         1491    log_const_data      gatts_cache_manager.o
    0x0003b1c8   0x0003b1c8   0x00000008   Data   RO         1598    log_const_data      id_manager.o
    0x0003b1d0   0x0003b1d0   0x00000008   Data   RO         1750    log_const_data      nrf_ble_gatt.o
    0x0003b1d8   0x0003b1d8   0x00000008   Data   RO         1851    log_const_data      nrf_ble_gq.o
    0x0003b1e0   0x0003b1e0   0x00000008   Data   RO         1933    log_const_data      nrf_ble_lesc.o
    0x0003b1e8   0x0003b1e8   0x00000008   Data   RO         2282    log_const_data      nrf_ble_scan.o
    0x0003b1f0   0x0003b1f0   0x00000008   Data   RO         2415    log_const_data      peer_data_storage.o
    0x0003b1f8   0x0003b1f8   0x00000008   Data   RO         2552    log_const_data      peer_database.o
    0x0003b200   0x0003b200   0x00000008   Data   RO         2791    log_const_data      peer_manager.o
    0x0003b208   0x0003b208   0x00000008   Data   RO         3067    log_const_data      peer_manager_handler.o
    0x0003b210   0x0003b210   0x00000008   Data   RO         3220    log_const_data      security_dispatcher.o
    0x0003b218   0x0003b218   0x00000008   Data   RO         3380    log_const_data      security_manager.o
    0x0003b220   0x0003b220   0x00000008   Data   RO         3538    log_const_data      ble_bas_c.o
    0x0003b228   0x0003b228   0x00000008   Data   RO         3611    log_const_data      ble_hrs_c.o
    0x0003b230   0x0003b230   0x00000008   Data   RO         4820    log_const_data      nrf_drv_clock.o
    0x0003b238   0x0003b238   0x00000008   Data   RO         4964    log_const_data      nrf_drv_rng.o
    0x0003b240   0x0003b240   0x00000008   Data   RO         5234    log_const_data      nrfx_clock.o
    0x0003b248   0x0003b248   0x00000008   Data   RO         5406    log_const_data      nrfx_gpiote.o
    0x0003b250   0x0003b250   0x00000008   Data   RO         5666    log_const_data      nrfx_prs.o
    0x0003b258   0x0003b258   0x00000008   Data   RO         5720    log_const_data      nrfx_rng.o
    0x0003b260   0x0003b260   0x00000008   Data   RO         5811    log_const_data      nrfx_uart.o
    0x0003b268   0x0003b268   0x00000008   Data   RO         5992    log_const_data      nrfx_uarte.o
    0x0003b270   0x0003b270   0x00000008   Data   RO         6140    log_const_data      app_button.o
    0x0003b278   0x0003b278   0x00000008   Data   RO         6382    log_const_data      app_timer2.o
    0x0003b280   0x0003b280   0x00000008   Data   RO         7118    log_const_data      mem_manager.o
    0x0003b288   0x0003b288   0x00000008   Data   RO         7616    log_const_data      nrf_fstorage.o
    0x0003b290   0x0003b290   0x00000008   Data   RO         7890    log_const_data      nrf_pwr_mgmt.o
    0x0003b298   0x0003b298   0x00000008   Data   RO         8172    log_const_data      nrf_sortlist.o
    0x0003b2a0   0x0003b2a0   0x00000008   Data   RO         8457    log_const_data      nrf_log_frontend.o
    0x0003b2a8   0x0003b2a8   0x00000008   Data   RO         9043    log_const_data      nrf_sdh.o
    0x0003b2b0   0x0003b2b0   0x00000008   Data   RO         9153    log_const_data      nrf_sdh_ble.o
    0x0003b2b8   0x0003b2b8   0x00000008   Data   RO         9202    log_const_data      nrf_sdh_soc.o
    0x0003b2c0   0x0003b2c0   0x00000014   Data   RO           35    nrf_balloc          main.o
    0x0003b2d4   0x0003b2d4   0x00000014   Data   RO         8458    nrf_balloc          nrf_log_frontend.o
    0x0003b2e8   0x0003b2e8   0x00000014   Data   RO           36    nrf_queue           main.o
    0x0003b2fc   0x0003b2fc   0x00000014   Data   RO         4965    nrf_queue           nrf_drv_rng.o
    0x0003b310   0x0003b310   0x00000004   Data   RO           37    pwr_mgmt_data1      main.o
    0x0003b314   0x0003b314   0x00000008   Data   RO          961    sdh_ble_observers0  ble_conn_state.o
    0x0003b31c   0x0003b31c   0x00000020   Data   RO           38    sdh_ble_observers1  main.o
    0x0003b33c   0x0003b33c   0x00000008   Data   RO          699    sdh_ble_observers1  bsp_btn_ble.o
    0x0003b344   0x0003b344   0x00000008   Data   RO         2792    sdh_ble_observers1  peer_manager.o
    0x0003b34c   0x0003b34c   0x00000010   Data   RO           39    sdh_ble_observers2  main.o
    0x0003b35c   0x0003b35c   0x00000008   Data   RO           40    sdh_ble_observers3  main.o
    0x0003b364   0x0003b364   0x00000008   Data   RO         7710    sdh_req_observers0  nrf_fstorage_sd.o
    0x0003b36c   0x0003b36c   0x00000008   Data   RO         4821    sdh_soc_observers0  nrf_drv_clock.o
    0x0003b374   0x0003b374   0x00000008   Data   RO         7711    sdh_soc_observers0  nrf_fstorage_sd.o
    0x0003b37c   0x0003b37c   0x00000008   Data   RO           41    sdh_soc_observers1  main.o
    0x0003b384   0x0003b384   0x00000008   Data   RO         9154    sdh_stack_observers0  nrf_sdh_ble.o
    0x0003b38c   0x0003b38c   0x00000008   Data   RO         9203    sdh_stack_observers0  nrf_sdh_soc.o
    0x0003b394   0x0003b394   0x00000008   Data   RO         4822    sdh_state_observers0  nrf_drv_clock.o
    0x0003b39c   0x0003b39c   0x00000008   Data   RO         4966    sdh_state_observers0  nrf_drv_rng.o
    0x0003b3a4   0x0003b3a4   0x00000008   Data   RO         7712    sdh_state_observers0  nrf_fstorage_sd.o


    Execution Region RW_IRAM1 (Exec base: 0x20002b18, Load base: 0x0003b3ac, Size: 0x00003aa8, Max: 0x0000d4e8, ABSOLUTE, COMPRESSED[0x000000bc])

    Exec Addr    Load Addr    Size         Type   Attr      Idx    E Section Name        Object

    0x20002b18   COMPRESSED   0x00000002   Data   RW           30    .data               main.o
    0x20002b1a   COMPRESSED   0x00000002   PAD
    0x20002b1c   COMPRESSED   0x000005ec   Data   RW           31    .data               main.o
    0x20003108   COMPRESSED   0x00000004   Data   RW           32    .data               main.o
    0x2000310c   COMPRESSED   0x00000008   Data   RW           33    .data               main.o
    0x20003114   COMPRESSED   0x00000008   Data   RW           34    .data               main.o
    0x2000311c   COMPRESSED   0x00000010   Data   RW          597    .data               bsp.o
    0x2000312c   COMPRESSED   0x00000008   Data   RW          698    .data               bsp_btn_ble.o
    0x20003134   COMPRESSED   0x00000010   Data   RW         1136    .data               ble_db_discovery.o
    0x20003144   COMPRESSED   0x00000010   Data   RW         1332    .data               gatt_cache_manager.o
    0x20003154   COMPRESSED   0x0000000c   Data   RW         1490    .data               gatts_cache_manager.o
    0x20003160   COMPRESSED   0x00000001   Data   RW         1597    .data               id_manager.o
    0x20003161   COMPRESSED   0x00000003   PAD
    0x20003164   COMPRESSED   0x00000010   Data   RW         1932    .data               nrf_ble_lesc.o
    0x20003174   COMPRESSED   0x0000000c   Data   RW         2414    .data               peer_data_storage.o
    0x20003180   COMPRESSED   0x00000008   Data   RW         2551    .data               peer_database.o
    0x20003188   COMPRESSED   0x00000010   Data   RW         2790    .data               peer_manager.o
    0x20003198   COMPRESSED   0x00000060   Data   RW         3065    .data               peer_manager_handler.o
    0x200031f8   COMPRESSED   0x00000005   Data   RW         3219    .data               security_dispatcher.o
    0x200031fd   COMPRESSED   0x00000003   PAD
    0x20003200   COMPRESSED   0x00000011   Data   RW         3379    .data               security_manager.o
    0x20003211   COMPRESSED   0x00000001   Data   RW         4155    .data               nrf_crypto_init.o
    0x20003212   COMPRESSED   0x00000002   PAD
    0x20003214   COMPRESSED   0x0000000c   Data   RW         4209    .data               nrf_crypto_rng.o
    0x20003220   COMPRESSED   0x00000003   Data   RW         4963    .data               nrf_drv_rng.o
    0x20003223   COMPRESSED   0x00000001   PAD
    0x20003224   COMPRESSED   0x0000000c   Data   RW         5027    .data               nrf_drv_uart.o
    0x20003230   COMPRESSED   0x00000008   Data   RW         5233    .data               nrfx_clock.o
    0x20003238   COMPRESSED   0x00000008   Data   RW         5665    .data               nrfx_prs.o
    0x20003240   COMPRESSED   0x00000008   Data   RW         5719    .data               nrfx_rng.o
    0x20003248   COMPRESSED   0x00000018   Data   RW         6139    .data               app_button.o
    0x20003260   COMPRESSED   0x00000020   Data   RW         6380    .data               app_timer2.o
    0x20003280   COMPRESSED   0x00000004   Data   RW         6381    .data               app_timer2.o
    0x20003284   COMPRESSED   0x0000000c   Data   RW         6619    .data               drv_rtc.o
    0x20003290   COMPRESSED   0x00000030   Data   RW         6820    .data               fds.o
    0x200032c0   COMPRESSED   0x00000008   Data   RW         7709    .data               nrf_fstorage_sd.o
    0x200032c8   COMPRESSED   0x00000008   Data   RW         7889    .data               nrf_pwr_mgmt.o
    0x200032d0   COMPRESSED   0x00000018   Data   RW         8323    .data               nrf_log_backend_uart.o
    0x200032e8   COMPRESSED   0x00000008   Data   RW         8388    .data               nrf_log_default_backends.o
    0x200032f0   COMPRESSED   0x00000004   Data   RW         8454    .data               nrf_log_frontend.o
    0x200032f4   COMPRESSED   0x00000008   Data   RW         8455    .data               nrf_log_frontend.o
    0x200032fc   COMPRESSED   0x00000008   Data   RW         8456    .data               nrf_log_frontend.o
    0x20003304   COMPRESSED   0x00000040   Data   RW         8615    .data               nrf_log_str_formatter.o
    0x20003344   COMPRESSED   0x00000003   Data   RW         9042    .data               nrf_sdh.o
    0x20003347   COMPRESSED   0x00000001   Data   RW         9152    .data               nrf_sdh_ble.o
    0x20003348   COMPRESSED   0x00000004   Data   RW         9467    .data               platform_util.o
    0x2000334c   COMPRESSED   0x00000004   Data   RW         9500    .data               system_nrf52.o
    0x20003350   COMPRESSED   0x00000014   Data   RW         6821    fs_data             fds.o
    0x20003364        -       0x00000120   Zero   RW           22    .bss                main.o
    0x20003484        -       0x0000000c   Zero   RW           23    .bss                main.o
    0x20003490        -       0x0000000c   Zero   RW           24    .bss                main.o
    0x2000349c        -       0x000000c0   Zero   RW           25    .bss                main.o
    0x2000355c        -       0x000000b8   Zero   RW           26    .bss                main.o
    0x20003614   COMPRESSED   0x00000004   PAD
    0x20003618        -       0x00000020   Zero   RW          592    .bss                bsp.o
    0x20003638        -       0x00000020   Zero   RW          593    .bss                bsp.o
    0x20003658        -       0x0000000c   Zero   RW          594    .bss                bsp.o
    0x20003664   COMPRESSED   0x00000004   PAD
    0x20003668        -       0x00000020   Zero   RW          595    .bss                bsp.o
    0x20003688        -       0x0000007c   Zero   RW          960    .bss                ble_conn_state.o
    0x20003704        -       0x00000018   Zero   RW         1132    .bss                ble_db_discovery.o
    0x2000371c        -       0x000000d8   Zero   RW         1593    .bss                id_manager.o
    0x200037f4        -       0x00000163   Zero   RW         1929    .bss                nrf_ble_lesc.o
    0x20003957   COMPRESSED   0x00000001   PAD
    0x20003958        -       0x00000180   Zero   RW         2547    .bss                peer_database.o
    0x20003ad8        -       0x00000040   Zero   RW         2663    .bss                peer_id.o
    0x20003b18        -       0x0000000c   Zero   RW         2786    .bss                peer_manager.o
    0x20003b24        -       0x00000040   Zero   RW         3215    .bss                security_dispatcher.o
    0x20003b64        -       0x00000144   Zero   RW         4207    .bss                nrf_crypto_rng.o
    0x20003ca8        -       0x00000014   Zero   RW         4814    .bss                nrf_drv_clock.o
    0x20003cbc        -       0x00000041   Zero   RW         4957    .bss                nrf_drv_rng.o
    0x20003cfd   COMPRESSED   0x00000003   PAD
    0x20003d00        -       0x0000000c   Zero   RW         4958    .bss                nrf_drv_rng.o
    0x20003d0c        -       0x0000005c   Zero   RW         5400    .bss                nrfx_gpiote.o
    0x20003d68        -       0x0000002c   Zero   RW         5805    .bss                nrfx_uart.o
    0x20003d94        -       0x00000024   Zero   RW         5986    .bss                nrfx_uarte.o
    0x20003db8        -       0x00000020   Zero   RW         6135    .bss                app_button.o
    0x20003dd8        -       0x00000010   Zero   RW         6136    .bss                app_button.o
    0x20003de8        -       0x00000010   Zero   RW         6376    .bss                app_timer2.o
    0x20003df8        -       0x00000058   Zero   RW         6377    .bss                app_timer2.o
    0x20003e50        -       0x0000000c   Zero   RW         6506    .bss                app_util_platform.o
    0x20003e5c        -       0x00000010   Zero   RW         6817    .bss                fds.o
    0x20003e6c        -       0x000000e0   Zero   RW         6818    .bss                fds.o
    0x20003f4c        -       0x00000010   Zero   RW         7705    .bss                nrf_fstorage_sd.o
    0x20003f5c        -       0x000000a0   Zero   RW         7706    .bss                nrf_fstorage_sd.o
    0x20003ffc        -       0x0000000c   Zero   RW         7885    .bss                nrf_pwr_mgmt.o
    0x20004008        -       0x00000040   Zero   RW         8320    .bss                nrf_log_backend_uart.o
    0x20004048        -       0x000000c0   Zero   RW         8448    .bss                nrf_log_frontend.o
    0x20004108        -       0x00000080   Zero   RW         8449    .bss                nrf_log_frontend.o
    0x20004188        -       0x00000018   Zero   RW         8450    .bss                nrf_log_frontend.o
    0x200041a0        -       0x00000420   Zero   RW         8451    .bss                nrf_log_frontend.o
    0x200045c0        -       0x00002000   Zero   RW         9486    STACK               arm_startup_nrf52.o


==============================================================================

Image component sizes


      Code (inc. data)   RO Data    RW Data    ZI Data      Debug   Object Name

      2862         20       8744          0          0      19649   aes.o
       664         66         27         24         48      18050   app_button.o
        22          0          0          0          0       2533   app_error.o
       132         46          0          0          0      30825   app_error_weak.o
         0          0          0          0          0      37170   app_scheduler.o
       846         88         38         36        104      16985   app_timer2.o
       124         14          0          0         12      10666   app_util_platform.o
        36          8        512          0       8192        948   arm_startup_nrf52.o
         0          0          0          0          0        392   auth_status_tracker.o
       320          0          0          0          0      45451   ble_advdata.o
       514         12         18          0          0      11954   ble_bas_c.o
       828         66          8          0        124      19201   ble_conn_state.o
      1966        156        377         16         24      30791   ble_db_discovery.o
       454          4         18          0          0      47017   ble_hrs_c.o
       358         40          8          0          0      14703   boards.o
       998         84         44         16        108      16251   bsp.o
       252         10          8          8          0       4924   bsp_btn_ble.o
       954          0          0          0          0      10746   ctr_drbg.o
       704         76          6         12          0      48929   drv_rtc.o
      3872        348         24         68        240      50002   fds.o
      2152        552        553         16          0      34335   gatt_cache_manager.o
       686         84        462         12          0      16867   gatts_cache_manager.o
      1546         70        272          1        216      20346   id_manager.o
      2210        626        244       1538        688     185352   main.o
         0          0         17          0          0       5565   mem_manager.o
       342          0          0          0          0       6870   nrf_atfifo.o
       170          0          0          0          0       4920   nrf_atflags.o
       332          0          0          0          0      10402   nrf_atomic.o
       164          0          0          0          0       3712   nrf_balloc.o
       926        272        205          0          0      37455   nrf_ble_gatt.o
      1122        114        117          0          0      11283   nrf_ble_gq.o
      1288        608         87         16        355      45103   nrf_ble_lesc.o
      1468         44         17          0          0      18329   nrf_ble_scan.o
       458         26        108          0          0      10534   nrf_crypto_ecc.o
       160         10         12          0          0       2878   nrf_crypto_ecdh.o
        92         20          0          1          0       3010   nrf_crypto_init.o
       766        130          0         12        324      11569   nrf_crypto_rng.o
       312         36         30          0         20      43848   nrf_drv_clock.o
       416         42         42          3         77       6800   nrf_drv_rng.o
       200         26          0         12          0      18028   nrf_drv_uart.o
        50          0          0          0          0       3609   nrf_fprintf.o
       866          4         16          0          0       6654   nrf_fprintf_format.o
      1052        442        194          0          0       9083   nrf_fstorage.o
       798         82         72          8        176      16371   nrf_fstorage_sd.o
        12          0          8          0          0       2417   nrf_hw_backend_init.o
       152          6          0          0          0       7747   nrf_hw_backend_rng_mbedtls.o
       200          0          0          0          0      11689   nrf_log_backend_serial.o
       232         44         44         24         64      16146   nrf_log_backend_uart.o
        28          4         33          8          0       3405   nrf_log_default_backends.o
      1544        128         44         20       1400      32773   nrf_log_frontend.o
       570        108        102         64          0       5780   nrf_log_str_formatter.o
       346          0          0          0          0       9751   nrf_memobj.o
       292         42         53          8         12      41822   nrf_pwr_mgmt.o
       640          0          0          0          0      10142   nrf_queue.o
        28          0          0          0          0       2423   nrf_ringbuf.o
       560         60        104          3          0      45500   nrf_sdh.o
       728        234        539          1          0       6049   nrf_sdh_ble.o
        60          4         56          0          0       2528   nrf_sdh_soc.o
        78          0          0          0          0       2864   nrf_section_iter.o
        84          0         17          0          0       4233   nrf_sortlist.o
        76         10       1319          0          0       2823   nrf_strerror.o
       242         32         14          8          0      47296   nrfx_clock.o
      1268        106         19          0         92      66305   nrfx_gpiote.o
       112         16         12          8          0       4608   nrfx_prs.o
       228         56         12          8          0      10784   nrfx_rng.o
      1310         42         17          0         44      27537   nrfx_uart.o
      1312         42         18          0         36      26411   nrfx_uarte.o
       326          4         76          0          0      36932   oberon_backend_ecc.o
        38          0          0          0          0       2845   oberon_backend_ecdh.o
      1176        144        281         12          0      17159   peer_data_storage.o
      1434        260        425          8        384      19866   peer_database.o
       314         38          0          0         64       9407   peer_id.o
      1802        476        217         16         12      23585   peer_manager.o
      1824        842        832         96          0       9548   peer_manager_handler.o
        20          4          0          4          0       1791   platform_util.o
       234          0          0          0          0       5567   pm_buffer.o
      2262        284        939          5         64      30999   security_dispatcher.o
      1384        116        411         17          0      55162   security_manager.o
       752         78          0          4          0      32701   system_nrf52.o

    ----------------------------------------------------------------------
     55260       7406      17996       2124      12892    1606705   Object Totals
         0          0         32          0          0          0   (incl. Generated)
       110          0         92         11         12          0   (incl. Padding)

    ----------------------------------------------------------------------

      Code (inc. data)   RO Data    RW Data    ZI Data      Debug   Library Member Name

        86          0          0          0          0          0   __dczerorl2.o
         8          4        133          0          0         68   ctype_o.o
         0          0          0          0          0          0   entry.o
         0          0          0          0          0          0   entry10a.o
         0          0          0          0          0          0   entry11a.o
         8          4          0          0          0          0   entry2.o
         4          0          0          0          0          0   entry5.o
         0          0          0          0          0          0   entry7b.o
         0          0          0          0          0          0   entry8b.o
         8          4          0          0          0          0   entry9a.o
        30          0          0          0          0          0   handlers.o
        36          8          0          0          0         68   init.o
        30          0          0          0          0         68   llshl.o
        32          0          0          0          0         68   llushr.o
        26          0          0          0          0         80   memcmp.o
        40          0          0          0          0         76   memcpy.o
        36          0          0          0          0        108   memseta.o
        28          0          0          0          0         76   strcmp.o
        14          0          0          0          0         68   strlen.o
        98          0          0          0          0         92   uldiv.o
      1012          0          0          0          0          0   ocrypto_bigint256.s.obj
        92          0          0          0          0          0   ocrypto_constant_time.s.obj
       436          4         32          0          0          0   ocrypto_curve25519.c.obj
      1036         32        224          0          0          0   ocrypto_curve_p256.c.obj
        96          0          0          0          0          0   ocrypto_ecdh_p256.c.obj
        72          0          0          0          0          0   ocrypto_ed25519.c.obj
      1116         12       1632          0          0          0   ocrypto_ge25519.c.obj
       708          0          0          0          0          0   ocrypto_mod25519.c.obj
      1012          0          0          0          0          0   ocrypto_mod25519_base.s.obj
       512          0          0          0          0          0   ocrypto_mod_p256.c.obj
      1172          0          0          0          0          0   ocrypto_mod_p256_base.s.obj
       264          4         32          0          0          0   ocrypto_sc25519.c.obj
        84          4         32          0          0          0   ocrypto_sc_p256.c.obj
      2152         88        640          0          0          0   ocrypto_sha512.c.obj
       716          0          0          0          0          0   ocrypto_sha512_loop.c.obj

    ----------------------------------------------------------------------
     10968        164       2732          0          0        772   Library Totals
         4          0          7          0          0          0   (incl. Padding)

    ----------------------------------------------------------------------

      Code (inc. data)   RO Data    RW Data    ZI Data      Debug   Library Name

       484         20        133          0          0        772   mc_w.l
     10480        144       2592          0          0          0   oberon_3.0.6.lib

    ----------------------------------------------------------------------
     10968        164       2732          0          0        772   Library Totals

    ----------------------------------------------------------------------

==============================================================================


      Code (inc. data)   RO Data    RW Data    ZI Data      Debug   

     66228       7570      20728       2124      12892    1541001   Grand Totals
     66228       7570      20728        188      12892    1541001   ELF Image Totals (compressed)
     66228       7570      20728        188          0          0   ROM Totals

==============================================================================

    Total RO  Size (Code + RO Data)                86956 (  84.92kB)
    Total RW  Size (RW Data + ZI Data)             15016 (  14.66kB)
    Total ROM Size (Code + RO Data + RW Data)      87144 (  85.10kB)

==============================================================================

